<?xml version="1.0" encoding="ISO-8859-1" ?>
<link_info>
   <banner>TI ARM Linker Unix v20.2.7.LTS</banner>
   <copyright>Copyright (c) 1996-2018 Texas Instruments Incorporated</copyright>
   <link_time>0x6a12ad4c</link_time>
   <link_errors>0x0</link_errors>
   <output_file>practica-TIVA-2026.out</output_file>
   <entry_point>
      <name>_c_int00_noargs</name>
      <address>0x1953d</address>
   </entry_point>
   <input_file_list>
      <input_file id="fl-2">
         <path>./</path>
         <kind>object</kind>
         <file>commands.obj</file>
         <name>commands.obj</name>
      </input_file>
      <input_file id="fl-3">
         <path>./</path>
         <kind>object</kind>
         <file>crc.obj</file>
         <name>crc.obj</name>
      </input_file>
      <input_file id="fl-4">
         <path>./</path>
         <kind>object</kind>
         <file>main.obj</file>
         <name>main.obj</name>
      </input_file>
      <input_file id="fl-5">
         <path>./</path>
         <kind>object</kind>
         <file>serial2USBprotocol.obj</file>
         <name>serial2USBprotocol.obj</name>
      </input_file>
      <input_file id="fl-6">
         <path>./</path>
         <kind>object</kind>
         <file>startup_ccs.obj</file>
         <name>startup_ccs.obj</name>
      </input_file>
      <input_file id="fl-7">
         <path>./</path>
         <kind>object</kind>
         <file>usb_dev_serial.obj</file>
         <name>usb_dev_serial.obj</name>
      </input_file>
      <input_file id="fl-8">
         <path>./</path>
         <kind>object</kind>
         <file>usb_serial_structs.obj</file>
         <name>usb_serial_structs.obj</name>
      </input_file>
      <input_file id="fl-9">
         <path>./FreeRTOS/Source/</path>
         <kind>object</kind>
         <file>croutine.obj</file>
         <name>croutine.obj</name>
      </input_file>
      <input_file id="fl-a">
         <path>./FreeRTOS/Source/</path>
         <kind>object</kind>
         <file>event_groups.obj</file>
         <name>event_groups.obj</name>
      </input_file>
      <input_file id="fl-b">
         <path>./FreeRTOS/Source/</path>
         <kind>object</kind>
         <file>list.obj</file>
         <name>list.obj</name>
      </input_file>
      <input_file id="fl-c">
         <path>./FreeRTOS/Source/</path>
         <kind>object</kind>
         <file>queue.obj</file>
         <name>queue.obj</name>
      </input_file>
      <input_file id="fl-d">
         <path>./FreeRTOS/Source/</path>
         <kind>object</kind>
         <file>stream_buffer.obj</file>
         <name>stream_buffer.obj</name>
      </input_file>
      <input_file id="fl-e">
         <path>./FreeRTOS/Source/</path>
         <kind>object</kind>
         <file>tasks.obj</file>
         <name>tasks.obj</name>
      </input_file>
      <input_file id="fl-f">
         <path>./FreeRTOS/Source/</path>
         <kind>object</kind>
         <file>timers.obj</file>
         <name>timers.obj</name>
      </input_file>
      <input_file id="fl-10">
         <path>./FreeRTOS/Source/portable/CCS/ARM_CM4F/</path>
         <kind>object</kind>
         <file>port.obj</file>
         <name>port.obj</name>
      </input_file>
      <input_file id="fl-11">
         <path>./FreeRTOS/Source/portable/CCS/ARM_CM4F/</path>
         <kind>object</kind>
         <file>portasm.obj</file>
         <name>portasm.obj</name>
      </input_file>
      <input_file id="fl-12">
         <path>./FreeRTOS/Source/portable/MemMang/</path>
         <kind>object</kind>
         <file>heap_4.obj</file>
         <name>heap_4.obj</name>
      </input_file>
      <input_file id="fl-13">
         <path>./driverlib/</path>
         <kind>object</kind>
         <file>adc.obj</file>
         <name>adc.obj</name>
      </input_file>
      <input_file id="fl-14">
         <path>./driverlib/</path>
         <kind>object</kind>
         <file>aes.obj</file>
         <name>aes.obj</name>
      </input_file>
      <input_file id="fl-15">
         <path>./driverlib/</path>
         <kind>object</kind>
         <file>can.obj</file>
         <name>can.obj</name>
      </input_file>
      <input_file id="fl-16">
         <path>./driverlib/</path>
         <kind>object</kind>
         <file>comp.obj</file>
         <name>comp.obj</name>
      </input_file>
      <input_file id="fl-17">
         <path>./driverlib/</path>
         <kind>object</kind>
         <file>cpu.obj</file>
         <name>cpu.obj</name>
      </input_file>
      <input_file id="fl-18">
         <path>./driverlib/</path>
         <kind>object</kind>
         <file>crc.obj</file>
         <name>crc.obj</name>
      </input_file>
      <input_file id="fl-19">
         <path>./driverlib/</path>
         <kind>object</kind>
         <file>des.obj</file>
         <name>des.obj</name>
      </input_file>
      <input_file id="fl-1a">
         <path>./driverlib/</path>
         <kind>object</kind>
         <file>eeprom.obj</file>
         <name>eeprom.obj</name>
      </input_file>
      <input_file id="fl-1b">
         <path>./driverlib/</path>
         <kind>object</kind>
         <file>emac.obj</file>
         <name>emac.obj</name>
      </input_file>
      <input_file id="fl-1c">
         <path>./driverlib/</path>
         <kind>object</kind>
         <file>epi.obj</file>
         <name>epi.obj</name>
      </input_file>
      <input_file id="fl-1d">
         <path>./driverlib/</path>
         <kind>object</kind>
         <file>epi_workaround_ccs.obj</file>
         <name>epi_workaround_ccs.obj</name>
      </input_file>
      <input_file id="fl-1e">
         <path>./driverlib/</path>
         <kind>object</kind>
         <file>flash.obj</file>
         <name>flash.obj</name>
      </input_file>
      <input_file id="fl-1f">
         <path>./driverlib/</path>
         <kind>object</kind>
         <file>fpu.obj</file>
         <name>fpu.obj</name>
      </input_file>
      <input_file id="fl-20">
         <path>./driverlib/</path>
         <kind>object</kind>
         <file>gpio.obj</file>
         <name>gpio.obj</name>
      </input_file>
      <input_file id="fl-21">
         <path>./driverlib/</path>
         <kind>object</kind>
         <file>hibernate.obj</file>
         <name>hibernate.obj</name>
      </input_file>
      <input_file id="fl-22">
         <path>./driverlib/</path>
         <kind>object</kind>
         <file>i2c.obj</file>
         <name>i2c.obj</name>
      </input_file>
      <input_file id="fl-23">
         <path>./driverlib/</path>
         <kind>object</kind>
         <file>interrupt.obj</file>
         <name>interrupt.obj</name>
      </input_file>
      <input_file id="fl-24">
         <path>./driverlib/</path>
         <kind>object</kind>
         <file>lcd.obj</file>
         <name>lcd.obj</name>
      </input_file>
      <input_file id="fl-25">
         <path>./driverlib/</path>
         <kind>object</kind>
         <file>mpu.obj</file>
         <name>mpu.obj</name>
      </input_file>
      <input_file id="fl-26">
         <path>./driverlib/</path>
         <kind>object</kind>
         <file>onewire.obj</file>
         <name>onewire.obj</name>
      </input_file>
      <input_file id="fl-27">
         <path>./driverlib/</path>
         <kind>object</kind>
         <file>pwm.obj</file>
         <name>pwm.obj</name>
      </input_file>
      <input_file id="fl-28">
         <path>./driverlib/</path>
         <kind>object</kind>
         <file>qei.obj</file>
         <name>qei.obj</name>
      </input_file>
      <input_file id="fl-29">
         <path>./driverlib/</path>
         <kind>object</kind>
         <file>shamd5.obj</file>
         <name>shamd5.obj</name>
      </input_file>
      <input_file id="fl-2a">
         <path>./driverlib/</path>
         <kind>object</kind>
         <file>ssi.obj</file>
         <name>ssi.obj</name>
      </input_file>
      <input_file id="fl-2b">
         <path>./driverlib/</path>
         <kind>object</kind>
         <file>sw_crc.obj</file>
         <name>sw_crc.obj</name>
      </input_file>
      <input_file id="fl-2c">
         <path>./driverlib/</path>
         <kind>object</kind>
         <file>sysctl.obj</file>
         <name>sysctl.obj</name>
      </input_file>
      <input_file id="fl-2d">
         <path>./driverlib/</path>
         <kind>object</kind>
         <file>sysexc.obj</file>
         <name>sysexc.obj</name>
      </input_file>
      <input_file id="fl-2e">
         <path>./driverlib/</path>
         <kind>object</kind>
         <file>systick.obj</file>
         <name>systick.obj</name>
      </input_file>
      <input_file id="fl-2f">
         <path>./driverlib/</path>
         <kind>object</kind>
         <file>timer.obj</file>
         <name>timer.obj</name>
      </input_file>
      <input_file id="fl-30">
         <path>./driverlib/</path>
         <kind>object</kind>
         <file>uart.obj</file>
         <name>uart.obj</name>
      </input_file>
      <input_file id="fl-31">
         <path>./driverlib/</path>
         <kind>object</kind>
         <file>udma.obj</file>
         <name>udma.obj</name>
      </input_file>
      <input_file id="fl-32">
         <path>./driverlib/</path>
         <kind>object</kind>
         <file>usb.obj</file>
         <name>usb.obj</name>
      </input_file>
      <input_file id="fl-33">
         <path>./driverlib/</path>
         <kind>object</kind>
         <file>watchdog.obj</file>
         <name>watchdog.obj</name>
      </input_file>
      <input_file id="fl-34">
         <path>./drivers/</path>
         <kind>object</kind>
         <file>buttons.obj</file>
         <name>buttons.obj</name>
      </input_file>
      <input_file id="fl-35">
         <path>./drivers/</path>
         <kind>object</kind>
         <file>rgb.obj</file>
         <name>rgb.obj</name>
      </input_file>
      <input_file id="fl-36">
         <path>./usblib/device/</path>
         <kind>object</kind>
         <file>usbdaudio.obj</file>
         <name>usbdaudio.obj</name>
      </input_file>
      <input_file id="fl-37">
         <path>./usblib/device/</path>
         <kind>object</kind>
         <file>usbdbulk.obj</file>
         <name>usbdbulk.obj</name>
      </input_file>
      <input_file id="fl-38">
         <path>./usblib/device/</path>
         <kind>object</kind>
         <file>usbdcdc.obj</file>
         <name>usbdcdc.obj</name>
      </input_file>
      <input_file id="fl-39">
         <path>./usblib/device/</path>
         <kind>object</kind>
         <file>usbdcdesc.obj</file>
         <name>usbdcdesc.obj</name>
      </input_file>
      <input_file id="fl-3a">
         <path>./usblib/device/</path>
         <kind>object</kind>
         <file>usbdcomp.obj</file>
         <name>usbdcomp.obj</name>
      </input_file>
      <input_file id="fl-3b">
         <path>./usblib/device/</path>
         <kind>object</kind>
         <file>usbdconfig.obj</file>
         <name>usbdconfig.obj</name>
      </input_file>
      <input_file id="fl-3c">
         <path>./usblib/device/</path>
         <kind>object</kind>
         <file>usbddfu-rt.obj</file>
         <name>usbddfu-rt.obj</name>
      </input_file>
      <input_file id="fl-3d">
         <path>./usblib/device/</path>
         <kind>object</kind>
         <file>usbdenum.obj</file>
         <name>usbdenum.obj</name>
      </input_file>
      <input_file id="fl-3e">
         <path>./usblib/device/</path>
         <kind>object</kind>
         <file>usbdhandler.obj</file>
         <name>usbdhandler.obj</name>
      </input_file>
      <input_file id="fl-3f">
         <path>./usblib/device/</path>
         <kind>object</kind>
         <file>usbdhid.obj</file>
         <name>usbdhid.obj</name>
      </input_file>
      <input_file id="fl-40">
         <path>./usblib/device/</path>
         <kind>object</kind>
         <file>usbdhidgamepad.obj</file>
         <name>usbdhidgamepad.obj</name>
      </input_file>
      <input_file id="fl-41">
         <path>./usblib/device/</path>
         <kind>object</kind>
         <file>usbdhidkeyb.obj</file>
         <name>usbdhidkeyb.obj</name>
      </input_file>
      <input_file id="fl-42">
         <path>./usblib/device/</path>
         <kind>object</kind>
         <file>usbdhidmouse.obj</file>
         <name>usbdhidmouse.obj</name>
      </input_file>
      <input_file id="fl-43">
         <path>./usblib/device/</path>
         <kind>object</kind>
         <file>usbdmsc.obj</file>
         <name>usbdmsc.obj</name>
      </input_file>
      <input_file id="fl-44">
         <path>./usblib/host/</path>
         <kind>object</kind>
         <file>usbhaudio.obj</file>
         <name>usbhaudio.obj</name>
      </input_file>
      <input_file id="fl-45">
         <path>./usblib/host/</path>
         <kind>object</kind>
         <file>usbhhid.obj</file>
         <name>usbhhid.obj</name>
      </input_file>
      <input_file id="fl-46">
         <path>./usblib/host/</path>
         <kind>object</kind>
         <file>usbhhidkeyboard.obj</file>
         <name>usbhhidkeyboard.obj</name>
      </input_file>
      <input_file id="fl-47">
         <path>./usblib/host/</path>
         <kind>object</kind>
         <file>usbhhidmouse.obj</file>
         <name>usbhhidmouse.obj</name>
      </input_file>
      <input_file id="fl-48">
         <path>./usblib/host/</path>
         <kind>object</kind>
         <file>usbhhub.obj</file>
         <name>usbhhub.obj</name>
      </input_file>
      <input_file id="fl-49">
         <path>./usblib/host/</path>
         <kind>object</kind>
         <file>usbhmsc.obj</file>
         <name>usbhmsc.obj</name>
      </input_file>
      <input_file id="fl-4a">
         <path>./usblib/host/</path>
         <kind>object</kind>
         <file>usbhostenum.obj</file>
         <name>usbhostenum.obj</name>
      </input_file>
      <input_file id="fl-4b">
         <path>./usblib/host/</path>
         <kind>object</kind>
         <file>usbhscsi.obj</file>
         <name>usbhscsi.obj</name>
      </input_file>
      <input_file id="fl-4c">
         <path>./usblib/</path>
         <kind>object</kind>
         <file>usbbuffer.obj</file>
         <name>usbbuffer.obj</name>
      </input_file>
      <input_file id="fl-4d">
         <path>./usblib/</path>
         <kind>object</kind>
         <file>usbdesc.obj</file>
         <name>usbdesc.obj</name>
      </input_file>
      <input_file id="fl-4e">
         <path>./usblib/</path>
         <kind>object</kind>
         <file>usbdma.obj</file>
         <name>usbdma.obj</name>
      </input_file>
      <input_file id="fl-4f">
         <path>./usblib/</path>
         <kind>object</kind>
         <file>usbkeyboardmap.obj</file>
         <name>usbkeyboardmap.obj</name>
      </input_file>
      <input_file id="fl-50">
         <path>./usblib/</path>
         <kind>object</kind>
         <file>usbmode.obj</file>
         <name>usbmode.obj</name>
      </input_file>
      <input_file id="fl-51">
         <path>./usblib/</path>
         <kind>object</kind>
         <file>usbringbuf.obj</file>
         <name>usbringbuf.obj</name>
      </input_file>
      <input_file id="fl-52">
         <path>./usblib/</path>
         <kind>object</kind>
         <file>usbtick.obj</file>
         <name>usbtick.obj</name>
      </input_file>
      <input_file id="fl-53">
         <path>./usblib/</path>
         <kind>object</kind>
         <file>usbulpi.obj</file>
         <name>usbulpi.obj</name>
      </input_file>
      <input_file id="fl-54">
         <path>./utils/</path>
         <kind>object</kind>
         <file>RunTimeStatsConfig.obj</file>
         <name>RunTimeStatsConfig.obj</name>
      </input_file>
      <input_file id="fl-55">
         <path>./utils/</path>
         <kind>object</kind>
         <file>cmdline.obj</file>
         <name>cmdline.obj</name>
      </input_file>
      <input_file id="fl-56">
         <path>./utils/</path>
         <kind>object</kind>
         <file>cpu_usage.obj</file>
         <name>cpu_usage.obj</name>
      </input_file>
      <input_file id="fl-57">
         <path>./utils/</path>
         <kind>object</kind>
         <file>uartstdioMod.obj</file>
         <name>uartstdioMod.obj</name>
      </input_file>
      <input_file id="fl-5b">
         <kind>object</kind>
         <file>&lt;internal&gt;</file>
         <name>&lt;internal&gt;</name>
      </input_file>
      <input_file id="fl-111">
         <path>/opt/ti/ccs1240/ccs/tools/compiler/ti-cgt-arm_20.2.7.LTS/lib/</path>
         <kind>archive</kind>
         <file>rtsv7M4_T_le_v4SPD16_eabi.lib</file>
         <name>sprintf.c.obj</name>
      </input_file>
      <input_file id="fl-112">
         <path>/opt/ti/ccs1240/ccs/tools/compiler/ti-cgt-arm_20.2.7.LTS/lib/</path>
         <kind>archive</kind>
         <file>rtsv7M4_T_le_v4SPD16_eabi.lib</file>
         <name>fd_add_t2.asm.obj</name>
      </input_file>
      <input_file id="fl-113">
         <path>/opt/ti/ccs1240/ccs/tools/compiler/ti-cgt-arm_20.2.7.LTS/lib/</path>
         <kind>archive</kind>
         <file>rtsv7M4_T_le_v4SPD16_eabi.lib</file>
         <name>fd_div_t2.asm.obj</name>
      </input_file>
      <input_file id="fl-114">
         <path>/opt/ti/ccs1240/ccs/tools/compiler/ti-cgt-arm_20.2.7.LTS/lib/</path>
         <kind>archive</kind>
         <file>rtsv7M4_T_le_v4SPD16_eabi.lib</file>
         <name>fd_mul_t2.asm.obj</name>
      </input_file>
      <input_file id="fl-115">
         <path>/opt/ti/ccs1240/ccs/tools/compiler/ti-cgt-arm_20.2.7.LTS/lib/</path>
         <kind>archive</kind>
         <file>rtsv7M4_T_le_v4SPD16_eabi.lib</file>
         <name>fd_tos_t2.asm.obj</name>
      </input_file>
      <input_file id="fl-116">
         <path>/opt/ti/ccs1240/ccs/tools/compiler/ti-cgt-arm_20.2.7.LTS/lib/</path>
         <kind>archive</kind>
         <file>rtsv7M4_T_le_v4SPD16_eabi.lib</file>
         <name>fs_toull_t2.asm.obj</name>
      </input_file>
      <input_file id="fl-117">
         <path>/opt/ti/ccs1240/ccs/tools/compiler/ti-cgt-arm_20.2.7.LTS/lib/</path>
         <kind>archive</kind>
         <file>rtsv7M4_T_le_v4SPD16_eabi.lib</file>
         <name>memcpy_t2.asm.obj</name>
      </input_file>
      <input_file id="fl-118">
         <path>/opt/ti/ccs1240/ccs/tools/compiler/ti-cgt-arm_20.2.7.LTS/lib/</path>
         <kind>archive</kind>
         <file>rtsv7M4_T_le_v4SPD16_eabi.lib</file>
         <name>u_tofd_t2.asm.obj</name>
      </input_file>
      <input_file id="fl-119">
         <path>/opt/ti/ccs1240/ccs/tools/compiler/ti-cgt-arm_20.2.7.LTS/lib/</path>
         <kind>archive</kind>
         <file>rtsv7M4_T_le_v4SPD16_eabi.lib</file>
         <name>memset_t2.asm.obj</name>
      </input_file>
      <input_file id="fl-11a">
         <path>/opt/ti/ccs1240/ccs/tools/compiler/ti-cgt-arm_20.2.7.LTS/lib/</path>
         <kind>archive</kind>
         <file>rtsv7M4_T_le_v4SPD16_eabi.lib</file>
         <name>u_divt2.asm.obj</name>
      </input_file>
      <input_file id="fl-11b">
         <path>/opt/ti/ccs1240/ccs/tools/compiler/ti-cgt-arm_20.2.7.LTS/lib/</path>
         <kind>archive</kind>
         <file>rtsv7M4_T_le_v4SPD16_eabi.lib</file>
         <name>copy_zero_init.c.obj</name>
      </input_file>
      <input_file id="fl-11c">
         <path>/opt/ti/ccs1240/ccs/tools/compiler/ti-cgt-arm_20.2.7.LTS/lib/</path>
         <kind>archive</kind>
         <file>rtsv7M4_T_le_v4SPD16_eabi.lib</file>
         <name>copy_decompress_none.c.obj</name>
      </input_file>
      <input_file id="fl-11d">
         <path>/opt/ti/ccs1240/ccs/tools/compiler/ti-cgt-arm_20.2.7.LTS/lib/</path>
         <kind>archive</kind>
         <file>rtsv7M4_T_le_v4SPD16_eabi.lib</file>
         <name>copy_decompress_lzss.c.obj</name>
      </input_file>
      <input_file id="fl-11e">
         <path>/opt/ti/ccs1240/ccs/tools/compiler/ti-cgt-arm_20.2.7.LTS/lib/</path>
         <kind>archive</kind>
         <file>rtsv7M4_T_le_v4SPD16_eabi.lib</file>
         <name>rand.c.obj</name>
      </input_file>
      <input_file id="fl-11f">
         <path>/opt/ti/ccs1240/ccs/tools/compiler/ti-cgt-arm_20.2.7.LTS/lib/</path>
         <kind>archive</kind>
         <file>rtsv7M4_T_le_v4SPD16_eabi.lib</file>
         <name>strcmp.c.obj</name>
      </input_file>
      <input_file id="fl-120">
         <path>/opt/ti/ccs1240/ccs/tools/compiler/ti-cgt-arm_20.2.7.LTS/lib/</path>
         <kind>archive</kind>
         <file>rtsv7M4_T_le_v4SPD16_eabi.lib</file>
         <name>strcpy.c.obj</name>
      </input_file>
      <input_file id="fl-121">
         <path>/opt/ti/ccs1240/ccs/tools/compiler/ti-cgt-arm_20.2.7.LTS/lib/</path>
         <kind>archive</kind>
         <file>rtsv7M4_T_le_v4SPD16_eabi.lib</file>
         <name>strlen.c.obj</name>
      </input_file>
      <input_file id="fl-122">
         <path>/opt/ti/ccs1240/ccs/tools/compiler/ti-cgt-arm_20.2.7.LTS/lib/</path>
         <kind>archive</kind>
         <file>rtsv7M4_T_le_v4SPD16_eabi.lib</file>
         <name>boot_cortex_m.c.obj</name>
      </input_file>
      <input_file id="fl-123">
         <path>/opt/ti/ccs1240/ccs/tools/compiler/ti-cgt-arm_20.2.7.LTS/lib/</path>
         <kind>archive</kind>
         <file>rtsv7M4_T_le_v4SPD16_eabi.lib</file>
         <name>_printfi.c.obj</name>
      </input_file>
      <input_file id="fl-124">
         <path>/opt/ti/ccs1240/ccs/tools/compiler/ti-cgt-arm_20.2.7.LTS/lib/</path>
         <kind>archive</kind>
         <file>rtsv7M4_T_le_v4SPD16_eabi.lib</file>
         <name>div0.asm.obj</name>
      </input_file>
      <input_file id="fl-125">
         <path>/opt/ti/ccs1240/ccs/tools/compiler/ti-cgt-arm_20.2.7.LTS/lib/</path>
         <kind>archive</kind>
         <file>rtsv7M4_T_le_v4SPD16_eabi.lib</file>
         <name>fd_cmp_t2.asm.obj</name>
      </input_file>
      <input_file id="fl-126">
         <path>/opt/ti/ccs1240/ccs/tools/compiler/ti-cgt-arm_20.2.7.LTS/lib/</path>
         <kind>archive</kind>
         <file>rtsv7M4_T_le_v4SPD16_eabi.lib</file>
         <name>fd_toi_t2.asm.obj</name>
      </input_file>
      <input_file id="fl-127">
         <path>/opt/ti/ccs1240/ccs/tools/compiler/ti-cgt-arm_20.2.7.LTS/lib/</path>
         <kind>archive</kind>
         <file>rtsv7M4_T_le_v4SPD16_eabi.lib</file>
         <name>i_tofd_t2.asm.obj</name>
      </input_file>
      <input_file id="fl-128">
         <path>/opt/ti/ccs1240/ccs/tools/compiler/ti-cgt-arm_20.2.7.LTS/lib/</path>
         <kind>archive</kind>
         <file>rtsv7M4_T_le_v4SPD16_eabi.lib</file>
         <name>ull_div_t2.asm.obj</name>
      </input_file>
      <input_file id="fl-129">
         <path>/opt/ti/ccs1240/ccs/tools/compiler/ti-cgt-arm_20.2.7.LTS/lib/</path>
         <kind>archive</kind>
         <file>rtsv7M4_T_le_v4SPD16_eabi.lib</file>
         <name>autoinit.c.obj</name>
      </input_file>
      <input_file id="fl-12a">
         <path>/opt/ti/ccs1240/ccs/tools/compiler/ti-cgt-arm_20.2.7.LTS/lib/</path>
         <kind>archive</kind>
         <file>rtsv7M4_T_le_v4SPD16_eabi.lib</file>
         <name>pre_init.c.obj</name>
      </input_file>
      <input_file id="fl-12b">
         <path>/opt/ti/ccs1240/ccs/tools/compiler/ti-cgt-arm_20.2.7.LTS/lib/</path>
         <kind>archive</kind>
         <file>rtsv7M4_T_le_v4SPD16_eabi.lib</file>
         <name>cpy_tbl.c.obj</name>
      </input_file>
      <input_file id="fl-12c">
         <path>/opt/ti/ccs1240/ccs/tools/compiler/ti-cgt-arm_20.2.7.LTS/lib/</path>
         <kind>archive</kind>
         <file>rtsv7M4_T_le_v4SPD16_eabi.lib</file>
         <name>exit.c.obj</name>
      </input_file>
      <input_file id="fl-12d">
         <path>/opt/ti/ccs1240/ccs/tools/compiler/ti-cgt-arm_20.2.7.LTS/lib/</path>
         <kind>archive</kind>
         <file>rtsv7M4_T_le_v4SPD16_eabi.lib</file>
         <name>_lock.c.obj</name>
      </input_file>
      <input_file id="fl-12e">
         <path>/opt/ti/ccs1240/ccs/tools/compiler/ti-cgt-arm_20.2.7.LTS/lib/</path>
         <kind>archive</kind>
         <file>rtsv7M4_T_le_v4SPD16_eabi.lib</file>
         <name>_ltoa.c.obj</name>
      </input_file>
      <input_file id="fl-12f">
         <path>/opt/ti/ccs1240/ccs/tools/compiler/ti-cgt-arm_20.2.7.LTS/lib/</path>
         <kind>archive</kind>
         <file>rtsv7M4_T_le_v4SPD16_eabi.lib</file>
         <name>args_main.c.obj</name>
      </input_file>
      <input_file id="fl-130">
         <path>/opt/ti/ccs1240/ccs/tools/compiler/ti-cgt-arm_20.2.7.LTS/lib/</path>
         <kind>archive</kind>
         <file>rtsv7M4_T_le_v4SPD16_eabi.lib</file>
         <name>atoi.c.obj</name>
      </input_file>
      <input_file id="fl-131">
         <path>/opt/ti/ccs1240/ccs/tools/compiler/ti-cgt-arm_20.2.7.LTS/lib/</path>
         <kind>archive</kind>
         <file>rtsv7M4_T_le_v4SPD16_eabi.lib</file>
         <name>ctype.c.obj</name>
      </input_file>
      <input_file id="fl-132">
         <path>/opt/ti/ccs1240/ccs/tools/compiler/ti-cgt-arm_20.2.7.LTS/lib/</path>
         <kind>archive</kind>
         <file>rtsv7M4_T_le_v4SPD16_eabi.lib</file>
         <name>memccpy.c.obj</name>
      </input_file>
      <input_file id="fl-133">
         <path>/opt/ti/ccs1240/ccs/tools/compiler/ti-cgt-arm_20.2.7.LTS/lib/</path>
         <kind>archive</kind>
         <file>rtsv7M4_T_le_v4SPD16_eabi.lib</file>
         <name>strchr.c.obj</name>
      </input_file>
      <input_file id="fl-134">
         <path>/opt/ti/ccs1240/ccs/tools/compiler/ti-cgt-arm_20.2.7.LTS/lib/</path>
         <kind>archive</kind>
         <file>rtsv7M4_T_le_v4SPD16_eabi.lib</file>
         <name>errno.c.obj</name>
      </input_file>
      <input_file id="fl-135">
         <path>/opt/ti/ccs1240/ccs/tools/compiler/ti-cgt-arm_20.2.7.LTS/lib/</path>
         <kind>archive</kind>
         <file>rtsv7M4_T_le_v4SPD16_eabi.lib</file>
         <name>wcslen.c.obj</name>
      </input_file>
      <input_file id="fl-136">
         <path>/opt/ti/ccs1240/ccs/tools/compiler/ti-cgt-arm_20.2.7.LTS/lib/</path>
         <kind>archive</kind>
         <file>rtsv7M4_T_le_v4SPD16_eabi.lib</file>
         <name>s_frexp.c.obj</name>
      </input_file>
      <input_file id="fl-137">
         <path>/opt/ti/ccs1240/ccs/tools/compiler/ti-cgt-arm_20.2.7.LTS/lib/</path>
         <kind>archive</kind>
         <file>rtsv7M4_T_le_v4SPD16_eabi.lib</file>
         <name>s_scalbn.c.obj</name>
      </input_file>
      <input_file id="fl-138">
         <path>/opt/ti/ccs1240/ccs/tools/compiler/ti-cgt-arm_20.2.7.LTS/lib/</path>
         <kind>archive</kind>
         <file>rtsv7M4_T_le_v4SPD16_eabi.lib</file>
         <name>s_copysign.c.obj</name>
      </input_file>
   </input_file_list>
   <object_component_list>
      <object_component id="oc-12">
         <name>.intvecs</name>
         <load_address>0x0</load_address>
         <run_address>0x0</run_address>
         <size>0x26c</size>
         <input_file_ref idref="fl-6"/>
      </object_component>
      <object_component id="oc-51e">
         <name>.text</name>
         <load_address>0x26c</load_address>
         <run_address>0x26c</run_address>
         <size>0x3084</size>
         <input_file_ref idref="fl-4a"/>
      </object_component>
      <object_component id="oc-8b">
         <name>.text</name>
         <load_address>0x32f0</load_address>
         <run_address>0x32f0</run_address>
         <size>0x2870</size>
         <input_file_ref idref="fl-e"/>
      </object_component>
      <object_component id="oc-245">
         <name>.text</name>
         <load_address>0x5b60</load_address>
         <run_address>0x5b60</run_address>
         <size>0x2398</size>
         <input_file_ref idref="fl-32"/>
      </object_component>
      <object_component id="oc-17b">
         <name>.text</name>
         <load_address>0x7ef8</load_address>
         <run_address>0x7ef8</run_address>
         <size>0x1688</size>
         <input_file_ref idref="fl-2c"/>
      </object_component>
      <object_component id="oc-e1">
         <name>.text</name>
         <load_address>0x9580</load_address>
         <run_address>0x9580</run_address>
         <size>0x1570</size>
         <input_file_ref idref="fl-3d"/>
      </object_component>
      <object_component id="oc-ac">
         <name>.text</name>
         <load_address>0xaaf0</load_address>
         <run_address>0xaaf0</run_address>
         <size>0x12d8</size>
         <input_file_ref idref="fl-c"/>
      </object_component>
      <object_component id="oc-1b8">
         <name>.text</name>
         <load_address>0xbdc8</load_address>
         <run_address>0xbdc8</run_address>
         <size>0x1288</size>
         <input_file_ref idref="fl-20"/>
      </object_component>
      <object_component id="oc-181">
         <name>.text</name>
         <load_address>0xd050</load_address>
         <run_address>0xd050</run_address>
         <size>0x104c</size>
         <input_file_ref idref="fl-13"/>
      </object_component>
      <object_component id="oc-3bd">
         <name>.text</name>
         <load_address>0xe09c</load_address>
         <run_address>0xe09c</run_address>
         <size>0xfdc</size>
         <input_file_ref idref="fl-38"/>
      </object_component>
      <object_component id="oc-251">
         <name>.text</name>
         <load_address>0xf078</load_address>
         <run_address>0xf078</run_address>
         <size>0xfa8</size>
         <input_file_ref idref="fl-4e"/>
      </object_component>
      <object_component id="oc-1c7">
         <name>.text</name>
         <load_address>0x10020</load_address>
         <run_address>0x10020</run_address>
         <size>0xd20</size>
         <input_file_ref idref="fl-2f"/>
      </object_component>
      <object_component id="oc-38">
         <name>.text</name>
         <load_address>0x10d40</load_address>
         <run_address>0x10d40</run_address>
         <size>0xb8c</size>
         <input_file_ref idref="fl-57"/>
      </object_component>
      <object_component id="oc-b2">
         <name>.text</name>
         <load_address>0x118cc</load_address>
         <run_address>0x118cc</run_address>
         <size>0xb08</size>
         <input_file_ref idref="fl-30"/>
      </object_component>
      <object_component id="oc-323">
         <name>.text:__TI_printfi</name>
         <load_address>0x123d4</load_address>
         <run_address>0x123d4</run_address>
         <size>0xa4e</size>
         <input_file_ref idref="fl-123"/>
      </object_component>
      <object_component id="oc-4ee">
         <name>.text:_nop</name>
         <load_address>0x12e22</load_address>
         <run_address>0x12e22</run_address>
         <size>0x2</size>
         <input_file_ref idref="fl-12d"/>
      </object_component>
      <object_component id="oc-639">
         <name>.text</name>
         <load_address>0x12e24</load_address>
         <run_address>0x12e24</run_address>
         <size>0x924</size>
         <input_file_ref idref="fl-48"/>
      </object_component>
      <object_component id="oc-13e">
         <name>.text</name>
         <load_address>0x13748</load_address>
         <run_address>0x13748</run_address>
         <size>0x7b4</size>
         <input_file_ref idref="fl-f"/>
      </object_component>
      <object_component id="oc-92">
         <name>.text</name>
         <load_address>0x13efc</load_address>
         <run_address>0x13efc</run_address>
         <size>0x78c</size>
         <input_file_ref idref="fl-4"/>
      </object_component>
      <object_component id="oc-3b1">
         <name>.text</name>
         <load_address>0x14688</load_address>
         <run_address>0x14688</run_address>
         <size>0x598</size>
         <input_file_ref idref="fl-4c"/>
      </object_component>
      <object_component id="oc-3b7">
         <name>.text</name>
         <load_address>0x14c20</load_address>
         <run_address>0x14c20</run_address>
         <size>0x570</size>
         <input_file_ref idref="fl-50"/>
      </object_component>
      <object_component id="oc-1ac">
         <name>.text</name>
         <load_address>0x15190</load_address>
         <run_address>0x15190</run_address>
         <size>0x544</size>
         <input_file_ref idref="fl-a"/>
      </object_component>
      <object_component id="oc-187">
         <name>.text</name>
         <load_address>0x156d4</load_address>
         <run_address>0x156d4</run_address>
         <size>0x490</size>
         <input_file_ref idref="fl-23"/>
      </object_component>
      <object_component id="oc-516">
         <name>.text</name>
         <load_address>0x15b64</load_address>
         <run_address>0x15b64</run_address>
         <size>0x48c</size>
         <input_file_ref idref="fl-51"/>
      </object_component>
      <object_component id="oc-126">
         <name>.text</name>
         <load_address>0x15ff0</load_address>
         <run_address>0x15ff0</run_address>
         <size>0x478</size>
         <input_file_ref idref="fl-12"/>
      </object_component>
      <object_component id="oc-1ce">
         <name>.text</name>
         <load_address>0x16468</load_address>
         <run_address>0x16468</run_address>
         <size>0x460</size>
         <input_file_ref idref="fl-2"/>
      </object_component>
      <object_component id="oc-276">
         <name>.text</name>
         <load_address>0x168c8</load_address>
         <run_address>0x168c8</run_address>
         <size>0x3bc</size>
         <input_file_ref idref="fl-3b"/>
      </object_component>
      <object_component id="oc-1d4">
         <name>.text</name>
         <load_address>0x16c84</load_address>
         <run_address>0x16c84</run_address>
         <size>0x3b4</size>
         <input_file_ref idref="fl-7"/>
      </object_component>
      <object_component id="oc-1a6">
         <name>.text</name>
         <load_address>0x17038</load_address>
         <run_address>0x17038</run_address>
         <size>0x3a8</size>
         <input_file_ref idref="fl-5"/>
      </object_component>
      <object_component id="oc-270">
         <name>.text</name>
         <load_address>0x173e0</load_address>
         <run_address>0x173e0</run_address>
         <size>0x2de</size>
         <input_file_ref idref="fl-39"/>
      </object_component>
      <object_component id="oc-23a">
         <name>.text</name>
         <load_address>0x176be</load_address>
         <run_address>0x176be</run_address>
         <size>0x2</size>
         <input_file_ref idref="fl-124"/>
      </object_component>
      <object_component id="oc-32">
         <name>.text</name>
         <load_address>0x176c0</load_address>
         <run_address>0x176c0</run_address>
         <size>0x2d0</size>
         <input_file_ref idref="fl-10"/>
      </object_component>
      <object_component id="oc-48e">
         <name>.text:_pconv_a</name>
         <load_address>0x17990</load_address>
         <run_address>0x17990</run_address>
         <size>0x270</size>
         <input_file_ref idref="fl-123"/>
      </object_component>
      <object_component id="oc-41f">
         <name>.text</name>
         <load_address>0x17c00</load_address>
         <run_address>0x17c00</run_address>
         <size>0x1d2</size>
         <input_file_ref idref="fl-4d"/>
      </object_component>
      <object_component id="oc-47c">
         <name>.text:_pconv_g</name>
         <load_address>0x17dd4</load_address>
         <run_address>0x17dd4</run_address>
         <size>0x1d0</size>
         <input_file_ref idref="fl-123"/>
      </object_component>
      <object_component id="oc-19c">
         <name>.text</name>
         <load_address>0x17fa4</load_address>
         <run_address>0x17fa4</run_address>
         <size>0x1b6</size>
         <input_file_ref idref="fl-112"/>
      </object_component>
      <object_component id="oc-488">
         <name>.text:_pconv_e</name>
         <load_address>0x1815c</load_address>
         <run_address>0x1815c</run_address>
         <size>0x13c</size>
         <input_file_ref idref="fl-123"/>
      </object_component>
      <object_component id="oc-197">
         <name>.text</name>
         <load_address>0x18298</load_address>
         <run_address>0x18298</run_address>
         <size>0x136</size>
         <input_file_ref idref="fl-113"/>
      </object_component>
      <object_component id="oc-12c">
         <name>.text</name>
         <load_address>0x183ce</load_address>
         <run_address>0x183ce</run_address>
         <size>0x12a</size>
         <input_file_ref idref="fl-b"/>
      </object_component>
      <object_component id="oc-175">
         <name>.text</name>
         <load_address>0x184f8</load_address>
         <run_address>0x184f8</run_address>
         <size>0x124</size>
         <input_file_ref idref="fl-56"/>
      </object_component>
      <object_component id="oc-5dd">
         <name>.text:fcvt</name>
         <load_address>0x1861c</load_address>
         <run_address>0x1861c</run_address>
         <size>0x124</size>
         <input_file_ref idref="fl-123"/>
      </object_component>
      <object_component id="oc-5f1">
         <name>.text:scalbn</name>
         <load_address>0x18740</load_address>
         <run_address>0x18740</run_address>
         <size>0x110</size>
         <input_file_ref idref="fl-137"/>
      </object_component>
      <object_component id="oc-192">
         <name>.text</name>
         <load_address>0x18850</load_address>
         <run_address>0x18850</run_address>
         <size>0xfc</size>
         <input_file_ref idref="fl-114"/>
      </object_component>
      <object_component id="oc-257">
         <name>.text</name>
         <load_address>0x1894c</load_address>
         <run_address>0x1894c</run_address>
         <size>0xec</size>
         <input_file_ref idref="fl-52"/>
      </object_component>
      <object_component id="oc-2d">
         <name>.text</name>
         <load_address>0x18a38</load_address>
         <run_address>0x18a38</run_address>
         <size>0xda</size>
         <input_file_ref idref="fl-11"/>
      </object_component>
      <object_component id="oc-24b">
         <name>.text</name>
         <load_address>0x18b12</load_address>
         <run_address>0x18b12</run_address>
         <size>0xc8</size>
         <input_file_ref idref="fl-53"/>
      </object_component>
      <object_component id="oc-471">
         <name>.text:_ltostr</name>
         <load_address>0x18bdc</load_address>
         <run_address>0x18bdc</run_address>
         <size>0xb1</size>
         <input_file_ref idref="fl-123"/>
      </object_component>
      <object_component id="oc-3a7">
         <name>.text</name>
         <load_address>0x18c90</load_address>
         <run_address>0x18c90</run_address>
         <size>0xac</size>
         <input_file_ref idref="fl-55"/>
      </object_component>
      <object_component id="oc-52">
         <name>.text</name>
         <load_address>0x18d3c</load_address>
         <run_address>0x18d3c</run_address>
         <size>0x9c</size>
         <input_file_ref idref="fl-117"/>
      </object_component>
      <object_component id="oc-5b4">
         <name>.text</name>
         <load_address>0x18dd8</load_address>
         <run_address>0x18dd8</run_address>
         <size>0x96</size>
         <input_file_ref idref="fl-128"/>
      </object_component>
      <object_component id="oc-477">
         <name>.text:__aeabi_cdcmple</name>
         <load_address>0x18e6e</load_address>
         <run_address>0x18e6e</run_address>
         <size>0x86</size>
         <input_file_ref idref="fl-125"/>
      </object_component>
      <object_component id="oc-5bb">
         <name>.text:__aeabi_cdrcmple</name>
         <load_address>0x18ef4</load_address>
         <run_address>0x18ef4</run_address>
         <size>0x86</size>
         <input_file_ref idref="fl-125"/>
      </object_component>
      <object_component id="oc-104">
         <name>.text</name>
         <load_address>0x18f7a</load_address>
         <run_address>0x18f7a</run_address>
         <size>0x7a</size>
         <input_file_ref idref="fl-119"/>
      </object_component>
      <object_component id="oc-5d6">
         <name>.text:_mcpy</name>
         <load_address>0x18ff4</load_address>
         <run_address>0x18ff4</run_address>
         <size>0x6e</size>
         <input_file_ref idref="fl-123"/>
      </object_component>
      <object_component id="oc-1a1">
         <name>.text</name>
         <load_address>0x19062</load_address>
         <run_address>0x19062</run_address>
         <size>0x6e</size>
         <input_file_ref idref="fl-115"/>
      </object_component>
      <object_component id="oc-378">
         <name>.text</name>
         <load_address>0x190d0</load_address>
         <run_address>0x190d0</run_address>
         <size>0x68</size>
         <input_file_ref idref="fl-3"/>
      </object_component>
      <object_component id="oc-144">
         <name>.text</name>
         <load_address>0x19138</load_address>
         <run_address>0x19138</run_address>
         <size>0x68</size>
         <input_file_ref idref="fl-54"/>
      </object_component>
      <object_component id="oc-15">
         <name>.text:decompress:lzss:__TI_decompress_lzss</name>
         <load_address>0x191a0</load_address>
         <run_address>0x191a0</run_address>
         <size>0x68</size>
         <input_file_ref idref="fl-11d"/>
      </object_component>
      <object_component id="oc-5eb">
         <name>.text:frexp</name>
         <load_address>0x19208</load_address>
         <run_address>0x19208</run_address>
         <size>0x64</size>
         <input_file_ref idref="fl-136"/>
      </object_component>
      <object_component id="oc-482">
         <name>.text:_pconv_f</name>
         <load_address>0x1926c</load_address>
         <run_address>0x1926c</run_address>
         <size>0x56</size>
         <input_file_ref idref="fl-123"/>
      </object_component>
      <object_component id="oc-5c5">
         <name>.text:__TI_ltoa</name>
         <load_address>0x192c2</load_address>
         <run_address>0x192c2</run_address>
         <size>0x54</size>
         <input_file_ref idref="fl-12e"/>
      </object_component>
      <object_component id="oc-5d0">
         <name>.text:_ecpy</name>
         <load_address>0x19316</load_address>
         <run_address>0x19316</run_address>
         <size>0x52</size>
         <input_file_ref idref="fl-123"/>
      </object_component>
      <object_component id="oc-46b">
         <name>.text:atoi</name>
         <load_address>0x19368</load_address>
         <run_address>0x19368</run_address>
         <size>0x4c</size>
         <input_file_ref idref="fl-130"/>
      </object_component>
      <object_component id="oc-5c0">
         <name>.text</name>
         <load_address>0x193b4</load_address>
         <run_address>0x193b4</run_address>
         <size>0x48</size>
         <input_file_ref idref="fl-126"/>
      </object_component>
      <object_component id="oc-2a1">
         <name>.text:__TI_auto_init_nobinit_nopinit:__TI_auto_init_nobinit_nopinit</name>
         <load_address>0x193fc</load_address>
         <run_address>0x193fc</run_address>
         <size>0x44</size>
         <input_file_ref idref="fl-129"/>
      </object_component>
      <object_component id="oc-cd">
         <name>.text</name>
         <load_address>0x19440</load_address>
         <run_address>0x19440</run_address>
         <size>0x40</size>
         <input_file_ref idref="fl-11a"/>
      </object_component>
      <object_component id="oc-169">
         <name>.text:sprintf</name>
         <load_address>0x19480</load_address>
         <run_address>0x19480</run_address>
         <size>0x40</size>
         <input_file_ref idref="fl-111"/>
      </object_component>
      <object_component id="oc-5e3">
         <name>.text:_fcpy</name>
         <load_address>0x194c0</load_address>
         <run_address>0x194c0</run_address>
         <size>0x3e</size>
         <input_file_ref idref="fl-123"/>
      </object_component>
      <object_component id="oc-345">
         <name>.text</name>
         <load_address>0x194fe</load_address>
         <run_address>0x194fe</run_address>
         <size>0x3e</size>
         <input_file_ref idref="fl-17"/>
      </object_component>
      <object_component id="oc-70">
         <name>.text:_c_int00_noargs:_c_int00_noargs</name>
         <load_address>0x1953c</load_address>
         <run_address>0x1953c</run_address>
         <size>0x34</size>
         <input_file_ref idref="fl-122"/>
      </object_component>
      <object_component id="oc-1b2">
         <name>.text:rand</name>
         <load_address>0x19570</load_address>
         <run_address>0x19570</run_address>
         <size>0x34</size>
         <input_file_ref idref="fl-11e"/>
      </object_component>
      <object_component id="oc-5cb">
         <name>.text</name>
         <load_address>0x195a4</load_address>
         <run_address>0x195a4</run_address>
         <size>0x2e</size>
         <input_file_ref idref="fl-127"/>
      </object_component>
      <object_component id="oc-150">
         <name>.text:GetOverflowCounts</name>
         <load_address>0x195d4</load_address>
         <run_address>0x195d4</run_address>
         <size>0x24</size>
         <input_file_ref idref="fl-54"/>
      </object_component>
      <object_component id="oc-3e">
         <name>.text</name>
         <load_address>0x195f8</load_address>
         <run_address>0x195f8</run_address>
         <size>0x24</size>
         <input_file_ref idref="fl-3e"/>
      </object_component>
      <object_component id="oc-18d">
         <name>.text</name>
         <load_address>0x1961c</load_address>
         <run_address>0x1961c</run_address>
         <size>0x20</size>
         <input_file_ref idref="fl-118"/>
      </object_component>
      <object_component id="oc-494">
         <name>.text:memccpy</name>
         <load_address>0x1963c</load_address>
         <run_address>0x1963c</run_address>
         <size>0x1c</size>
         <input_file_ref idref="fl-132"/>
      </object_component>
      <object_component id="oc-6b2">
         <name>.text:copysign</name>
         <load_address>0x19658</load_address>
         <run_address>0x19658</run_address>
         <size>0x1a</size>
         <input_file_ref idref="fl-138"/>
      </object_component>
      <object_component id="oc-329">
         <name>.text:_outs</name>
         <load_address>0x19672</load_address>
         <run_address>0x19672</run_address>
         <size>0x18</size>
         <input_file_ref idref="fl-111"/>
      </object_component>
      <object_component id="oc-508">
         <name>.text:strcmp</name>
         <load_address>0x1968a</load_address>
         <run_address>0x1968a</run_address>
         <size>0x18</size>
         <input_file_ref idref="fl-11f"/>
      </object_component>
      <object_component id="oc-5f7">
         <name>.text:strchr</name>
         <load_address>0x196a2</load_address>
         <run_address>0x196a2</run_address>
         <size>0x16</size>
         <input_file_ref idref="fl-133"/>
      </object_component>
      <object_component id="oc-15d">
         <name>.text:strcpy</name>
         <load_address>0x196b8</load_address>
         <run_address>0x196b8</run_address>
         <size>0x14</size>
         <input_file_ref idref="fl-120"/>
      </object_component>
      <object_component id="oc-163">
         <name>.text:strlen</name>
         <load_address>0x196cc</load_address>
         <run_address>0x196cc</run_address>
         <size>0x14</size>
         <input_file_ref idref="fl-121"/>
      </object_component>
      <object_component id="oc-49a">
         <name>.text:wcslen</name>
         <load_address>0x196e0</load_address>
         <run_address>0x196e0</run_address>
         <size>0x12</size>
         <input_file_ref idref="fl-135"/>
      </object_component>
      <object_component id="oc-1b">
         <name>.text:decompress:none:__TI_decompress_none</name>
         <load_address>0x196f2</load_address>
         <run_address>0x196f2</run_address>
         <size>0xe</size>
         <input_file_ref idref="fl-11c"/>
      </object_component>
      <object_component id="oc-64">
         <name>.text:decompress:ZI:__TI_zero_init</name>
         <load_address>0x19700</load_address>
         <run_address>0x19700</run_address>
         <size>0xc</size>
         <input_file_ref idref="fl-11b"/>
      </object_component>
      <object_component id="oc-27">
         <name>.text</name>
         <load_address>0x1970c</load_address>
         <run_address>0x1970c</run_address>
         <size>0xc</size>
         <input_file_ref idref="fl-6"/>
      </object_component>
      <object_component id="oc-32f">
         <name>.text:_outc</name>
         <load_address>0x19718</load_address>
         <run_address>0x19718</run_address>
         <size>0xa</size>
         <input_file_ref idref="fl-111"/>
      </object_component>
      <object_component id="oc-4a0">
         <name>.text:__aeabi_errno_addr</name>
         <load_address>0x19724</load_address>
         <run_address>0x19724</run_address>
         <size>0x8</size>
         <input_file_ref idref="fl-134"/>
      </object_component>
      <object_component id="oc-354">
         <name>.text:SysCtlDelay</name>
         <load_address>0x1972c</load_address>
         <run_address>0x1972c</run_address>
         <size>0x6</size>
         <input_file_ref idref="fl-2c"/>
      </object_component>
      <object_component id="oc-10a">
         <name>.text:_system_pre_init</name>
         <load_address>0x19732</load_address>
         <run_address>0x19732</run_address>
         <size>0x4</size>
         <input_file_ref idref="fl-12a"/>
      </object_component>
      <object_component id="oc-295">
         <name>.text:abort:abort</name>
         <load_address>0x19736</load_address>
         <run_address>0x19736</run_address>
         <size>0x4</size>
         <input_file_ref idref="fl-12c"/>
      </object_component>
      <object_component id="oc-4e2">
         <name>.const:crctttab</name>
         <load_address>0x1973c</load_address>
         <run_address>0x1973c</run_address>
         <size>0x200</size>
         <input_file_ref idref="fl-3"/>
      </object_component>
      <object_component id="oc-351">
         <name>.const:g_pppui32XTALtoVCO</name>
         <load_address>0x1993c</load_address>
         <run_address>0x1993c</run_address>
         <size>0x1b0</size>
         <input_file_ref idref="fl-2c"/>
      </object_component>
      <object_component id="oc-5af">
         <name>.const:.string:_ctypes_</name>
         <load_address>0x19aec</load_address>
         <run_address>0x19aec</run_address>
         <size>0x101</size>
         <input_file_ref idref="fl-131"/>
      </object_component>
      <object_component id="oc-513">
         <name>.const:.string</name>
         <load_address>0x19bf0</load_address>
         <run_address>0x19bf0</run_address>
         <size>0xf2</size>
         <input_file_ref idref="fl-2"/>
      </object_component>
      <object_component id="oc-390">
         <name>.const:g_ppui32GPIOIntMapSnowflake</name>
         <load_address>0x19ce4</load_address>
         <run_address>0x19ce4</run_address>
         <size>0xd8</size>
         <input_file_ref idref="fl-20"/>
      </object_component>
      <object_component id="oc-38d">
         <name>.const:g_ppui32GPIOIntMapBlizzard</name>
         <load_address>0x19dbc</load_address>
         <run_address>0x19dbc</run_address>
         <size>0xc0</size>
         <input_file_ref idref="fl-20"/>
      </object_component>
      <object_component id="oc-362">
         <name>.const:g_pui32Regs</name>
         <load_address>0x19e7c</load_address>
         <run_address>0x19e7c</run_address>
         <size>0x9c</size>
         <input_file_ref idref="fl-23"/>
      </object_component>
      <object_component id="oc-393">
         <name>.const:g_pui32GPIOBaseAddrs</name>
         <load_address>0x19f18</load_address>
         <run_address>0x19f18</run_address>
         <size>0x90</size>
         <input_file_ref idref="fl-20"/>
      </object_component>
      <object_component id="oc-34b">
         <name>.const:g_pui32Xtals</name>
         <load_address>0x19fa8</load_address>
         <run_address>0x19fa8</run_address>
         <size>0x6c</size>
         <input_file_ref idref="fl-2c"/>
      </object_component>
      <object_component id="oc-39f">
         <name>.const:g_ppui32TimerIntMap</name>
         <load_address>0x1a014</load_address>
         <run_address>0x1a014</run_address>
         <size>0x60</size>
         <input_file_ref idref="fl-2f"/>
      </object_component>
      <object_component id="oc-3a2">
         <name>.const:g_ppui32TimerIntMapSnowflake</name>
         <load_address>0x1a074</load_address>
         <run_address>0x1a074</run_address>
         <size>0x40</size>
         <input_file_ref idref="fl-2f"/>
      </object_component>
      <object_component id="oc-21a">
         <name>.const:g_ppui32UARTIntMap</name>
         <load_address>0x1a0b4</load_address>
         <run_address>0x1a0b4</run_address>
         <size>0x40</size>
         <input_file_ref idref="fl-30"/>
      </object_component>
      <object_component id="oc-21d">
         <name>.const:g_ppui32UARTIntMapSnowflake</name>
         <load_address>0x1a0f4</load_address>
         <run_address>0x1a0f4</run_address>
         <size>0x40</size>
         <input_file_ref idref="fl-30"/>
      </object_component>
      <object_component id="oc-683">
         <name>.const:.string:g_pui8ConfigString</name>
         <load_address>0x1a134</load_address>
         <run_address>0x1a134</run_address>
         <size>0x36</size>
         <input_file_ref idref="fl-8"/>
      </object_component>
      <object_component id="oc-26d">
         <name>.const:g_psUSBDStdRequests</name>
         <load_address>0x1a16c</load_address>
         <run_address>0x1a16c</run_address>
         <size>0x34</size>
         <input_file_ref idref="fl-3d"/>
      </object_component>
      <object_component id="oc-52d">
         <name>.const:g_sCDCHandlers</name>
         <load_address>0x1a1a0</load_address>
         <run_address>0x1a1a0</run_address>
         <size>0x30</size>
         <input_file_ref idref="fl-38"/>
      </object_component>
      <object_component id="oc-342">
         <name>.const:g_sXTALtoMEMTIM</name>
         <load_address>0x1a1d0</load_address>
         <run_address>0x1a1d0</run_address>
         <size>0x30</size>
         <input_file_ref idref="fl-2c"/>
      </object_component>
      <object_component id="oc-680">
         <name>.const:.string:g_pui8ControlInterfaceString</name>
         <load_address>0x1a200</load_address>
         <run_address>0x1a200</run_address>
         <size>0x2c</size>
         <input_file_ref idref="fl-8"/>
      </object_component>
      <object_component id="oc-677">
         <name>.const:.string:g_pui8ManufacturerString</name>
         <load_address>0x1a22c</load_address>
         <run_address>0x1a22c</run_address>
         <size>0x24</size>
         <input_file_ref idref="fl-8"/>
      </object_component>
      <object_component id="oc-759">
         <name>.const:.string:g_pui8CDCSerCommInterface</name>
         <load_address>0x1a250</load_address>
         <run_address>0x1a250</run_address>
         <size>0x23</size>
         <input_file_ref idref="fl-38"/>
      </object_component>
      <object_component id="oc-67a">
         <name>.const:.string:g_pui8ProductString</name>
         <load_address>0x1a273</load_address>
         <run_address>0x1a273</run_address>
         <size>0x22</size>
         <input_file_ref idref="fl-8"/>
      </object_component>
      <object_component id="oc-35f">
         <name>.const:g_pui32Priority</name>
         <load_address>0x1a298</load_address>
         <run_address>0x1a298</run_address>
         <size>0x20</size>
         <input_file_ref idref="fl-23"/>
      </object_component>
      <object_component id="oc-55c">
         <name>.const:g_ppui8StringDescriptors</name>
         <load_address>0x1a2b8</load_address>
         <run_address>0x1a2b8</run_address>
         <size>0x18</size>
         <input_file_ref idref="fl-8"/>
      </object_component>
      <object_component id="oc-75e">
         <name>.const:.string:g_pui8CDCSerDataInterface</name>
         <load_address>0x1a2d0</load_address>
         <run_address>0x1a2d0</run_address>
         <size>0x17</size>
         <input_file_ref idref="fl-38"/>
      </object_component>
      <object_component id="oc-763">
         <name>.const:.string:g_pui8CDCSerDataInterfaceHS</name>
         <load_address>0x1a2e7</load_address>
         <run_address>0x1a2e7</run_address>
         <size>0x17</size>
         <input_file_ref idref="fl-38"/>
      </object_component>
      <object_component id="oc-368">
         <name>.const:g_pui32Dii16Regs</name>
         <load_address>0x1a300</load_address>
         <run_address>0x1a300</run_address>
         <size>0x14</size>
         <input_file_ref idref="fl-23"/>
      </object_component>
      <object_component id="oc-365">
         <name>.const:g_pui32EnRegs</name>
         <load_address>0x1a314</load_address>
         <run_address>0x1a314</run_address>
         <size>0x14</size>
         <input_file_ref idref="fl-23"/>
      </object_component>
      <object_component id="oc-36b">
         <name>.const:g_pui32PendRegs</name>
         <load_address>0x1a328</load_address>
         <run_address>0x1a328</run_address>
         <size>0x14</size>
         <input_file_ref idref="fl-23"/>
      </object_component>
      <object_component id="oc-36e">
         <name>.const:g_pui32UnpendRegs</name>
         <load_address>0x1a33c</load_address>
         <run_address>0x1a33c</run_address>
         <size>0x14</size>
         <input_file_ref idref="fl-23"/>
      </object_component>
      <object_component id="oc-67d">
         <name>.const:.string:g_pui8SerialNumberString</name>
         <load_address>0x1a350</load_address>
         <run_address>0x1a350</run_address>
         <size>0x12</size>
         <input_file_ref idref="fl-8"/>
      </object_component>
      <object_component id="oc-240">
         <name>.const:.string</name>
         <load_address>0x1a364</load_address>
         <run_address>0x1a364</run_address>
         <size>0x12</size>
         <input_file_ref idref="fl-57"/>
      </object_component>
      <object_component id="oc-bb">
         <name>.const:g_ui32UARTBase</name>
         <load_address>0x1a378</load_address>
         <run_address>0x1a378</run_address>
         <size>0xc</size>
         <input_file_ref idref="fl-57"/>
      </object_component>
      <object_component id="oc-c1">
         <name>.const:g_ui32UARTInt</name>
         <load_address>0x1a384</load_address>
         <run_address>0x1a384</run_address>
         <size>0xc</size>
         <input_file_ref idref="fl-57"/>
      </object_component>
      <object_component id="oc-be">
         <name>.const:g_ui32UARTPeriph</name>
         <load_address>0x1a390</load_address>
         <run_address>0x1a390</run_address>
         <size>0xc</size>
         <input_file_ref idref="fl-57"/>
      </object_component>
      <object_component id="oc-34e">
         <name>.const:g_pui32VCOFrequencies</name>
         <load_address>0x1a39c</load_address>
         <run_address>0x1a39c</run_address>
         <size>0x8</size>
         <input_file_ref idref="fl-2c"/>
      </object_component>
      <object_component id="oc-664">
         <name>.const:g_sCDCCompSerConfigHeader</name>
         <load_address>0x1a3a4</load_address>
         <run_address>0x1a3a4</run_address>
         <size>0x8</size>
         <input_file_ref idref="fl-38"/>
      </object_component>
      <object_component id="oc-669">
         <name>.const:g_sCDCCompSerConfigHeaderHS</name>
         <load_address>0x1a3ac</load_address>
         <run_address>0x1a3ac</run_address>
         <size>0x8</size>
         <input_file_ref idref="fl-38"/>
      </object_component>
      <object_component id="oc-73e">
         <name>.const:g_sCDCSerCommInterfaceSection</name>
         <load_address>0x1a3b4</load_address>
         <run_address>0x1a3b4</run_address>
         <size>0x8</size>
         <input_file_ref idref="fl-38"/>
      </object_component>
      <object_component id="oc-65a">
         <name>.const:g_sCDCSerConfigHeader</name>
         <load_address>0x1a3bc</load_address>
         <run_address>0x1a3bc</run_address>
         <size>0x8</size>
         <input_file_ref idref="fl-38"/>
      </object_component>
      <object_component id="oc-65f">
         <name>.const:g_sCDCSerConfigHeaderHS</name>
         <load_address>0x1a3c4</load_address>
         <run_address>0x1a3c4</run_address>
         <size>0x8</size>
         <input_file_ref idref="fl-38"/>
      </object_component>
      <object_component id="oc-73b">
         <name>.const:g_sCDCSerConfigSection</name>
         <load_address>0x1a3cc</load_address>
         <run_address>0x1a3cc</run_address>
         <size>0x8</size>
         <input_file_ref idref="fl-38"/>
      </object_component>
      <object_component id="oc-741">
         <name>.const:g_sCDCSerDataInterfaceSection</name>
         <load_address>0x1a3d4</load_address>
         <run_address>0x1a3d4</run_address>
         <size>0x8</size>
         <input_file_ref idref="fl-38"/>
      </object_component>
      <object_component id="oc-746">
         <name>.const:g_sCDCSerDataInterfaceSectionHS</name>
         <load_address>0x1a3dc</load_address>
         <run_address>0x1a3dc</run_address>
         <size>0x8</size>
         <input_file_ref idref="fl-38"/>
      </object_component>
      <object_component id="oc-74b">
         <name>.const:g_sIADSerConfigSection</name>
         <load_address>0x1a3e4</load_address>
         <run_address>0x1a3e4</run_address>
         <size>0x8</size>
         <input_file_ref idref="fl-38"/>
      </object_component>
      <object_component id="oc-88">
         <name>.const</name>
         <load_address>0x1a3ec</load_address>
         <run_address>0x1a3ec</run_address>
         <size>0x8</size>
         <input_file_ref idref="fl-10"/>
      </object_component>
      <object_component id="oc-674">
         <name>.const:.string:g_pui8LangDescriptor</name>
         <load_address>0x1a3f4</load_address>
         <run_address>0x1a3f4</run_address>
         <size>0x4</size>
         <input_file_ref idref="fl-8"/>
      </object_component>
      <object_component id="oc-539">
         <name>.const:g_pCDCCompSerConfigDescriptors</name>
         <load_address>0x1a3f8</load_address>
         <run_address>0x1a3f8</run_address>
         <size>0x4</size>
         <input_file_ref idref="fl-38"/>
      </object_component>
      <object_component id="oc-53c">
         <name>.const:g_pCDCCompSerConfigDescriptorsHS</name>
         <load_address>0x1a3fc</load_address>
         <run_address>0x1a3fc</run_address>
         <size>0x4</size>
         <input_file_ref idref="fl-38"/>
      </object_component>
      <object_component id="oc-533">
         <name>.const:g_ppCDCSerConfigDescriptors</name>
         <load_address>0x1a400</load_address>
         <run_address>0x1a400</run_address>
         <size>0x4</size>
         <input_file_ref idref="fl-38"/>
      </object_component>
      <object_component id="oc-536">
         <name>.const:g_ppCDCSerConfigDescriptorsHS</name>
         <load_address>0x1a404</load_address>
         <run_address>0x1a404</run_address>
         <size>0x4</size>
         <input_file_ref idref="fl-38"/>
      </object_component>
      <object_component id="oc-14d">
         <name>.const</name>
         <load_address>0x1a408</load_address>
         <run_address>0x1a408</run_address>
         <size>0x4</size>
         <input_file_ref idref="fl-e"/>
      </object_component>
      <object_component id="oc-d2">
         <name>.const</name>
         <load_address>0x1a40c</load_address>
         <run_address>0x1a40c</run_address>
         <size>0x4</size>
         <input_file_ref idref="fl-57"/>
      </object_component>
      <object_component id="oc-7a1">
         <name>.cinit..data.load</name>
         <load_address>0x1a410</load_address>
         <run_address>0x1a410</run_address>
         <size>0x143</size>
      </object_component>
      <object_component id="oc-79e">
         <name>__TI_handler_table</name>
         <load_address>0x1a554</load_address>
         <run_address>0x1a554</run_address>
         <size>0xc</size>
      </object_component>
      <object_component id="oc-7a2">
         <name>.cinit..bss.load</name>
         <load_address>0x1a560</load_address>
         <run_address>0x1a560</run_address>
         <size>0x8</size>
      </object_component>
      <object_component id="oc-7a0">
         <name>.cinit..vtable.load</name>
         <load_address>0x1a568</load_address>
         <run_address>0x1a568</run_address>
         <size>0x8</size>
      </object_component>
      <object_component id="oc-79f">
         <name>__TI_cinit_table</name>
         <load_address>0x1a570</load_address>
         <run_address>0x1a570</run_address>
         <size>0x18</size>
      </object_component>
      <object_component id="oc-35c">
         <name>.vtable</name>
         <uninitialized>true</uninitialized>
         <run_address>0x20000000</run_address>
         <size>0x26c</size>
         <input_file_ref idref="fl-23"/>
      </object_component>
      <object_component id="oc-3ad">
         <name>.data:g_psCmdTable</name>
         <load_address>0x2000632c</load_address>
         <run_address>0x2000632c</run_address>
         <size>0x54</size>
         <input_file_ref idref="fl-2"/>
      </object_component>
      <object_component id="oc-1dd">
         <name>.data:params1</name>
         <load_address>0x200064f8</load_address>
         <run_address>0x200064f8</run_address>
         <size>0xc</size>
         <input_file_ref idref="fl-4"/>
      </object_component>
      <object_component id="oc-1e0">
         <name>.data:params2</name>
         <load_address>0x20006504</load_address>
         <run_address>0x20006504</run_address>
         <size>0xc</size>
         <input_file_ref idref="fl-4"/>
      </object_component>
      <object_component id="oc-1be">
         <name>.data</name>
         <load_address>0x20006568</load_address>
         <run_address>0x20006568</run_address>
         <size>0x8</size>
         <input_file_ref idref="fl-4"/>
      </object_component>
      <object_component id="oc-3c9">
         <name>.data</name>
         <load_address>0x200064d0</load_address>
         <run_address>0x200064d0</run_address>
         <size>0xd</size>
         <input_file_ref idref="fl-7"/>
      </object_component>
      <object_component id="oc-3cf">
         <name>.data:ConfigLinea</name>
         <load_address>0x20006578</load_address>
         <run_address>0x20006578</run_address>
         <size>0x7</size>
         <input_file_ref idref="fl-7"/>
      </object_component>
      <object_component id="oc-3d2">
         <name>.data:g_sCDCDevice</name>
         <load_address>0x200062cc</load_address>
         <run_address>0x200062cc</run_address>
         <size>0x60</size>
         <input_file_ref idref="fl-8"/>
      </object_component>
      <object_component id="oc-3c3">
         <name>.data:g_sRxBuffer</name>
         <load_address>0x200063bc</load_address>
         <run_address>0x200063bc</run_address>
         <size>0x38</size>
         <input_file_ref idref="fl-8"/>
      </object_component>
      <object_component id="oc-3cc">
         <name>.data:g_sTxBuffer</name>
         <load_address>0x200063f4</load_address>
         <run_address>0x200063f4</run_address>
         <size>0x38</size>
         <input_file_ref idref="fl-8"/>
      </object_component>
      <object_component id="oc-85">
         <name>.data</name>
         <load_address>0x20006380</load_address>
         <run_address>0x20006380</run_address>
         <size>0x3c</size>
         <input_file_ref idref="fl-e"/>
      </object_component>
      <object_component id="oc-2fe">
         <name>.data</name>
         <load_address>0x2000651c</load_address>
         <run_address>0x2000651c</run_address>
         <size>0xc</size>
         <input_file_ref idref="fl-f"/>
      </object_component>
      <object_component id="oc-98">
         <name>.data</name>
         <load_address>0x20006510</load_address>
         <run_address>0x20006510</run_address>
         <size>0xc</size>
         <input_file_ref idref="fl-10"/>
      </object_component>
      <object_component id="oc-2e9">
         <name>.data</name>
         <load_address>0x20006474</load_address>
         <run_address>0x20006474</run_address>
         <size>0x14</size>
         <input_file_ref idref="fl-12"/>
      </object_component>
      <object_component id="oc-530">
         <name>.data:g_pui8CDCSerDeviceDescriptor</name>
         <load_address>0x2000649c</load_address>
         <run_address>0x2000649c</run_address>
         <size>0x12</size>
         <input_file_ref idref="fl-38"/>
      </object_component>
      <object_component id="oc-53f">
         <name>.data:g_pui8CDCSerDescriptor</name>
         <load_address>0x20006540</load_address>
         <run_address>0x20006540</run_address>
         <size>0x9</size>
         <input_file_ref idref="fl-38"/>
      </object_component>
      <object_component id="oc-768">
         <name>.data:g_pui8IADSerDescriptor</name>
         <load_address>0x20006560</load_address>
         <run_address>0x20006560</run_address>
         <size>0x8</size>
         <input_file_ref idref="fl-38"/>
      </object_component>
      <object_component id="oc-6f9">
         <name>.data:g_psCDCSerSections</name>
         <load_address>0x200064e0</load_address>
         <run_address>0x200064e0</run_address>
         <size>0xc</size>
         <input_file_ref idref="fl-38"/>
      </object_component>
      <object_component id="oc-6fe">
         <name>.data:g_psCDCSerSectionsHS</name>
         <load_address>0x200064ec</load_address>
         <run_address>0x200064ec</run_address>
         <size>0xc</size>
         <input_file_ref idref="fl-38"/>
      </object_component>
      <object_component id="oc-703">
         <name>.data:g_psCDCCompSerSections</name>
         <load_address>0x200064b0</load_address>
         <run_address>0x200064b0</run_address>
         <size>0x10</size>
         <input_file_ref idref="fl-38"/>
      </object_component>
      <object_component id="oc-708">
         <name>.data:g_psCDCCompSerSectionsHS</name>
         <load_address>0x200064c0</load_address>
         <run_address>0x200064c0</run_address>
         <size>0x10</size>
         <input_file_ref idref="fl-38"/>
      </object_component>
      <object_component id="oc-52a">
         <name>.data</name>
         <load_address>0x200064ae</load_address>
         <run_address>0x200064ae</run_address>
         <size>0x2</size>
         <input_file_ref idref="fl-38"/>
      </object_component>
      <object_component id="oc-264">
         <name>.data</name>
         <load_address>0x20006570</load_address>
         <run_address>0x20006570</run_address>
         <size>0x8</size>
         <input_file_ref idref="fl-3d"/>
      </object_component>
      <object_component id="oc-636">
         <name>.data</name>
         <load_address>0x20006488</load_address>
         <run_address>0x20006488</run_address>
         <size>0x14</size>
         <input_file_ref idref="fl-4a"/>
      </object_component>
      <object_component id="oc-648">
         <name>.data:g_sUSBHEP0State</name>
         <load_address>0x2000645c</load_address>
         <run_address>0x2000645c</run_address>
         <size>0x18</size>
         <input_file_ref idref="fl-4a"/>
      </object_component>
      <object_component id="oc-261">
         <name>.data</name>
         <load_address>0x2000654c</load_address>
         <run_address>0x2000654c</run_address>
         <size>0x9</size>
         <input_file_ref idref="fl-50"/>
      </object_component>
      <object_component id="oc-27c">
         <name>.data</name>
         <load_address>0x20006534</load_address>
         <run_address>0x20006534</run_address>
         <size>0xc</size>
         <input_file_ref idref="fl-52"/>
      </object_component>
      <object_component id="oc-33e">
         <name>.data:g_pui32CPUUsageTimerPeriph</name>
         <load_address>0x20006444</load_address>
         <run_address>0x20006444</run_address>
         <size>0x18</size>
         <input_file_ref idref="fl-56"/>
      </object_component>
      <object_component id="oc-338">
         <name>.data:g_pui32CPUUsageTimerBase</name>
         <load_address>0x2000642c</load_address>
         <run_address>0x2000642c</run_address>
         <size>0x18</size>
         <input_file_ref idref="fl-56"/>
      </object_component>
      <object_component id="oc-c4">
         <name>.data</name>
         <load_address>0x20006528</load_address>
         <run_address>0x20006528</run_address>
         <size>0xc</size>
         <input_file_ref idref="fl-57"/>
      </object_component>
      <object_component id="oc-389">
         <name>.data</name>
         <load_address>0x20006584</load_address>
         <run_address>0x20006584</run_address>
         <size>0x4</size>
         <input_file_ref idref="fl-11e"/>
      </object_component>
      <object_component id="oc-386">
         <name>.data:$O1$$</name>
         <load_address>0x20006558</load_address>
         <run_address>0x20006558</run_address>
         <size>0x8</size>
         <input_file_ref idref="fl-12d"/>
      </object_component>
      <object_component id="oc-607">
         <name>.data</name>
         <load_address>0x20006580</load_address>
         <run_address>0x20006580</run_address>
         <size>0x4</size>
         <input_file_ref idref="fl-134"/>
      </object_component>
      <object_component id="oc-3c6">
         <name>.bss</name>
         <uninitialized>true</uninitialized>
         <run_address>0x20006274</run_address>
         <size>0x8</size>
         <input_file_ref idref="fl-7"/>
      </object_component>
      <object_component id="oc-132">
         <name>.bss:pxReadyTasksLists</name>
         <uninitialized>true</uninitialized>
         <run_address>0x20005b38</run_address>
         <size>0x140</size>
         <input_file_ref idref="fl-e"/>
      </object_component>
      <object_component id="oc-157">
         <name>.bss:xDelayedTaskList1</name>
         <uninitialized>true</uninitialized>
         <run_address>0x200061e4</run_address>
         <size>0x14</size>
         <input_file_ref idref="fl-e"/>
      </object_component>
      <object_component id="oc-15a">
         <name>.bss:xDelayedTaskList2</name>
         <uninitialized>true</uninitialized>
         <run_address>0x200061f8</run_address>
         <size>0x14</size>
         <input_file_ref idref="fl-e"/>
      </object_component>
      <object_component id="oc-138">
         <name>.bss</name>
         <uninitialized>true</uninitialized>
         <run_address>0x20006264</run_address>
         <size>0x8</size>
         <input_file_ref idref="fl-e"/>
      </object_component>
      <object_component id="oc-14a">
         <name>.bss:xPendingReadyList</name>
         <uninitialized>true</uninitialized>
         <run_address>0x2000620c</run_address>
         <size>0x14</size>
         <input_file_ref idref="fl-e"/>
      </object_component>
      <object_component id="oc-135">
         <name>.bss:xTasksWaitingTermination</name>
         <uninitialized>true</uninitialized>
         <run_address>0x20006234</run_address>
         <size>0x14</size>
         <input_file_ref idref="fl-e"/>
      </object_component>
      <object_component id="oc-13b">
         <name>.bss:xSuspendedTaskList</name>
         <uninitialized>true</uninitialized>
         <run_address>0x20006220</run_address>
         <size>0x14</size>
         <input_file_ref idref="fl-e"/>
      </object_component>
      <object_component id="oc-304">
         <name>.bss:xActiveTimerList1</name>
         <uninitialized>true</uninitialized>
         <run_address>0x200061bc</run_address>
         <size>0x14</size>
         <input_file_ref idref="fl-f"/>
      </object_component>
      <object_component id="oc-307">
         <name>.bss:xActiveTimerList2</name>
         <uninitialized>true</uninitialized>
         <run_address>0x200061d0</run_address>
         <size>0x14</size>
         <input_file_ref idref="fl-f"/>
      </object_component>
      <object_component id="oc-301">
         <name>.bss</name>
         <uninitialized>true</uninitialized>
         <run_address>0x2000626c</run_address>
         <size>0x8</size>
         <input_file_ref idref="fl-f"/>
      </object_component>
      <object_component id="oc-2ef">
         <name>.bss:ucHeap</name>
         <uninitialized>true</uninitialized>
         <run_address>0x2000026c</run_address>
         <size>0x5000</size>
         <input_file_ref idref="fl-12"/>
      </object_component>
      <object_component id="oc-2ec">
         <name>.bss:xStart</name>
         <uninitialized>true</uninitialized>
         <run_address>0x20006284</run_address>
         <size>0x8</size>
         <input_file_ref idref="fl-12"/>
      </object_component>
      <object_component id="oc-357">
         <name>.bss:g_pui8OversampleFactor</name>
         <uninitialized>true</uninitialized>
         <run_address>0x2000625c</run_address>
         <size>0x8</size>
         <input_file_ref idref="fl-13"/>
      </object_component>
      <object_component id="oc-26a">
         <name>.bss:g_pui8DataBufferIn</name>
         <uninitialized>true</uninitialized>
         <run_address>0x200060c4</run_address>
         <size>0x40</size>
         <input_file_ref idref="fl-3d"/>
      </object_component>
      <object_component id="oc-267">
         <name>.bss</name>
         <uninitialized>true</uninitialized>
         <run_address>0x2000628c</run_address>
         <size>0x4</size>
         <input_file_ref idref="fl-3d"/>
      </object_component>
      <object_component id="oc-6d8">
         <name>.bss:g_sRootHub</name>
         <uninitialized>true</uninitialized>
         <run_address>0x20005f88</run_address>
         <size>0x9c</size>
         <input_file_ref idref="fl-48"/>
      </object_component>
      <object_component id="oc-6db">
         <name>.bss</name>
         <uninitialized>true</uninitialized>
         <run_address>0x2000627c</run_address>
         <size>0x8</size>
         <input_file_ref idref="fl-48"/>
      </object_component>
      <object_component id="oc-642">
         <name>.bss</name>
         <uninitialized>true</uninitialized>
         <run_address>0x20006290</run_address>
         <size>0x4</size>
         <input_file_ref idref="fl-4a"/>
      </object_component>
      <object_component id="oc-63f">
         <name>.bss:g_pi32USBHActiveDriver</name>
         <uninitialized>true</uninitialized>
         <run_address>0x20006148</run_address>
         <size>0x18</size>
         <input_file_ref idref="fl-4a"/>
      </object_component>
      <object_component id="oc-645">
         <name>.bss:g_ppvDriverInstance</name>
         <uninitialized>true</uninitialized>
         <run_address>0x20006160</run_address>
         <size>0x18</size>
         <input_file_ref idref="fl-4a"/>
      </object_component>
      <object_component id="oc-630">
         <name>.bss:g_sUSBHCD</name>
         <uninitialized>true</uninitialized>
         <run_address>0x2000526c</run_address>
         <size>0x6cc</size>
         <input_file_ref idref="fl-4a"/>
      </object_component>
      <object_component id="oc-633">
         <name>.bss:g_pui32Alloc</name>
         <uninitialized>true</uninitialized>
         <run_address>0x20006254</run_address>
         <size>0x8</size>
         <input_file_ref idref="fl-4a"/>
      </object_component>
      <object_component id="oc-3fd">
         <name>.bss:g_psUSBDMAInst</name>
         <uninitialized>true</uninitialized>
         <run_address>0x20005c78</run_address>
         <size>0x110</size>
         <input_file_ref idref="fl-4e"/>
[...]
      </symbol>
      <symbol id="sm-1bff">
         <name>USBDescGetNumAlternateInterfaces</name>
         <value>0x17cc7</value>
         <object_component_ref idref="oc-41f"/>
      </symbol>
      <symbol id="sm-1ce6">
         <name>USBLibDMASizeGet</name>
         <value>0xfe21</value>
         <object_component_ref idref="oc-251"/>
      </symbol>
      <symbol id="sm-1ce7">
         <name>USBLibDMAAddrGet</name>
         <value>0xfe09</value>
         <object_component_ref idref="oc-251"/>
      </symbol>
      <symbol id="sm-1ce8">
         <name>USBLibDMAInit</name>
         <value>0xfe39</value>
         <object_component_ref idref="oc-251"/>
      </symbol>
      <symbol id="sm-1d63">
         <name>g_ui32PollRate</name>
         <value>0x200062ac</value>
      </symbol>
      <symbol id="sm-1d64">
         <name>g_eOTGModeState</name>
         <value>0x200062c8</value>
      </symbol>
      <symbol id="sm-1d65">
         <name>USBOTGModeTerm</name>
         <value>0x14df7</value>
         <object_component_ref idref="oc-3b7"/>
      </symbol>
      <symbol id="sm-1d66">
         <name>USB0DualModeIntHandler</name>
         <value>0x14ceb</value>
         <object_component_ref idref="oc-3b7"/>
      </symbol>
      <symbol id="sm-1d67">
         <name>USBOTGMain</name>
         <value>0x15097</value>
         <object_component_ref idref="oc-3b7"/>
      </symbol>
      <symbol id="sm-1d68">
         <name>USB0OTGModeIntHandler</name>
         <value>0x14f95</value>
         <object_component_ref idref="oc-3b7"/>
      </symbol>
      <symbol id="sm-1d69">
         <name>USBDualModeInit</name>
         <value>0x14d37</value>
         <object_component_ref idref="oc-3b7"/>
      </symbol>
      <symbol id="sm-1d6a">
         <name>USBDualModeTerm</name>
         <value>0x14db5</value>
         <object_component_ref idref="oc-3b7"/>
      </symbol>
      <symbol id="sm-1d6b">
         <name>g_iUSBMode</name>
         <value>0x2000654c</value>
         <object_component_ref idref="oc-261"/>
      </symbol>
      <symbol id="sm-1d6c">
         <name>USBOTGModeInit</name>
         <value>0x14e3f</value>
         <object_component_ref idref="oc-3b7"/>
      </symbol>
      <symbol id="sm-1d6d">
         <name>USBStackModeSet</name>
         <value>0x14ca1</value>
         <object_component_ref idref="oc-3b7"/>
      </symbol>
      <symbol id="sm-1d6e">
         <name>g_ui32WaitTicks</name>
         <value>0x20006550</value>
         <object_component_ref idref="oc-261"/>
      </symbol>
      <symbol id="sm-1d6f">
         <name>USBOTGPollRate</name>
         <value>0x14f65</value>
         <object_component_ref idref="oc-3b7"/>
      </symbol>
      <symbol id="sm-1d70">
         <name>OTGDeviceDisconnect</name>
         <value>0x1507d</value>
         <object_component_ref idref="oc-3b7"/>
      </symbol>
      <symbol id="sm-1d71">
         <name>USBOTGFeatureSet</name>
         <value>0x15135</value>
         <object_component_ref idref="oc-3b7"/>
      </symbol>
      <symbol id="sm-1dc8">
         <name>USBRingBufWrite</name>
         <value>0x15f2b</value>
         <object_component_ref idref="oc-516"/>
      </symbol>
      <symbol id="sm-1dc9">
         <name>USBRingBufContigUsed</name>
         <value>0x15cad</value>
         <object_component_ref idref="oc-516"/>
      </symbol>
      <symbol id="sm-1dca">
         <name>USBRingBufFlush</name>
         <value>0x15c23</value>
         <object_component_ref idref="oc-516"/>
      </symbol>
      <symbol id="sm-1dcb">
         <name>USBRingBufAdvanceWrite</name>
         <value>0x15e55</value>
         <object_component_ref idref="oc-516"/>
      </symbol>
      <symbol id="sm-1dcc">
         <name>USBRingBufWriteOne</name>
         <value>0x15ee5</value>
         <object_component_ref idref="oc-516"/>
      </symbol>
      <symbol id="sm-1dcd">
         <name>USBRingBufUsed</name>
         <value>0x15c4f</value>
         <object_component_ref idref="oc-516"/>
      </symbol>
      <symbol id="sm-1dce">
         <name>USBRingBufFree</name>
         <value>0x15c89</value>
         <object_component_ref idref="oc-516"/>
      </symbol>
      <symbol id="sm-1dcf">
         <name>USBRingBufAdvanceRead</name>
         <value>0x15dff</value>
         <object_component_ref idref="oc-516"/>
      </symbol>
      <symbol id="sm-1dd0">
         <name>USBRingBufFull</name>
         <value>0x15baf</value>
         <object_component_ref idref="oc-516"/>
      </symbol>
      <symbol id="sm-1dd1">
         <name>USBRingBufReadOne</name>
         <value>0x15d43</value>
         <object_component_ref idref="oc-516"/>
      </symbol>
      <symbol id="sm-1dd2">
         <name>USBRingBufEmpty</name>
         <value>0x15bf1</value>
         <object_component_ref idref="oc-516"/>
      </symbol>
      <symbol id="sm-1dd3">
         <name>USBRingBufSize</name>
         <value>0x15d2b</value>
         <object_component_ref idref="oc-516"/>
      </symbol>
      <symbol id="sm-1dd4">
         <name>USBRingBufInit</name>
         <value>0x15fa1</value>
         <object_component_ref idref="oc-516"/>
      </symbol>
      <symbol id="sm-1dd5">
         <name>USBRingBufRead</name>
         <value>0x15d89</value>
         <object_component_ref idref="oc-516"/>
      </symbol>
      <symbol id="sm-1dd6">
         <name>USBRingBufContigFree</name>
         <value>0x15ce5</value>
         <object_component_ref idref="oc-516"/>
      </symbol>
      <symbol id="sm-1dff">
         <name>g_pfnTickHandlers</name>
         <value>0x20006178</value>
      </symbol>
      <symbol id="sm-1e00">
         <name>g_pvTickInstance</name>
         <value>0x20006190</value>
      </symbol>
      <symbol id="sm-1e01">
         <name>g_ui32USBSOFCount</name>
         <value>0x2000653c</value>
         <object_component_ref idref="oc-27c"/>
      </symbol>
      <symbol id="sm-1e02">
         <name>InternalUSBTickReset</name>
         <value>0x1898b</value>
         <object_component_ref idref="oc-257"/>
      </symbol>
      <symbol id="sm-1e03">
         <name>g_bUSBTimerInitialized</name>
         <value>0x20006534</value>
         <object_component_ref idref="oc-27c"/>
      </symbol>
      <symbol id="sm-1e04">
         <name>g_ui32CurrentUSBTick</name>
         <value>0x20006538</value>
         <object_component_ref idref="oc-27c"/>
      </symbol>
      <symbol id="sm-1e05">
         <name>InternalUSBStartOfFrameTick</name>
         <value>0x189e3</value>
         <object_component_ref idref="oc-257"/>
      </symbol>
      <symbol id="sm-1e06">
         <name>InternalUSBRegisterTickHandler</name>
         <value>0x18993</value>
         <object_component_ref idref="oc-257"/>
      </symbol>
      <symbol id="sm-1e07">
         <name>InternalUSBTickInit</name>
         <value>0x1894d</value>
         <object_component_ref idref="oc-257"/>
      </symbol>
      <symbol id="sm-1e14">
         <name>ULPIPowerTransceiver</name>
         <value>0x18bb5</value>
         <object_component_ref idref="oc-24b"/>
      </symbol>
      <symbol id="sm-1e15">
         <name>ULPIConfigSet</name>
         <value>0x18b13</value>
         <object_component_ref idref="oc-24b"/>
      </symbol>
      <symbol id="sm-1e2f">
         <name>GetOverflowCounts</name>
         <value>0x195d5</value>
         <object_component_ref idref="oc-150"/>
      </symbol>
      <symbol id="sm-1e30">
         <name>vConfigureTimerForRunTimeStats</name>
         <value>0x19139</value>
         <object_component_ref idref="oc-144"/>
      </symbol>
      <symbol id="sm-1e50">
         <name>CmdLineProcess</name>
         <value>0x18c91</value>
         <object_component_ref idref="oc-3a7"/>
      </symbol>
      <symbol id="sm-1e80">
         <name>CPUUsageInit</name>
         <value>0x18537</value>
         <object_component_ref idref="oc-175"/>
      </symbol>
      <symbol id="sm-1e81">
         <name>CPUUsageTick</name>
         <value>0x184f9</value>
         <object_component_ref idref="oc-175"/>
      </symbol>
      <symbol id="sm-1f8b">
         <name>UARTTxBytesFree</name>
         <value>0x1175b</value>
         <object_component_ref idref="oc-38"/>
      </symbol>
      <symbol id="sm-1f8c">
         <name>UARTFlushRx</name>
         <value>0x11767</value>
         <object_component_ref idref="oc-38"/>
      </symbol>
      <symbol id="sm-1f8d">
         <name>UARTgetc</name>
         <value>0x113f1</value>
         <object_component_ref idref="oc-38"/>
      </symbol>
      <symbol id="sm-1f8e">
         <name>UARTgets</name>
         <value>0x10f91</value>
         <object_component_ref idref="oc-38"/>
      </symbol>
      <symbol id="sm-1f8f">
         <name>UARTFlushTx</name>
         <value>0x11775</value>
         <object_component_ref idref="oc-38"/>
      </symbol>
      <symbol id="sm-1f90">
         <name>UARTStdioConfig</name>
         <value>0x10d9b</value>
         <object_component_ref idref="oc-38"/>
      </symbol>
      <symbol id="sm-1f91">
         <name>UARTStdioIntHandler</name>
         <value>0x117c3</value>
         <object_component_ref idref="oc-38"/>
      </symbol>
      <symbol id="sm-1f92">
         <name>UARTRxBytesAvail</name>
         <value>0x1174f</value>
         <object_component_ref idref="oc-38"/>
      </symbol>
      <symbol id="sm-1f93">
         <name>UARTwrite</name>
         <value>0x10ec7</value>
         <object_component_ref idref="oc-38"/>
      </symbol>
      <symbol id="sm-1f94">
         <name>UARTEchoSet</name>
         <value>0x1179b</value>
         <object_component_ref idref="oc-38"/>
      </symbol>
      <symbol id="sm-1f95">
         <name>UARTprintf</name>
         <value>0x1172b</value>
         <object_component_ref idref="oc-38"/>
      </symbol>
      <symbol id="sm-1f96">
         <name>UARTvprintf</name>
         <value>0x11419</value>
         <object_component_ref idref="oc-38"/>
      </symbol>
      <symbol id="sm-1fbd">
         <name>sprintf</name>
         <value>0x19481</value>
         <object_component_ref idref="oc-169"/>
      </symbol>
      <symbol id="sm-1fd4">
         <name>__aeabi_dsub</name>
         <value>0x17fa5</value>
         <object_component_ref idref="oc-19c"/>
      </symbol>
      <symbol id="sm-1fd5">
         <name>__aeabi_dadd</name>
         <value>0x17faf</value>
         <object_component_ref idref="oc-19c"/>
      </symbol>
      <symbol id="sm-1fe9">
         <name>__aeabi_ddiv</name>
         <value>0x18299</value>
         <object_component_ref idref="oc-197"/>
      </symbol>
      <symbol id="sm-1ff4">
         <name>__aeabi_dmul</name>
         <value>0x18851</value>
         <object_component_ref idref="oc-192"/>
      </symbol>
      <symbol id="sm-2000">
         <name>__aeabi_d2f</name>
         <value>0x19063</value>
         <object_component_ref idref="oc-1a1"/>
      </symbol>
      <symbol id="sm-201c">
         <name>memcpy</name>
         <value>0x18d3d</value>
         <object_component_ref idref="oc-52"/>
      </symbol>
      <symbol id="sm-201d">
         <name>__aeabi_memcpy</name>
         <value>0x18d3d</value>
         <object_component_ref idref="oc-52"/>
      </symbol>
      <symbol id="sm-201e">
         <name>__aeabi_memcpy8</name>
         <value>0x18d3d</value>
         <object_component_ref idref="oc-52"/>
      </symbol>
      <symbol id="sm-201f">
         <name>__aeabi_memcpy4</name>
         <value>0x18d3d</value>
         <object_component_ref idref="oc-52"/>
      </symbol>
      <symbol id="sm-2029">
         <name>__aeabi_ui2d</name>
         <value>0x1961d</value>
         <object_component_ref idref="oc-18d"/>
      </symbol>
      <symbol id="sm-2038">
         <name>__aeabi_memset</name>
         <value>0x18f7d</value>
         <object_component_ref idref="oc-104"/>
      </symbol>
      <symbol id="sm-2039">
         <name>memset</name>
         <value>0x18f83</value>
         <object_component_ref idref="oc-104"/>
      </symbol>
      <symbol id="sm-203a">
         <name>__aeabi_memset8</name>
         <value>0x18f7d</value>
         <object_component_ref idref="oc-104"/>
      </symbol>
      <symbol id="sm-203b">
         <name>__aeabi_memset4</name>
         <value>0x18f7d</value>
         <object_component_ref idref="oc-104"/>
      </symbol>
      <symbol id="sm-203c">
         <name>__aeabi_memclr8</name>
         <value>0x18f7b</value>
         <object_component_ref idref="oc-104"/>
      </symbol>
      <symbol id="sm-203d">
         <name>__aeabi_memclr4</name>
         <value>0x18f7b</value>
         <object_component_ref idref="oc-104"/>
      </symbol>
      <symbol id="sm-203e">
         <name>__aeabi_memclr</name>
         <value>0x18f7b</value>
         <object_component_ref idref="oc-104"/>
      </symbol>
      <symbol id="sm-204d">
         <name>__aeabi_uidivmod</name>
         <value>0x19441</value>
         <object_component_ref idref="oc-cd"/>
      </symbol>
      <symbol id="sm-204e">
         <name>__aeabi_uidiv</name>
         <value>0x19441</value>
         <object_component_ref idref="oc-cd"/>
      </symbol>
      <symbol id="sm-2060">
         <name>__TI_zero_init</name>
         <value>0x19701</value>
         <object_component_ref idref="oc-64"/>
      </symbol>
      <symbol id="sm-2077">
         <name>__TI_decompress_none</name>
         <value>0x196f3</value>
         <object_component_ref idref="oc-1b"/>
      </symbol>
      <symbol id="sm-209a">
         <name>__TI_decompress_lzss</name>
         <value>0x191a1</value>
         <object_component_ref idref="oc-15"/>
      </symbol>
      <symbol id="sm-20b0">
         <name>rand</name>
         <value>0x19571</value>
         <object_component_ref idref="oc-1b2"/>
      </symbol>
      <symbol id="sm-20bf">
         <name>strcmp</name>
         <value>0x1968b</value>
         <object_component_ref idref="oc-508"/>
      </symbol>
      <symbol id="sm-20cd">
         <name>strcpy</name>
         <value>0x196b9</value>
         <object_component_ref idref="oc-15d"/>
      </symbol>
      <symbol id="sm-20db">
         <name>strlen</name>
         <value>0x196cd</value>
         <object_component_ref idref="oc-163"/>
      </symbol>
      <symbol id="sm-20ee">
         <name>__stack</name>
         <value>0x20006588</value>
         <object_component_ref idref="oc-24"/>
      </symbol>
      <symbol id="sm-20ef">
         <name>_c_int00_noargs</name>
         <value>0x1953d</value>
         <object_component_ref idref="oc-70"/>
      </symbol>
      <symbol id="sm-2254">
         <name>__TI_printfi</name>
         <value>0x123d5</value>
         <object_component_ref idref="oc-323"/>
      </symbol>
      <symbol id="sm-225e">
         <name>__aeabi_idiv0</name>
         <value>0x176bf</value>
         <object_component_ref idref="oc-23a"/>
      </symbol>
      <symbol id="sm-225f">
         <name>__aeabi_ldiv0</name>
         <value>0x176bf</value>
         <object_component_ref idref="oc-23a"/>
      </symbol>
      <symbol id="sm-2281">
         <name>__aeabi_cdcmpeq</name>
         <value>0x18e6f</value>
         <object_component_ref idref="oc-477"/>
      </symbol>
      <symbol id="sm-2282">
         <name>__aeabi_cdcmple</name>
         <value>0x18e6f</value>
         <object_component_ref idref="oc-477"/>
      </symbol>
      <symbol id="sm-2283">
         <name>__aeabi_cdrcmple</name>
         <value>0x18ef5</value>
         <object_component_ref idref="oc-5bb"/>
      </symbol>
      <symbol id="sm-228d">
         <name>__aeabi_d2iz</name>
         <value>0x193b5</value>
         <object_component_ref idref="oc-5c0"/>
      </symbol>
      <symbol id="sm-2297">
         <name>__aeabi_i2d</name>
         <value>0x195a5</value>
         <object_component_ref idref="oc-5cb"/>
      </symbol>
      <symbol id="sm-22a4">
         <name>__aeabi_uldivmod</name>
         <value>0x18dd9</value>
         <object_component_ref idref="oc-5b4"/>
      </symbol>
      <symbol id="sm-22cc">
         <name>__TI_auto_init_nobinit_nopinit</name>
         <value>0x193fd</value>
         <object_component_ref idref="oc-2a1"/>
      </symbol>
      <symbol id="sm-22d6">
         <name>_system_pre_init</name>
         <value>0x19733</value>
         <object_component_ref idref="oc-10a"/>
      </symbol>
      <symbol id="sm-22e2">
         <name>C$$EXIT</name>
         <value>0x19737</value>
         <object_component_ref idref="oc-295"/>
      </symbol>
      <symbol id="sm-22e3">
         <name>abort</name>
         <value>0x19737</value>
         <object_component_ref idref="oc-295"/>
      </symbol>
      <symbol id="sm-22f8">
         <name>_nop</name>
         <value>0x12e23</value>
         <object_component_ref idref="oc-4ee"/>
      </symbol>
      <symbol id="sm-22f9">
         <name>_lock</name>
         <value>0x20006558</value>
         <object_component_ref idref="oc-386"/>
      </symbol>
      <symbol id="sm-22fa">
         <name>_unlock</name>
         <value>0x2000655c</value>
         <object_component_ref idref="oc-386"/>
      </symbol>
      <symbol id="sm-2309">
         <name>__TI_ltoa</name>
         <value>0x192c3</value>
         <object_component_ref idref="oc-5c5"/>
      </symbol>
      <symbol id="sm-2320">
         <name>atoi</name>
         <value>0x19369</value>
         <object_component_ref idref="oc-46b"/>
      </symbol>
      <symbol id="sm-232b">
         <name>_ctypes_</name>
         <value>0x19aec</value>
         <object_component_ref idref="oc-5af"/>
      </symbol>
      <symbol id="sm-233b">
         <name>memccpy</name>
         <value>0x1963d</value>
         <object_component_ref idref="oc-494"/>
      </symbol>
      <symbol id="sm-234b">
         <name>strchr</name>
         <value>0x196a3</value>
         <object_component_ref idref="oc-5f7"/>
      </symbol>
      <symbol id="sm-2361">
         <name>__aeabi_errno_addr</name>
         <value>0x19725</value>
         <object_component_ref idref="oc-4a0"/>
      </symbol>
      <symbol id="sm-2362">
         <name>errno</name>
         <value>0x20006580</value>
         <object_component_ref idref="oc-607"/>
      </symbol>
      <symbol id="sm-237b">
         <name>wcslen</name>
         <value>0x196e1</value>
         <object_component_ref idref="oc-49a"/>
      </symbol>
      <symbol id="sm-239b">
         <name>frexpl</name>
         <value>0x19209</value>
         <object_component_ref idref="oc-5eb"/>
      </symbol>
      <symbol id="sm-239c">
         <name>frexp</name>
         <value>0x19209</value>
         <object_component_ref idref="oc-5eb"/>
      </symbol>
      <symbol id="sm-23b9">
         <name>scalbn</name>
         <value>0x18741</value>
         <object_component_ref idref="oc-5f1"/>
      </symbol>
      <symbol id="sm-23ba">
         <name>scalbnl</name>
         <value>0x18741</value>
         <object_component_ref idref="oc-5f1"/>
      </symbol>
      <symbol id="sm-23bb">
         <name>ldexpl</name>
         <value>0x18741</value>
         <object_component_ref idref="oc-5f1"/>
      </symbol>
      <symbol id="sm-23bc">
         <name>ldexp</name>
         <value>0x18741</value>
         <object_component_ref idref="oc-5f1"/>
      </symbol>
      <symbol id="sm-23c6">
         <name>copysign</name>
         <value>0x19659</value>
         <object_component_ref idref="oc-6b2"/>
      </symbol>
      <symbol id="sm-23c7">
         <name>copysignl</name>
         <value>0x19659</value>
         <object_component_ref idref="oc-6b2"/>
      </symbol>
      <symbol id="sm-23c8">
         <name>__TI_static_base__</name>
         <value>0x0</value>
      </symbol>
      <symbol id="sm-23cb">
         <name>__mpu_init</name>
         <value>0x0</value>
      </symbol>
      <symbol id="sm-23cc">
         <name>_system_post_cinit</name>
         <value>0x0</value>
      </symbol>
   </symbol_table>
   <title>Link successful</title>
</link_info>
