<?xml version="1.0" encoding="ISO-8859-1" ?>
<link_info>
   <banner>TI ARM Linker Unix v20.2.7.LTS</banner>
   <copyright>Copyright (c) 1996-2018 Texas Instruments Incorporated</copyright>
   <link_time>0x6a0d7533</link_time>
   <link_errors>0x0</link_errors>
   <output_file>practica-TIVA-2026.out</output_file>
   <entry_point>
      <name>_c_int00_noargs</name>
      <address>0x18025</address>
   </entry_point>
   <input_file_list>
      <input_file id="fl-2">
         <path>./</path>
         <kind>object</kind>
         <file>commands.obj</file>
         <name>commands.obj</name>
      </input_file>
      <input_file id="fl-3">
         <path>./</path>
         <kind>object</kind>
         <file>crc.obj</file>
         <name>crc.obj</name>
      </input_file>
      <input_file id="fl-4">
         <path>./</path>
         <kind>object</kind>
         <file>main.obj</file>
         <name>main.obj</name>
      </input_file>
      <input_file id="fl-5">
         <path>./</path>
         <kind>object</kind>
         <file>serial2USBprotocol.obj</file>
         <name>serial2USBprotocol.obj</name>
      </input_file>
      <input_file id="fl-6">
         <path>./</path>
         <kind>object</kind>
         <file>startup_ccs.obj</file>
         <name>startup_ccs.obj</name>
      </input_file>
      <input_file id="fl-7">
         <path>./</path>
         <kind>object</kind>
         <file>usb_dev_serial.obj</file>
         <name>usb_dev_serial.obj</name>
      </input_file>
      <input_file id="fl-8">
         <path>./</path>
         <kind>object</kind>
         <file>usb_serial_structs.obj</file>
         <name>usb_serial_structs.obj</name>
      </input_file>
      <input_file id="fl-9">
         <path>./FreeRTOS/Source/</path>
         <kind>object</kind>
         <file>croutine.obj</file>
         <name>croutine.obj</name>
      </input_file>
      <input_file id="fl-a">
         <path>./FreeRTOS/Source/</path>
         <kind>object</kind>
         <file>event_groups.obj</file>
         <name>event_groups.obj</name>
      </input_file>
      <input_file id="fl-b">
         <path>./FreeRTOS/Source/</path>
         <kind>object</kind>
         <file>list.obj</file>
         <name>list.obj</name>
      </input_file>
      <input_file id="fl-c">
         <path>./FreeRTOS/Source/</path>
         <kind>object</kind>
         <file>queue.obj</file>
         <name>queue.obj</name>
      </input_file>
      <input_file id="fl-d">
         <path>./FreeRTOS/Source/</path>
         <kind>object</kind>
         <file>stream_buffer.obj</file>
         <name>stream_buffer.obj</name>
      </input_file>
      <input_file id="fl-e">
         <path>./FreeRTOS/Source/</path>
         <kind>object</kind>
         <file>tasks.obj</file>
         <name>tasks.obj</name>
      </input_file>
      <input_file id="fl-f">
         <path>./FreeRTOS/Source/</path>
         <kind>object</kind>
         <file>timers.obj</file>
         <name>timers.obj</name>
      </input_file>
      <input_file id="fl-10">
         <path>./FreeRTOS/Source/portable/CCS/ARM_CM4F/</path>
         <kind>object</kind>
         <file>port.obj</file>
         <name>port.obj</name>
      </input_file>
      <input_file id="fl-11">
         <path>./FreeRTOS/Source/portable/CCS/ARM_CM4F/</path>
         <kind>object</kind>
         <file>portasm.obj</file>
         <name>portasm.obj</name>
      </input_file>
      <input_file id="fl-12">
         <path>./FreeRTOS/Source/portable/MemMang/</path>
         <kind>object</kind>
         <file>heap_4.obj</file>
         <name>heap_4.obj</name>
      </input_file>
      <input_file id="fl-13">
         <path>./driverlib/</path>
         <kind>object</kind>
         <file>adc.obj</file>
         <name>adc.obj</name>
      </input_file>
      <input_file id="fl-14">
         <path>./driverlib/</path>
         <kind>object</kind>
         <file>aes.obj</file>
         <name>aes.obj</name>
      </input_file>
      <input_file id="fl-15">
         <path>./driverlib/</path>
         <kind>object</kind>
         <file>can.obj</file>
         <name>can.obj</name>
      </input_file>
      <input_file id="fl-16">
         <path>./driverlib/</path>
         <kind>object</kind>
         <file>comp.obj</file>
         <name>comp.obj</name>
      </input_file>
      <input_file id="fl-17">
         <path>./driverlib/</path>
         <kind>object</kind>
         <file>cpu.obj</file>
         <name>cpu.obj</name>
      </input_file>
      <input_file id="fl-18">
         <path>./driverlib/</path>
         <kind>object</kind>
         <file>crc.obj</file>
         <name>crc.obj</name>
      </input_file>
      <input_file id="fl-19">
         <path>./driverlib/</path>
         <kind>object</kind>
         <file>des.obj</file>
         <name>des.obj</name>
      </input_file>
      <input_file id="fl-1a">
         <path>./driverlib/</path>
         <kind>object</kind>
         <file>eeprom.obj</file>
         <name>eeprom.obj</name>
      </input_file>
      <input_file id="fl-1b">
         <path>./driverlib/</path>
         <kind>object</kind>
         <file>emac.obj</file>
         <name>emac.obj</name>
      </input_file>
      <input_file id="fl-1c">
         <path>./driverlib/</path>
         <kind>object</kind>
         <file>epi.obj</file>
         <name>epi.obj</name>
      </input_file>
      <input_file id="fl-1d">
         <path>./driverlib/</path>
         <kind>object</kind>
         <file>epi_workaround_ccs.obj</file>
         <name>epi_workaround_ccs.obj</name>
      </input_file>
      <input_file id="fl-1e">
         <path>./driverlib/</path>
         <kind>object</kind>
         <file>flash.obj</file>
         <name>flash.obj</name>
      </input_file>
      <input_file id="fl-1f">
         <path>./driverlib/</path>
         <kind>object</kind>
         <file>fpu.obj</file>
         <name>fpu.obj</name>
      </input_file>
      <input_file id="fl-20">
         <path>./driverlib/</path>
         <kind>object</kind>
         <file>gpio.obj</file>
         <name>gpio.obj</name>
      </input_file>
      <input_file id="fl-21">
         <path>./driverlib/</path>
         <kind>object</kind>
         <file>hibernate.obj</file>
         <name>hibernate.obj</name>
      </input_file>
      <input_file id="fl-22">
         <path>./driverlib/</path>
         <kind>object</kind>
         <file>i2c.obj</file>
         <name>i2c.obj</name>
      </input_file>
      <input_file id="fl-23">
         <path>./driverlib/</path>
         <kind>object</kind>
         <file>interrupt.obj</file>
         <name>interrupt.obj</name>
      </input_file>
      <input_file id="fl-24">
         <path>./driverlib/</path>
         <kind>object</kind>
         <file>lcd.obj</file>
         <name>lcd.obj</name>
      </input_file>
      <input_file id="fl-25">
         <path>./driverlib/</path>
         <kind>object</kind>
         <file>mpu.obj</file>
         <name>mpu.obj</name>
      </input_file>
      <input_file id="fl-26">
         <path>./driverlib/</path>
         <kind>object</kind>
         <file>onewire.obj</file>
         <name>onewire.obj</name>
      </input_file>
      <input_file id="fl-27">
         <path>./driverlib/</path>
         <kind>object</kind>
         <file>pwm.obj</file>
         <name>pwm.obj</name>
      </input_file>
      <input_file id="fl-28">
         <path>./driverlib/</path>
         <kind>object</kind>
         <file>qei.obj</file>
         <name>qei.obj</name>
      </input_file>
      <input_file id="fl-29">
         <path>./driverlib/</path>
         <kind>object</kind>
         <file>shamd5.obj</file>
         <name>shamd5.obj</name>
      </input_file>
      <input_file id="fl-2a">
         <path>./driverlib/</path>
         <kind>object</kind>
         <file>ssi.obj</file>
         <name>ssi.obj</name>
      </input_file>
      <input_file id="fl-2b">
         <path>./driverlib/</path>
         <kind>object</kind>
         <file>sw_crc.obj</file>
         <name>sw_crc.obj</name>
      </input_file>
      <input_file id="fl-2c">
         <path>./driverlib/</path>
         <kind>object</kind>
         <file>sysctl.obj</file>
         <name>sysctl.obj</name>
      </input_file>
      <input_file id="fl-2d">
         <path>./driverlib/</path>
         <kind>object</kind>
         <file>sysexc.obj</file>
         <name>sysexc.obj</name>
      </input_file>
      <input_file id="fl-2e">
         <path>./driverlib/</path>
         <kind>object</kind>
         <file>systick.obj</file>
         <name>systick.obj</name>
      </input_file>
      <input_file id="fl-2f">
         <path>./driverlib/</path>
         <kind>object</kind>
         <file>timer.obj</file>
         <name>timer.obj</name>
      </input_file>
      <input_file id="fl-30">
         <path>./driverlib/</path>
         <kind>object</kind>
         <file>uart.obj</file>
         <name>uart.obj</name>
      </input_file>
      <input_file id="fl-31">
         <path>./driverlib/</path>
         <kind>object</kind>
         <file>udma.obj</file>
         <name>udma.obj</name>
      </input_file>
      <input_file id="fl-32">
         <path>./driverlib/</path>
         <kind>object</kind>
         <file>usb.obj</file>
         <name>usb.obj</name>
      </input_file>
      <input_file id="fl-33">
         <path>./driverlib/</path>
         <kind>object</kind>
         <file>watchdog.obj</file>
         <name>watchdog.obj</name>
      </input_file>
      <input_file id="fl-34">
         <path>./drivers/</path>
         <kind>object</kind>
         <file>buttons.obj</file>
         <name>buttons.obj</name>
      </input_file>
      <input_file id="fl-35">
         <path>./drivers/</path>
         <kind>object</kind>
         <file>rgb.obj</file>
         <name>rgb.obj</name>
      </input_file>
      <input_file id="fl-36">
         <path>./usblib/device/</path>
         <kind>object</kind>
         <file>usbdaudio.obj</file>
         <name>usbdaudio.obj</name>
      </input_file>
      <input_file id="fl-37">
         <path>./usblib/device/</path>
         <kind>object</kind>
         <file>usbdbulk.obj</file>
         <name>usbdbulk.obj</name>
      </input_file>
      <input_file id="fl-38">
         <path>./usblib/device/</path>
         <kind>object</kind>
         <file>usbdcdc.obj</file>
         <name>usbdcdc.obj</name>
      </input_file>
      <input_file id="fl-39">
         <path>./usblib/device/</path>
         <kind>object</kind>
         <file>usbdcdesc.obj</file>
         <name>usbdcdesc.obj</name>
      </input_file>
      <input_file id="fl-3a">
         <path>./usblib/device/</path>
         <kind>object</kind>
         <file>usbdcomp.obj</file>
         <name>usbdcomp.obj</name>
      </input_file>
      <input_file id="fl-3b">
         <path>./usblib/device/</path>
         <kind>object</kind>
         <file>usbdconfig.obj</file>
         <name>usbdconfig.obj</name>
      </input_file>
      <input_file id="fl-3c">
         <path>./usblib/device/</path>
         <kind>object</kind>
         <file>usbddfu-rt.obj</file>
         <name>usbddfu-rt.obj</name>
      </input_file>
      <input_file id="fl-3d">
         <path>./usblib/device/</path>
         <kind>object</kind>
         <file>usbdenum.obj</file>
         <name>usbdenum.obj</name>
      </input_file>
      <input_file id="fl-3e">
         <path>./usblib/device/</path>
         <kind>object</kind>
         <file>usbdhandler.obj</file>
         <name>usbdhandler.obj</name>
      </input_file>
      <input_file id="fl-3f">
         <path>./usblib/device/</path>
         <kind>object</kind>
         <file>usbdhid.obj</file>
         <name>usbdhid.obj</name>
      </input_file>
      <input_file id="fl-40">
         <path>./usblib/device/</path>
         <kind>object</kind>
         <file>usbdhidgamepad.obj</file>
         <name>usbdhidgamepad.obj</name>
      </input_file>
      <input_file id="fl-41">
         <path>./usblib/device/</path>
         <kind>object</kind>
         <file>usbdhidkeyb.obj</file>
         <name>usbdhidkeyb.obj</name>
      </input_file>
      <input_file id="fl-42">
         <path>./usblib/device/</path>
         <kind>object</kind>
         <file>usbdhidmouse.obj</file>
         <name>usbdhidmouse.obj</name>
      </input_file>
      <input_file id="fl-43">
         <path>./usblib/device/</path>
         <kind>object</kind>
         <file>usbdmsc.obj</file>
         <name>usbdmsc.obj</name>
      </input_file>
      <input_file id="fl-44">
         <path>./usblib/host/</path>
         <kind>object</kind>
         <file>usbhaudio.obj</file>
         <name>usbhaudio.obj</name>
      </input_file>
      <input_file id="fl-45">
         <path>./usblib/host/</path>
         <kind>object</kind>
         <file>usbhhid.obj</file>
         <name>usbhhid.obj</name>
      </input_file>
      <input_file id="fl-46">
         <path>./usblib/host/</path>
         <kind>object</kind>
         <file>usbhhidkeyboard.obj</file>
         <name>usbhhidkeyboard.obj</name>
      </input_file>
      <input_file id="fl-47">
         <path>./usblib/host/</path>
         <kind>object</kind>
         <file>usbhhidmouse.obj</file>
         <name>usbhhidmouse.obj</name>
      </input_file>
      <input_file id="fl-48">
         <path>./usblib/host/</path>
         <kind>object</kind>
         <file>usbhhub.obj</file>
         <name>usbhhub.obj</name>
      </input_file>
      <input_file id="fl-49">
         <path>./usblib/host/</path>
         <kind>object</kind>
         <file>usbhmsc.obj</file>
         <name>usbhmsc.obj</name>
      </input_file>
      <input_file id="fl-4a">
         <path>./usblib/host/</path>
         <kind>object</kind>
         <file>usbhostenum.obj</file>
         <name>usbhostenum.obj</name>
      </input_file>
      <input_file id="fl-4b">
         <path>./usblib/host/</path>
         <kind>object</kind>
         <file>usbhscsi.obj</file>
         <name>usbhscsi.obj</name>
      </input_file>
      <input_file id="fl-4c">
         <path>./usblib/</path>
         <kind>object</kind>
         <file>usbbuffer.obj</file>
         <name>usbbuffer.obj</name>
      </input_file>
      <input_file id="fl-4d">
         <path>./usblib/</path>
         <kind>object</kind>
         <file>usbdesc.obj</file>
         <name>usbdesc.obj</name>
      </input_file>
      <input_file id="fl-4e">
         <path>./usblib/</path>
         <kind>object</kind>
         <file>usbdma.obj</file>
         <name>usbdma.obj</name>
      </input_file>
      <input_file id="fl-4f">
         <path>./usblib/</path>
         <kind>object</kind>
         <file>usbkeyboardmap.obj</file>
         <name>usbkeyboardmap.obj</name>
      </input_file>
      <input_file id="fl-50">
         <path>./usblib/</path>
         <kind>object</kind>
         <file>usbmode.obj</file>
         <name>usbmode.obj</name>
      </input_file>
      <input_file id="fl-51">
         <path>./usblib/</path>
         <kind>object</kind>
         <file>usbringbuf.obj</file>
         <name>usbringbuf.obj</name>
      </input_file>
      <input_file id="fl-52">
         <path>./usblib/</path>
         <kind>object</kind>
         <file>usbtick.obj</file>
         <name>usbtick.obj</name>
      </input_file>
      <input_file id="fl-53">
         <path>./usblib/</path>
         <kind>object</kind>
         <file>usbulpi.obj</file>
         <name>usbulpi.obj</name>
      </input_file>
      <input_file id="fl-54">
         <path>./utils/</path>
         <kind>object</kind>
         <file>RunTimeStatsConfig.obj</file>
         <name>RunTimeStatsConfig.obj</name>
      </input_file>
      <input_file id="fl-55">
         <path>./utils/</path>
         <kind>object</kind>
         <file>cmdline.obj</file>
         <name>cmdline.obj</name>
      </input_file>
      <input_file id="fl-56">
         <path>./utils/</path>
         <kind>object</kind>
         <file>cpu_usage.obj</file>
         <name>cpu_usage.obj</name>
      </input_file>
      <input_file id="fl-57">
         <path>./utils/</path>
         <kind>object</kind>
         <file>uartstdioMod.obj</file>
         <name>uartstdioMod.obj</name>
      </input_file>
      <input_file id="fl-5b">
         <kind>object</kind>
         <file>&lt;internal&gt;</file>
         <name>&lt;internal&gt;</name>
      </input_file>
      <input_file id="fl-111">
         <path>/opt/ti/ccs1240/ccs/tools/compiler/ti-cgt-arm_20.2.7.LTS/lib/</path>
         <kind>archive</kind>
         <file>rtsv7M4_T_le_v4SPD16_eabi.lib</file>
         <name>sprintf.c.obj</name>
      </input_file>
      <input_file id="fl-112">
         <path>/opt/ti/ccs1240/ccs/tools/compiler/ti-cgt-arm_20.2.7.LTS/lib/</path>
         <kind>archive</kind>
         <file>rtsv7M4_T_le_v4SPD16_eabi.lib</file>
         <name>fs_toull_t2.asm.obj</name>
      </input_file>
      <input_file id="fl-113">
         <path>/opt/ti/ccs1240/ccs/tools/compiler/ti-cgt-arm_20.2.7.LTS/lib/</path>
         <kind>archive</kind>
         <file>rtsv7M4_T_le_v4SPD16_eabi.lib</file>
         <name>memcpy_t2.asm.obj</name>
      </input_file>
      <input_file id="fl-114">
         <path>/opt/ti/ccs1240/ccs/tools/compiler/ti-cgt-arm_20.2.7.LTS/lib/</path>
         <kind>archive</kind>
         <file>rtsv7M4_T_le_v4SPD16_eabi.lib</file>
         <name>memset_t2.asm.obj</name>
      </input_file>
      <input_file id="fl-115">
         <path>/opt/ti/ccs1240/ccs/tools/compiler/ti-cgt-arm_20.2.7.LTS/lib/</path>
         <kind>archive</kind>
         <file>rtsv7M4_T_le_v4SPD16_eabi.lib</file>
         <name>u_divt2.asm.obj</name>
      </input_file>
      <input_file id="fl-116">
         <path>/opt/ti/ccs1240/ccs/tools/compiler/ti-cgt-arm_20.2.7.LTS/lib/</path>
         <kind>archive</kind>
         <file>rtsv7M4_T_le_v4SPD16_eabi.lib</file>
         <name>copy_zero_init.c.obj</name>
      </input_file>
      <input_file id="fl-117">
         <path>/opt/ti/ccs1240/ccs/tools/compiler/ti-cgt-arm_20.2.7.LTS/lib/</path>
         <kind>archive</kind>
         <file>rtsv7M4_T_le_v4SPD16_eabi.lib</file>
         <name>copy_decompress_none.c.obj</name>
      </input_file>
      <input_file id="fl-118">
         <path>/opt/ti/ccs1240/ccs/tools/compiler/ti-cgt-arm_20.2.7.LTS/lib/</path>
         <kind>archive</kind>
         <file>rtsv7M4_T_le_v4SPD16_eabi.lib</file>
         <name>copy_decompress_lzss.c.obj</name>
      </input_file>
      <input_file id="fl-119">
         <path>/opt/ti/ccs1240/ccs/tools/compiler/ti-cgt-arm_20.2.7.LTS/lib/</path>
         <kind>archive</kind>
         <file>rtsv7M4_T_le_v4SPD16_eabi.lib</file>
         <name>rand.c.obj</name>
      </input_file>
      <input_file id="fl-11a">
         <path>/opt/ti/ccs1240/ccs/tools/compiler/ti-cgt-arm_20.2.7.LTS/lib/</path>
         <kind>archive</kind>
         <file>rtsv7M4_T_le_v4SPD16_eabi.lib</file>
         <name>strcmp.c.obj</name>
      </input_file>
      <input_file id="fl-11b">
         <path>/opt/ti/ccs1240/ccs/tools/compiler/ti-cgt-arm_20.2.7.LTS/lib/</path>
         <kind>archive</kind>
         <file>rtsv7M4_T_le_v4SPD16_eabi.lib</file>
         <name>strcpy.c.obj</name>
      </input_file>
      <input_file id="fl-11c">
         <path>/opt/ti/ccs1240/ccs/tools/compiler/ti-cgt-arm_20.2.7.LTS/lib/</path>
         <kind>archive</kind>
         <file>rtsv7M4_T_le_v4SPD16_eabi.lib</file>
         <name>strlen.c.obj</name>
      </input_file>
      <input_file id="fl-11d">
         <path>/opt/ti/ccs1240/ccs/tools/compiler/ti-cgt-arm_20.2.7.LTS/lib/</path>
         <kind>archive</kind>
         <file>rtsv7M4_T_le_v4SPD16_eabi.lib</file>
         <name>boot_cortex_m.c.obj</name>
      </input_file>
      <input_file id="fl-11e">
         <path>/opt/ti/ccs1240/ccs/tools/compiler/ti-cgt-arm_20.2.7.LTS/lib/</path>
         <kind>archive</kind>
         <file>rtsv7M4_T_le_v4SPD16_eabi.lib</file>
         <name>_printfi.c.obj</name>
      </input_file>
      <input_file id="fl-11f">
         <path>/opt/ti/ccs1240/ccs/tools/compiler/ti-cgt-arm_20.2.7.LTS/lib/</path>
         <kind>archive</kind>
         <file>rtsv7M4_T_le_v4SPD16_eabi.lib</file>
         <name>div0.asm.obj</name>
      </input_file>
      <input_file id="fl-120">
         <path>/opt/ti/ccs1240/ccs/tools/compiler/ti-cgt-arm_20.2.7.LTS/lib/</path>
         <kind>archive</kind>
         <file>rtsv7M4_T_le_v4SPD16_eabi.lib</file>
         <name>fd_add_t2.asm.obj</name>
      </input_file>
      <input_file id="fl-121">
         <path>/opt/ti/ccs1240/ccs/tools/compiler/ti-cgt-arm_20.2.7.LTS/lib/</path>
         <kind>archive</kind>
         <file>rtsv7M4_T_le_v4SPD16_eabi.lib</file>
         <name>fd_cmp_t2.asm.obj</name>
      </input_file>
      <input_file id="fl-122">
         <path>/opt/ti/ccs1240/ccs/tools/compiler/ti-cgt-arm_20.2.7.LTS/lib/</path>
         <kind>archive</kind>
         <file>rtsv7M4_T_le_v4SPD16_eabi.lib</file>
         <name>fd_div_t2.asm.obj</name>
      </input_file>
      <input_file id="fl-123">
         <path>/opt/ti/ccs1240/ccs/tools/compiler/ti-cgt-arm_20.2.7.LTS/lib/</path>
         <kind>archive</kind>
         <file>rtsv7M4_T_le_v4SPD16_eabi.lib</file>
         <name>fd_mul_t2.asm.obj</name>
      </input_file>
      <input_file id="fl-124">
         <path>/opt/ti/ccs1240/ccs/tools/compiler/ti-cgt-arm_20.2.7.LTS/lib/</path>
         <kind>archive</kind>
         <file>rtsv7M4_T_le_v4SPD16_eabi.lib</file>
         <name>fd_toi_t2.asm.obj</name>
      </input_file>
      <input_file id="fl-125">
         <path>/opt/ti/ccs1240/ccs/tools/compiler/ti-cgt-arm_20.2.7.LTS/lib/</path>
         <kind>archive</kind>
         <file>rtsv7M4_T_le_v4SPD16_eabi.lib</file>
         <name>i_tofd_t2.asm.obj</name>
      </input_file>
      <input_file id="fl-126">
         <path>/opt/ti/ccs1240/ccs/tools/compiler/ti-cgt-arm_20.2.7.LTS/lib/</path>
         <kind>archive</kind>
         <file>rtsv7M4_T_le_v4SPD16_eabi.lib</file>
         <name>ull_div_t2.asm.obj</name>
      </input_file>
      <input_file id="fl-127">
         <path>/opt/ti/ccs1240/ccs/tools/compiler/ti-cgt-arm_20.2.7.LTS/lib/</path>
         <kind>archive</kind>
         <file>rtsv7M4_T_le_v4SPD16_eabi.lib</file>
         <name>autoinit.c.obj</name>
      </input_file>
      <input_file id="fl-128">
         <path>/opt/ti/ccs1240/ccs/tools/compiler/ti-cgt-arm_20.2.7.LTS/lib/</path>
         <kind>archive</kind>
         <file>rtsv7M4_T_le_v4SPD16_eabi.lib</file>
         <name>pre_init.c.obj</name>
      </input_file>
      <input_file id="fl-129">
         <path>/opt/ti/ccs1240/ccs/tools/compiler/ti-cgt-arm_20.2.7.LTS/lib/</path>
         <kind>archive</kind>
         <file>rtsv7M4_T_le_v4SPD16_eabi.lib</file>
         <name>cpy_tbl.c.obj</name>
      </input_file>
      <input_file id="fl-12a">
         <path>/opt/ti/ccs1240/ccs/tools/compiler/ti-cgt-arm_20.2.7.LTS/lib/</path>
         <kind>archive</kind>
         <file>rtsv7M4_T_le_v4SPD16_eabi.lib</file>
         <name>exit.c.obj</name>
      </input_file>
      <input_file id="fl-12b">
         <path>/opt/ti/ccs1240/ccs/tools/compiler/ti-cgt-arm_20.2.7.LTS/lib/</path>
         <kind>archive</kind>
         <file>rtsv7M4_T_le_v4SPD16_eabi.lib</file>
         <name>_lock.c.obj</name>
      </input_file>
      <input_file id="fl-12c">
         <path>/opt/ti/ccs1240/ccs/tools/compiler/ti-cgt-arm_20.2.7.LTS/lib/</path>
         <kind>archive</kind>
         <file>rtsv7M4_T_le_v4SPD16_eabi.lib</file>
         <name>_ltoa.c.obj</name>
      </input_file>
      <input_file id="fl-12d">
         <path>/opt/ti/ccs1240/ccs/tools/compiler/ti-cgt-arm_20.2.7.LTS/lib/</path>
         <kind>archive</kind>
         <file>rtsv7M4_T_le_v4SPD16_eabi.lib</file>
         <name>args_main.c.obj</name>
      </input_file>
      <input_file id="fl-12e">
         <path>/opt/ti/ccs1240/ccs/tools/compiler/ti-cgt-arm_20.2.7.LTS/lib/</path>
         <kind>archive</kind>
         <file>rtsv7M4_T_le_v4SPD16_eabi.lib</file>
         <name>atoi.c.obj</name>
      </input_file>
      <input_file id="fl-12f">
         <path>/opt/ti/ccs1240/ccs/tools/compiler/ti-cgt-arm_20.2.7.LTS/lib/</path>
         <kind>archive</kind>
         <file>rtsv7M4_T_le_v4SPD16_eabi.lib</file>
         <name>ctype.c.obj</name>
      </input_file>
      <input_file id="fl-130">
         <path>/opt/ti/ccs1240/ccs/tools/compiler/ti-cgt-arm_20.2.7.LTS/lib/</path>
         <kind>archive</kind>
         <file>rtsv7M4_T_le_v4SPD16_eabi.lib</file>
         <name>memccpy.c.obj</name>
      </input_file>
      <input_file id="fl-131">
         <path>/opt/ti/ccs1240/ccs/tools/compiler/ti-cgt-arm_20.2.7.LTS/lib/</path>
         <kind>archive</kind>
         <file>rtsv7M4_T_le_v4SPD16_eabi.lib</file>
         <name>strchr.c.obj</name>
      </input_file>
      <input_file id="fl-132">
         <path>/opt/ti/ccs1240/ccs/tools/compiler/ti-cgt-arm_20.2.7.LTS/lib/</path>
         <kind>archive</kind>
         <file>rtsv7M4_T_le_v4SPD16_eabi.lib</file>
         <name>errno.c.obj</name>
      </input_file>
      <input_file id="fl-133">
         <path>/opt/ti/ccs1240/ccs/tools/compiler/ti-cgt-arm_20.2.7.LTS/lib/</path>
         <kind>archive</kind>
         <file>rtsv7M4_T_le_v4SPD16_eabi.lib</file>
         <name>wcslen.c.obj</name>
      </input_file>
      <input_file id="fl-134">
         <path>/opt/ti/ccs1240/ccs/tools/compiler/ti-cgt-arm_20.2.7.LTS/lib/</path>
         <kind>archive</kind>
         <file>rtsv7M4_T_le_v4SPD16_eabi.lib</file>
         <name>s_frexp.c.obj</name>
      </input_file>
      <input_file id="fl-135">
         <path>/opt/ti/ccs1240/ccs/tools/compiler/ti-cgt-arm_20.2.7.LTS/lib/</path>
         <kind>archive</kind>
         <file>rtsv7M4_T_le_v4SPD16_eabi.lib</file>
         <name>s_scalbn.c.obj</name>
      </input_file>
      <input_file id="fl-136">
         <path>/opt/ti/ccs1240/ccs/tools/compiler/ti-cgt-arm_20.2.7.LTS/lib/</path>
         <kind>archive</kind>
         <file>rtsv7M4_T_le_v4SPD16_eabi.lib</file>
         <name>s_copysign.c.obj</name>
      </input_file>
   </input_file_list>
   <object_component_list>
      <object_component id="oc-12">
         <name>.intvecs</name>
         <load_address>0x0</load_address>
         <run_address>0x0</run_address>
         <size>0x26c</size>
         <input_file_ref idref="fl-6"/>
      </object_component>
      <object_component id="oc-4d8">
         <name>.text</name>
         <load_address>0x26c</load_address>
         <run_address>0x26c</run_address>
         <size>0x3084</size>
         <input_file_ref idref="fl-4a"/>
      </object_component>
      <object_component id="oc-8b">
         <name>.text</name>
         <load_address>0x32f0</load_address>
         <run_address>0x32f0</run_address>
         <size>0x2870</size>
         <input_file_ref idref="fl-e"/>
      </object_component>
      <object_component id="oc-21d">
         <name>.text</name>
         <load_address>0x5b60</load_address>
         <run_address>0x5b60</run_address>
         <size>0x2398</size>
         <input_file_ref idref="fl-32"/>
      </object_component>
      <object_component id="oc-17b">
         <name>.text</name>
         <load_address>0x7ef8</load_address>
         <run_address>0x7ef8</run_address>
         <size>0x1688</size>
         <input_file_ref idref="fl-2c"/>
      </object_component>
      <object_component id="oc-e1">
         <name>.text</name>
         <load_address>0x9580</load_address>
         <run_address>0x9580</run_address>
         <size>0x1570</size>
         <input_file_ref idref="fl-3d"/>
      </object_component>
      <object_component id="oc-18d">
         <name>.text</name>
         <load_address>0xaaf0</load_address>
         <run_address>0xaaf0</run_address>
         <size>0x1288</size>
         <input_file_ref idref="fl-20"/>
      </object_component>
      <object_component id="oc-ac">
         <name>.text</name>
         <load_address>0xbd78</load_address>
         <run_address>0xbd78</run_address>
         <size>0x10c4</size>
         <input_file_ref idref="fl-c"/>
      </object_component>
      <object_component id="oc-372">
         <name>.text</name>
         <load_address>0xce3c</load_address>
         <run_address>0xce3c</run_address>
         <size>0xfdc</size>
         <input_file_ref idref="fl-38"/>
      </object_component>
      <object_component id="oc-229">
         <name>.text</name>
         <load_address>0xde18</load_address>
         <run_address>0xde18</run_address>
         <size>0xfa8</size>
         <input_file_ref idref="fl-4e"/>
      </object_component>
      <object_component id="oc-2ee">
         <name>.text</name>
         <load_address>0xedc0</load_address>
         <run_address>0xedc0</run_address>
         <size>0xd20</size>
         <input_file_ref idref="fl-2f"/>
      </object_component>
      <object_component id="oc-38">
         <name>.text</name>
         <load_address>0xfae0</load_address>
         <run_address>0xfae0</run_address>
         <size>0xb8c</size>
         <input_file_ref idref="fl-57"/>
      </object_component>
      <object_component id="oc-b2">
         <name>.text</name>
         <load_address>0x1066c</load_address>
         <run_address>0x1066c</run_address>
         <size>0xb08</size>
         <input_file_ref idref="fl-30"/>
      </object_component>
      <object_component id="oc-301">
         <name>.text:__TI_printfi</name>
         <load_address>0x11174</load_address>
         <run_address>0x11174</run_address>
         <size>0xa4e</size>
         <input_file_ref idref="fl-11e"/>
      </object_component>
      <object_component id="oc-4a9">
         <name>.text:_nop</name>
         <load_address>0x11bc2</load_address>
         <run_address>0x11bc2</run_address>
         <size>0x2</size>
         <input_file_ref idref="fl-12b"/>
      </object_component>
      <object_component id="oc-618">
         <name>.text</name>
         <load_address>0x11bc4</load_address>
         <run_address>0x11bc4</run_address>
         <size>0x924</size>
         <input_file_ref idref="fl-48"/>
      </object_component>
      <object_component id="oc-13e">
         <name>.text</name>
         <load_address>0x124e8</load_address>
         <run_address>0x124e8</run_address>
         <size>0x7b4</size>
         <input_file_ref idref="fl-f"/>
      </object_component>
      <object_component id="oc-366">
         <name>.text</name>
         <load_address>0x12c9c</load_address>
         <run_address>0x12c9c</run_address>
         <size>0x598</size>
         <input_file_ref idref="fl-4c"/>
      </object_component>
      <object_component id="oc-36c">
         <name>.text</name>
         <load_address>0x13234</load_address>
         <run_address>0x13234</run_address>
         <size>0x570</size>
         <input_file_ref idref="fl-50"/>
      </object_component>
      <object_component id="oc-181">
         <name>.text</name>
         <load_address>0x137a4</load_address>
         <run_address>0x137a4</run_address>
         <size>0x544</size>
         <input_file_ref idref="fl-a"/>
      </object_component>
      <object_component id="oc-92">
         <name>.text</name>
         <load_address>0x13ce8</load_address>
         <run_address>0x13ce8</run_address>
         <size>0x540</size>
         <input_file_ref idref="fl-4"/>
      </object_component>
      <object_component id="oc-1ed">
         <name>.text</name>
         <load_address>0x14228</load_address>
         <run_address>0x14228</run_address>
         <size>0x490</size>
         <input_file_ref idref="fl-23"/>
      </object_component>
      <object_component id="oc-4d0">
         <name>.text</name>
         <load_address>0x146b8</load_address>
         <run_address>0x146b8</run_address>
         <size>0x48c</size>
         <input_file_ref idref="fl-51"/>
      </object_component>
      <object_component id="oc-126">
         <name>.text</name>
         <load_address>0x14b44</load_address>
         <run_address>0x14b44</run_address>
         <size>0x478</size>
         <input_file_ref idref="fl-12"/>
      </object_component>
      <object_component id="oc-1a0">
         <name>.text</name>
         <load_address>0x14fbc</load_address>
         <run_address>0x14fbc</run_address>
         <size>0x460</size>
         <input_file_ref idref="fl-2"/>
      </object_component>
      <object_component id="oc-24e">
         <name>.text</name>
         <load_address>0x1541c</load_address>
         <run_address>0x1541c</run_address>
         <size>0x3bc</size>
         <input_file_ref idref="fl-3b"/>
      </object_component>
      <object_component id="oc-1a7">
         <name>.text</name>
         <load_address>0x157d8</load_address>
         <run_address>0x157d8</run_address>
         <size>0x3b4</size>
         <input_file_ref idref="fl-7"/>
      </object_component>
      <object_component id="oc-193">
         <name>.text</name>
         <load_address>0x15b8c</load_address>
         <run_address>0x15b8c</run_address>
         <size>0x3a8</size>
         <input_file_ref idref="fl-5"/>
      </object_component>
      <object_component id="oc-248">
         <name>.text</name>
         <load_address>0x15f34</load_address>
         <run_address>0x15f34</run_address>
         <size>0x2de</size>
         <input_file_ref idref="fl-39"/>
      </object_component>
      <object_component id="oc-212">
         <name>.text</name>
         <load_address>0x16212</load_address>
         <run_address>0x16212</run_address>
         <size>0x2</size>
         <input_file_ref idref="fl-11f"/>
      </object_component>
      <object_component id="oc-32">
         <name>.text</name>
         <load_address>0x16214</load_address>
         <run_address>0x16214</run_address>
         <size>0x2d0</size>
         <input_file_ref idref="fl-10"/>
      </object_component>
      <object_component id="oc-462">
         <name>.text:_pconv_a</name>
         <load_address>0x164e4</load_address>
         <run_address>0x164e4</run_address>
         <size>0x270</size>
         <input_file_ref idref="fl-11e"/>
      </object_component>
      <object_component id="oc-3eb">
         <name>.text</name>
         <load_address>0x16754</load_address>
         <run_address>0x16754</run_address>
         <size>0x1d2</size>
         <input_file_ref idref="fl-4d"/>
      </object_component>
      <object_component id="oc-450">
         <name>.text:_pconv_g</name>
         <load_address>0x16928</load_address>
         <run_address>0x16928</run_address>
         <size>0x1d0</size>
         <input_file_ref idref="fl-11e"/>
      </object_component>
      <object_component id="oc-5aa">
         <name>.text</name>
         <load_address>0x16af8</load_address>
         <run_address>0x16af8</run_address>
         <size>0x1b6</size>
         <input_file_ref idref="fl-120"/>
      </object_component>
      <object_component id="oc-45c">
         <name>.text:_pconv_e</name>
         <load_address>0x16cb0</load_address>
         <run_address>0x16cb0</run_address>
         <size>0x13c</size>
         <input_file_ref idref="fl-11e"/>
      </object_component>
      <object_component id="oc-590">
         <name>.text</name>
         <load_address>0x16dec</load_address>
         <run_address>0x16dec</run_address>
         <size>0x136</size>
         <input_file_ref idref="fl-122"/>
      </object_component>
      <object_component id="oc-12c">
         <name>.text</name>
         <load_address>0x16f22</load_address>
         <run_address>0x16f22</run_address>
         <size>0x12a</size>
         <input_file_ref idref="fl-b"/>
      </object_component>
      <object_component id="oc-175">
         <name>.text</name>
         <load_address>0x1704c</load_address>
         <run_address>0x1704c</run_address>
         <size>0x124</size>
         <input_file_ref idref="fl-56"/>
      </object_component>
      <object_component id="oc-5bc">
         <name>.text:fcvt</name>
         <load_address>0x17170</load_address>
         <run_address>0x17170</run_address>
         <size>0x124</size>
         <input_file_ref idref="fl-11e"/>
      </object_component>
      <object_component id="oc-5d0">
         <name>.text:scalbn</name>
         <load_address>0x17294</load_address>
         <run_address>0x17294</run_address>
         <size>0x110</size>
         <input_file_ref idref="fl-135"/>
      </object_component>
      <object_component id="oc-58b">
         <name>.text</name>
         <load_address>0x173a4</load_address>
         <run_address>0x173a4</run_address>
         <size>0xfc</size>
         <input_file_ref idref="fl-123"/>
      </object_component>
      <object_component id="oc-22f">
         <name>.text</name>
         <load_address>0x174a0</load_address>
         <run_address>0x174a0</run_address>
         <size>0xec</size>
         <input_file_ref idref="fl-52"/>
      </object_component>
      <object_component id="oc-2d">
         <name>.text</name>
         <load_address>0x1758c</load_address>
         <run_address>0x1758c</run_address>
         <size>0xda</size>
         <input_file_ref idref="fl-11"/>
      </object_component>
      <object_component id="oc-223">
         <name>.text</name>
         <load_address>0x17666</load_address>
         <run_address>0x17666</run_address>
         <size>0xc8</size>
         <input_file_ref idref="fl-53"/>
      </object_component>
      <object_component id="oc-445">
         <name>.text:_ltostr</name>
         <load_address>0x17730</load_address>
         <run_address>0x17730</run_address>
         <size>0xb1</size>
         <input_file_ref idref="fl-11e"/>
      </object_component>
      <object_component id="oc-35c">
         <name>.text</name>
         <load_address>0x177e4</load_address>
         <run_address>0x177e4</run_address>
         <size>0xac</size>
         <input_file_ref idref="fl-55"/>
      </object_component>
      <object_component id="oc-52">
         <name>.text</name>
         <load_address>0x17890</load_address>
         <run_address>0x17890</run_address>
         <size>0x9c</size>
         <input_file_ref idref="fl-113"/>
      </object_component>
      <object_component id="oc-584">
         <name>.text</name>
         <load_address>0x1792c</load_address>
         <run_address>0x1792c</run_address>
         <size>0x96</size>
         <input_file_ref idref="fl-126"/>
      </object_component>
      <object_component id="oc-44b">
         <name>.text:__aeabi_cdcmple</name>
         <load_address>0x179c2</load_address>
         <run_address>0x179c2</run_address>
         <size>0x86</size>
         <input_file_ref idref="fl-121"/>
      </object_component>
      <object_component id="oc-595">
         <name>.text:__aeabi_cdrcmple</name>
         <load_address>0x17a48</load_address>
         <run_address>0x17a48</run_address>
         <size>0x86</size>
         <input_file_ref idref="fl-121"/>
      </object_component>
      <object_component id="oc-104">
         <name>.text</name>
         <load_address>0x17ace</load_address>
         <run_address>0x17ace</run_address>
         <size>0x7a</size>
         <input_file_ref idref="fl-114"/>
      </object_component>
      <object_component id="oc-5b5">
         <name>.text:_mcpy</name>
         <load_address>0x17b48</load_address>
         <run_address>0x17b48</run_address>
         <size>0x6e</size>
         <input_file_ref idref="fl-11e"/>
      </object_component>
      <object_component id="oc-34e">
         <name>.text</name>
         <load_address>0x17bb8</load_address>
         <run_address>0x17bb8</run_address>
         <size>0x68</size>
         <input_file_ref idref="fl-3"/>
      </object_component>
      <object_component id="oc-144">
         <name>.text</name>
         <load_address>0x17c20</load_address>
         <run_address>0x17c20</run_address>
         <size>0x68</size>
         <input_file_ref idref="fl-54"/>
      </object_component>
      <object_component id="oc-15">
         <name>.text:decompress:lzss:__TI_decompress_lzss</name>
         <load_address>0x17c88</load_address>
         <run_address>0x17c88</run_address>
         <size>0x68</size>
         <input_file_ref idref="fl-118"/>
      </object_component>
      <object_component id="oc-5ca">
         <name>.text:frexp</name>
         <load_address>0x17cf0</load_address>
         <run_address>0x17cf0</run_address>
         <size>0x64</size>
         <input_file_ref idref="fl-134"/>
      </object_component>
      <object_component id="oc-456">
         <name>.text:_pconv_f</name>
         <load_address>0x17d54</load_address>
         <run_address>0x17d54</run_address>
         <size>0x56</size>
         <input_file_ref idref="fl-11e"/>
      </object_component>
      <object_component id="oc-59f">
         <name>.text:__TI_ltoa</name>
         <load_address>0x17daa</load_address>
         <run_address>0x17daa</run_address>
         <size>0x54</size>
         <input_file_ref idref="fl-12c"/>
      </object_component>
      <object_component id="oc-5af">
         <name>.text:_ecpy</name>
         <load_address>0x17dfe</load_address>
         <run_address>0x17dfe</run_address>
         <size>0x52</size>
         <input_file_ref idref="fl-11e"/>
      </object_component>
      <object_component id="oc-43f">
         <name>.text:atoi</name>
         <load_address>0x17e50</load_address>
         <run_address>0x17e50</run_address>
         <size>0x4c</size>
         <input_file_ref idref="fl-12e"/>
      </object_component>
      <object_component id="oc-59a">
         <name>.text</name>
         <load_address>0x17e9c</load_address>
         <run_address>0x17e9c</run_address>
         <size>0x48</size>
         <input_file_ref idref="fl-124"/>
      </object_component>
      <object_component id="oc-279">
         <name>.text:__TI_auto_init_nobinit_nopinit:__TI_auto_init_nobinit_nopinit</name>
         <load_address>0x17ee4</load_address>
         <run_address>0x17ee4</run_address>
         <size>0x44</size>
         <input_file_ref idref="fl-127"/>
      </object_component>
      <object_component id="oc-cd">
         <name>.text</name>
         <load_address>0x17f28</load_address>
         <run_address>0x17f28</run_address>
         <size>0x40</size>
         <input_file_ref idref="fl-115"/>
      </object_component>
      <object_component id="oc-169">
         <name>.text:sprintf</name>
         <load_address>0x17f68</load_address>
         <run_address>0x17f68</run_address>
         <size>0x40</size>
         <input_file_ref idref="fl-111"/>
      </object_component>
      <object_component id="oc-5c2">
         <name>.text:_fcpy</name>
         <load_address>0x17fa8</load_address>
         <run_address>0x17fa8</run_address>
         <size>0x3e</size>
         <input_file_ref idref="fl-11e"/>
      </object_component>
      <object_component id="oc-323">
         <name>.text</name>
         <load_address>0x17fe6</load_address>
         <run_address>0x17fe6</run_address>
         <size>0x3e</size>
         <input_file_ref idref="fl-17"/>
      </object_component>
      <object_component id="oc-70">
         <name>.text:_c_int00_noargs:_c_int00_noargs</name>
         <load_address>0x18024</load_address>
         <run_address>0x18024</run_address>
         <size>0x34</size>
         <input_file_ref idref="fl-11d"/>
      </object_component>
      <object_component id="oc-187">
         <name>.text:rand</name>
         <load_address>0x18058</load_address>
         <run_address>0x18058</run_address>
         <size>0x34</size>
         <input_file_ref idref="fl-119"/>
      </object_component>
      <object_component id="oc-5a5">
         <name>.text</name>
         <load_address>0x1808c</load_address>
         <run_address>0x1808c</run_address>
         <size>0x2e</size>
         <input_file_ref idref="fl-125"/>
      </object_component>
      <object_component id="oc-150">
         <name>.text:GetOverflowCounts</name>
         <load_address>0x180bc</load_address>
         <run_address>0x180bc</run_address>
         <size>0x24</size>
         <input_file_ref idref="fl-54"/>
      </object_component>
      <object_component id="oc-3e">
         <name>.text</name>
         <load_address>0x180e0</load_address>
         <run_address>0x180e0</run_address>
         <size>0x24</size>
         <input_file_ref idref="fl-3e"/>
      </object_component>
      <object_component id="oc-468">
         <name>.text:memccpy</name>
         <load_address>0x18104</load_address>
         <run_address>0x18104</run_address>
         <size>0x1c</size>
         <input_file_ref idref="fl-130"/>
      </object_component>
      <object_component id="oc-694">
         <name>.text:copysign</name>
         <load_address>0x18120</load_address>
         <run_address>0x18120</run_address>
         <size>0x1a</size>
         <input_file_ref idref="fl-136"/>
      </object_component>
      <object_component id="oc-307">
         <name>.text:_outs</name>
         <load_address>0x1813a</load_address>
         <run_address>0x1813a</run_address>
         <size>0x18</size>
         <input_file_ref idref="fl-111"/>
      </object_component>
      <object_component id="oc-4c2">
         <name>.text:strcmp</name>
         <load_address>0x18152</load_address>
         <run_address>0x18152</run_address>
         <size>0x18</size>
         <input_file_ref idref="fl-11a"/>
      </object_component>
      <object_component id="oc-5d6">
         <name>.text:strchr</name>
         <load_address>0x1816a</load_address>
         <run_address>0x1816a</run_address>
         <size>0x16</size>
         <input_file_ref idref="fl-131"/>
      </object_component>
      <object_component id="oc-15d">
         <name>.text:strcpy</name>
         <load_address>0x18180</load_address>
         <run_address>0x18180</run_address>
         <size>0x14</size>
         <input_file_ref idref="fl-11b"/>
      </object_component>
      <object_component id="oc-163">
         <name>.text:strlen</name>
         <load_address>0x18194</load_address>
         <run_address>0x18194</run_address>
         <size>0x14</size>
         <input_file_ref idref="fl-11c"/>
      </object_component>
      <object_component id="oc-46e">
         <name>.text:wcslen</name>
         <load_address>0x181a8</load_address>
         <run_address>0x181a8</run_address>
         <size>0x12</size>
         <input_file_ref idref="fl-133"/>
      </object_component>
      <object_component id="oc-1b">
         <name>.text:decompress:none:__TI_decompress_none</name>
         <load_address>0x181ba</load_address>
         <run_address>0x181ba</run_address>
         <size>0xe</size>
         <input_file_ref idref="fl-117"/>
      </object_component>
      <object_component id="oc-64">
         <name>.text:decompress:ZI:__TI_zero_init</name>
         <load_address>0x181c8</load_address>
         <run_address>0x181c8</run_address>
         <size>0xc</size>
         <input_file_ref idref="fl-116"/>
      </object_component>
      <object_component id="oc-27">
         <name>.text</name>
         <load_address>0x181d4</load_address>
         <run_address>0x181d4</run_address>
         <size>0xc</size>
         <input_file_ref idref="fl-6"/>
      </object_component>
      <object_component id="oc-30d">
         <name>.text:_outc</name>
         <load_address>0x181e0</load_address>
         <run_address>0x181e0</run_address>
         <size>0xa</size>
         <input_file_ref idref="fl-111"/>
      </object_component>
      <object_component id="oc-474">
         <name>.text:__aeabi_errno_addr</name>
         <load_address>0x181ec</load_address>
         <run_address>0x181ec</run_address>
         <size>0x8</size>
         <input_file_ref idref="fl-132"/>
      </object_component>
      <object_component id="oc-332">
         <name>.text:SysCtlDelay</name>
         <load_address>0x181f4</load_address>
         <run_address>0x181f4</run_address>
         <size>0x6</size>
         <input_file_ref idref="fl-2c"/>
      </object_component>
      <object_component id="oc-10a">
         <name>.text:_system_pre_init</name>
         <load_address>0x181fa</load_address>
         <run_address>0x181fa</run_address>
         <size>0x4</size>
         <input_file_ref idref="fl-128"/>
      </object_component>
      <object_component id="oc-26d">
         <name>.text:abort:abort</name>
         <load_address>0x181fe</load_address>
         <run_address>0x181fe</run_address>
         <size>0x4</size>
         <input_file_ref idref="fl-12a"/>
      </object_component>
      <object_component id="oc-4bd">
         <name>.const:crctttab</name>
         <load_address>0x18204</load_address>
         <run_address>0x18204</run_address>
         <size>0x200</size>
         <input_file_ref idref="fl-3"/>
      </object_component>
      <object_component id="oc-32f">
         <name>.const:g_pppui32XTALtoVCO</name>
         <load_address>0x18404</load_address>
         <run_address>0x18404</run_address>
         <size>0x1b0</size>
         <input_file_ref idref="fl-2c"/>
      </object_component>
      <object_component id="oc-57f">
         <name>.const:.string:_ctypes_</name>
         <load_address>0x185b4</load_address>
         <run_address>0x185b4</run_address>
         <size>0x101</size>
         <input_file_ref idref="fl-12f"/>
      </object_component>
      <object_component id="oc-4cd">
         <name>.const:.string</name>
         <load_address>0x186b8</load_address>
         <run_address>0x186b8</run_address>
         <size>0xf2</size>
         <input_file_ref idref="fl-2"/>
      </object_component>
      <object_component id="oc-346">
         <name>.const:g_ppui32GPIOIntMapSnowflake</name>
         <load_address>0x187ac</load_address>
         <run_address>0x187ac</run_address>
         <size>0xd8</size>
         <input_file_ref idref="fl-20"/>
      </object_component>
      <object_component id="oc-343">
         <name>.const:g_ppui32GPIOIntMapBlizzard</name>
         <load_address>0x18884</load_address>
         <run_address>0x18884</run_address>
         <size>0xc0</size>
         <input_file_ref idref="fl-20"/>
      </object_component>
      <object_component id="oc-3b2">
         <name>.const:g_pui32Regs</name>
         <load_address>0x18944</load_address>
         <run_address>0x18944</run_address>
         <size>0x9c</size>
         <input_file_ref idref="fl-23"/>
      </object_component>
      <object_component id="oc-349">
         <name>.const:g_pui32GPIOBaseAddrs</name>
         <load_address>0x189e0</load_address>
         <run_address>0x189e0</run_address>
         <size>0x90</size>
         <input_file_ref idref="fl-20"/>
      </object_component>
      <object_component id="oc-329">
         <name>.const:g_pui32Xtals</name>
         <load_address>0x18a70</load_address>
         <run_address>0x18a70</run_address>
         <size>0x6c</size>
         <input_file_ref idref="fl-2c"/>
      </object_component>
      <object_component id="oc-433">
         <name>.const:g_ppui32TimerIntMap</name>
         <load_address>0x18adc</load_address>
         <run_address>0x18adc</run_address>
         <size>0x60</size>
         <input_file_ref idref="fl-2f"/>
      </object_component>
      <object_component id="oc-436">
         <name>.const:g_ppui32TimerIntMapSnowflake</name>
         <load_address>0x18b3c</load_address>
         <run_address>0x18b3c</run_address>
         <size>0x40</size>
         <input_file_ref idref="fl-2f"/>
      </object_component>
      <object_component id="oc-1e7">
         <name>.const:g_ppui32UARTIntMap</name>
         <load_address>0x18b7c</load_address>
         <run_address>0x18b7c</run_address>
         <size>0x40</size>
         <input_file_ref idref="fl-30"/>
      </object_component>
      <object_component id="oc-1ea">
         <name>.const:g_ppui32UARTIntMapSnowflake</name>
         <load_address>0x18bbc</load_address>
         <run_address>0x18bbc</run_address>
         <size>0x40</size>
         <input_file_ref idref="fl-30"/>
      </object_component>
      <object_component id="oc-662">
         <name>.const:.string:g_pui8ConfigString</name>
         <load_address>0x18bfc</load_address>
         <run_address>0x18bfc</run_address>
         <size>0x36</size>
         <input_file_ref idref="fl-8"/>
      </object_component>
      <object_component id="oc-245">
         <name>.const:g_psUSBDStdRequests</name>
         <load_address>0x18c34</load_address>
         <run_address>0x18c34</run_address>
         <size>0x34</size>
         <input_file_ref idref="fl-3d"/>
      </object_component>
      <object_component id="oc-4e7">
         <name>.const:g_sCDCHandlers</name>
         <load_address>0x18c68</load_address>
         <run_address>0x18c68</run_address>
         <size>0x30</size>
         <input_file_ref idref="fl-38"/>
      </object_component>
      <object_component id="oc-320">
         <name>.const:g_sXTALtoMEMTIM</name>
         <load_address>0x18c98</load_address>
         <run_address>0x18c98</run_address>
         <size>0x30</size>
         <input_file_ref idref="fl-2c"/>
      </object_component>
      <object_component id="oc-65f">
         <name>.const:.string:g_pui8ControlInterfaceString</name>
         <load_address>0x18cc8</load_address>
         <run_address>0x18cc8</run_address>
         <size>0x2c</size>
         <input_file_ref idref="fl-8"/>
      </object_component>
      <object_component id="oc-656">
         <name>.const:.string:g_pui8ManufacturerString</name>
         <load_address>0x18cf4</load_address>
         <run_address>0x18cf4</run_address>
         <size>0x24</size>
         <input_file_ref idref="fl-8"/>
      </object_component>
      <object_component id="oc-73b">
         <name>.const:.string:g_pui8CDCSerCommInterface</name>
         <load_address>0x18d18</load_address>
         <run_address>0x18d18</run_address>
         <size>0x23</size>
         <input_file_ref idref="fl-38"/>
      </object_component>
      <object_component id="oc-659">
         <name>.const:.string:g_pui8ProductString</name>
         <load_address>0x18d3b</load_address>
         <run_address>0x18d3b</run_address>
         <size>0x22</size>
         <input_file_ref idref="fl-8"/>
      </object_component>
      <object_component id="oc-3af">
         <name>.const:g_pui32Priority</name>
         <load_address>0x18d60</load_address>
         <run_address>0x18d60</run_address>
         <size>0x20</size>
         <input_file_ref idref="fl-23"/>
      </object_component>
      <object_component id="oc-516">
         <name>.const:g_ppui8StringDescriptors</name>
         <load_address>0x18d80</load_address>
         <run_address>0x18d80</run_address>
         <size>0x18</size>
         <input_file_ref idref="fl-8"/>
      </object_component>
      <object_component id="oc-740">
         <name>.const:.string:g_pui8CDCSerDataInterface</name>
         <load_address>0x18d98</load_address>
         <run_address>0x18d98</run_address>
         <size>0x17</size>
         <input_file_ref idref="fl-38"/>
      </object_component>
      <object_component id="oc-745">
         <name>.const:.string:g_pui8CDCSerDataInterfaceHS</name>
         <load_address>0x18daf</load_address>
         <run_address>0x18daf</run_address>
         <size>0x17</size>
         <input_file_ref idref="fl-38"/>
      </object_component>
      <object_component id="oc-3b8">
         <name>.const:g_pui32Dii16Regs</name>
         <load_address>0x18dc8</load_address>
         <run_address>0x18dc8</run_address>
         <size>0x14</size>
         <input_file_ref idref="fl-23"/>
      </object_component>
      <object_component id="oc-3b5">
         <name>.const:g_pui32EnRegs</name>
         <load_address>0x18ddc</load_address>
         <run_address>0x18ddc</run_address>
         <size>0x14</size>
         <input_file_ref idref="fl-23"/>
      </object_component>
      <object_component id="oc-3bb">
         <name>.const:g_pui32PendRegs</name>
         <load_address>0x18df0</load_address>
         <run_address>0x18df0</run_address>
         <size>0x14</size>
         <input_file_ref idref="fl-23"/>
      </object_component>
      <object_component id="oc-3be">
         <name>.const:g_pui32UnpendRegs</name>
         <load_address>0x18e04</load_address>
         <run_address>0x18e04</run_address>
         <size>0x14</size>
         <input_file_ref idref="fl-23"/>
      </object_component>
      <object_component id="oc-65c">
         <name>.const:.string:g_pui8SerialNumberString</name>
         <load_address>0x18e18</load_address>
         <run_address>0x18e18</run_address>
         <size>0x12</size>
         <input_file_ref idref="fl-8"/>
      </object_component>
      <object_component id="oc-218">
         <name>.const:.string</name>
         <load_address>0x18e2c</load_address>
         <run_address>0x18e2c</run_address>
         <size>0x12</size>
         <input_file_ref idref="fl-57"/>
      </object_component>
      <object_component id="oc-bb">
         <name>.const:g_ui32UARTBase</name>
         <load_address>0x18e40</load_address>
         <run_address>0x18e40</run_address>
         <size>0xc</size>
         <input_file_ref idref="fl-57"/>
      </object_component>
      <object_component id="oc-c1">
         <name>.const:g_ui32UARTInt</name>
         <load_address>0x18e4c</load_address>
         <run_address>0x18e4c</run_address>
         <size>0xc</size>
         <input_file_ref idref="fl-57"/>
      </object_component>
      <object_component id="oc-be">
         <name>.const:g_ui32UARTPeriph</name>
         <load_address>0x18e58</load_address>
         <run_address>0x18e58</run_address>
         <size>0xc</size>
         <input_file_ref idref="fl-57"/>
      </object_component>
      <object_component id="oc-32c">
         <name>.const:g_pui32VCOFrequencies</name>
         <load_address>0x18e64</load_address>
         <run_address>0x18e64</run_address>
         <size>0x8</size>
         <input_file_ref idref="fl-2c"/>
      </object_component>
      <object_component id="oc-643">
         <name>.const:g_sCDCCompSerConfigHeader</name>
         <load_address>0x18e6c</load_address>
         <run_address>0x18e6c</run_address>
         <size>0x8</size>
         <input_file_ref idref="fl-38"/>
      </object_component>
      <object_component id="oc-648">
         <name>.const:g_sCDCCompSerConfigHeaderHS</name>
         <load_address>0x18e74</load_address>
         <run_address>0x18e74</run_address>
         <size>0x8</size>
         <input_file_ref idref="fl-38"/>
      </object_component>
      <object_component id="oc-720">
         <name>.const:g_sCDCSerCommInterfaceSection</name>
         <load_address>0x18e7c</load_address>
         <run_address>0x18e7c</run_address>
         <size>0x8</size>
         <input_file_ref idref="fl-38"/>
      </object_component>
      <object_component id="oc-639">
         <name>.const:g_sCDCSerConfigHeader</name>
         <load_address>0x18e84</load_address>
         <run_address>0x18e84</run_address>
         <size>0x8</size>
         <input_file_ref idref="fl-38"/>
      </object_component>
      <object_component id="oc-63e">
         <name>.const:g_sCDCSerConfigHeaderHS</name>
         <load_address>0x18e8c</load_address>
         <run_address>0x18e8c</run_address>
         <size>0x8</size>
         <input_file_ref idref="fl-38"/>
      </object_component>
      <object_component id="oc-71d">
         <name>.const:g_sCDCSerConfigSection</name>
         <load_address>0x18e94</load_address>
         <run_address>0x18e94</run_address>
         <size>0x8</size>
         <input_file_ref idref="fl-38"/>
      </object_component>
      <object_component id="oc-723">
         <name>.const:g_sCDCSerDataInterfaceSection</name>
         <load_address>0x18e9c</load_address>
         <run_address>0x18e9c</run_address>
         <size>0x8</size>
         <input_file_ref idref="fl-38"/>
      </object_component>
      <object_component id="oc-728">
         <name>.const:g_sCDCSerDataInterfaceSectionHS</name>
         <load_address>0x18ea4</load_address>
         <run_address>0x18ea4</run_address>
         <size>0x8</size>
         <input_file_ref idref="fl-38"/>
      </object_component>
      <object_component id="oc-72d">
         <name>.const:g_sIADSerConfigSection</name>
         <load_address>0x18eac</load_address>
         <run_address>0x18eac</run_address>
         <size>0x8</size>
         <input_file_ref idref="fl-38"/>
      </object_component>
      <object_component id="oc-88">
         <name>.const</name>
         <load_address>0x18eb4</load_address>
         <run_address>0x18eb4</run_address>
         <size>0x8</size>
         <input_file_ref idref="fl-10"/>
      </object_component>
      <object_component id="oc-653">
         <name>.const:.string:g_pui8LangDescriptor</name>
         <load_address>0x18ebc</load_address>
         <run_address>0x18ebc</run_address>
         <size>0x4</size>
         <input_file_ref idref="fl-8"/>
      </object_component>
      <object_component id="oc-4f3">
         <name>.const:g_pCDCCompSerConfigDescriptors</name>
         <load_address>0x18ec0</load_address>
         <run_address>0x18ec0</run_address>
         <size>0x4</size>
         <input_file_ref idref="fl-38"/>
      </object_component>
      <object_component id="oc-4f6">
         <name>.const:g_pCDCCompSerConfigDescriptorsHS</name>
         <load_address>0x18ec4</load_address>
         <run_address>0x18ec4</run_address>
         <size>0x4</size>
         <input_file_ref idref="fl-38"/>
      </object_component>
      <object_component id="oc-4ed">
         <name>.const:g_ppCDCSerConfigDescriptors</name>
         <load_address>0x18ec8</load_address>
         <run_address>0x18ec8</run_address>
         <size>0x4</size>
         <input_file_ref idref="fl-38"/>
      </object_component>
      <object_component id="oc-4f0">
         <name>.const:g_ppCDCSerConfigDescriptorsHS</name>
         <load_address>0x18ecc</load_address>
         <run_address>0x18ecc</run_address>
         <size>0x4</size>
         <input_file_ref idref="fl-38"/>
      </object_component>
      <object_component id="oc-14d">
         <name>.const</name>
         <load_address>0x18ed0</load_address>
         <run_address>0x18ed0</run_address>
         <size>0x4</size>
         <input_file_ref idref="fl-e"/>
      </object_component>
      <object_component id="oc-d2">
         <name>.const</name>
         <load_address>0x18ed4</load_address>
         <run_address>0x18ed4</run_address>
         <size>0x4</size>
         <input_file_ref idref="fl-57"/>
      </object_component>
      <object_component id="oc-783">
         <name>.cinit..data.load</name>
         <load_address>0x18ed8</load_address>
         <run_address>0x18ed8</run_address>
         <size>0x142</size>
      </object_component>
      <object_component id="oc-780">
         <name>__TI_handler_table</name>
         <load_address>0x1901c</load_address>
         <run_address>0x1901c</run_address>
         <size>0xc</size>
      </object_component>
      <object_component id="oc-784">
         <name>.cinit..bss.load</name>
         <load_address>0x19028</load_address>
         <run_address>0x19028</run_address>
         <size>0x8</size>
      </object_component>
      <object_component id="oc-782">
         <name>.cinit..vtable.load</name>
         <load_address>0x19030</load_address>
         <run_address>0x19030</run_address>
         <size>0x8</size>
      </object_component>
      <object_component id="oc-781">
         <name>__TI_cinit_table</name>
         <load_address>0x19038</load_address>
         <run_address>0x19038</run_address>
         <size>0x18</size>
      </object_component>
      <object_component id="oc-3ac">
         <name>.vtable</name>
         <uninitialized>true</uninitialized>
         <run_address>0x20000000</run_address>
         <size>0x26c</size>
         <input_file_ref idref="fl-23"/>
      </object_component>
      <object_component id="oc-362">
         <name>.data:g_psCmdTable</name>
         <load_address>0x20006318</load_address>
         <run_address>0x20006318</run_address>
         <size>0x54</size>
         <input_file_ref idref="fl-2"/>
      </object_component>
      <object_component id="oc-1af">
         <name>.data:params1</name>
         <load_address>0x20006544</load_address>
         <run_address>0x20006544</run_address>
         <size>0x8</size>
         <input_file_ref idref="fl-4"/>
      </object_component>
      <object_component id="oc-1b2">
         <name>.data:params2</name>
         <load_address>0x2000654c</load_address>
         <run_address>0x2000654c</run_address>
         <size>0x8</size>
         <input_file_ref idref="fl-4"/>
      </object_component>
      <object_component id="oc-199">
         <name>.data</name>
         <load_address>0x2000653c</load_address>
         <run_address>0x2000653c</run_address>
         <size>0x8</size>
         <input_file_ref idref="fl-4"/>
      </object_component>
      <object_component id="oc-37e">
         <name>.data</name>
         <load_address>0x200064bc</load_address>
         <run_address>0x200064bc</run_address>
         <size>0xd</size>
         <input_file_ref idref="fl-7"/>
      </object_component>
      <object_component id="oc-384">
         <name>.data:ConfigLinea</name>
         <load_address>0x2000655c</load_address>
         <run_address>0x2000655c</run_address>
         <size>0x7</size>
         <input_file_ref idref="fl-7"/>
      </object_component>
      <object_component id="oc-387">
         <name>.data:g_sCDCDevice</name>
         <load_address>0x200062b8</load_address>
         <run_address>0x200062b8</run_address>
         <size>0x60</size>
         <input_file_ref idref="fl-8"/>
      </object_component>
      <object_component id="oc-378">
         <name>.data:g_sRxBuffer</name>
         <load_address>0x200063a8</load_address>
         <run_address>0x200063a8</run_address>
         <size>0x38</size>
         <input_file_ref idref="fl-8"/>
      </object_component>
      <object_component id="oc-381">
         <name>.data:g_sTxBuffer</name>
         <load_address>0x200063e0</load_address>
         <run_address>0x200063e0</run_address>
         <size>0x38</size>
         <input_file_ref idref="fl-8"/>
      </object_component>
      <object_component id="oc-85">
         <name>.data</name>
         <load_address>0x2000636c</load_address>
         <run_address>0x2000636c</run_address>
         <size>0x3c</size>
         <input_file_ref idref="fl-e"/>
      </object_component>
      <object_component id="oc-2d6">
         <name>.data</name>
         <load_address>0x200064f0</load_address>
         <run_address>0x200064f0</run_address>
         <size>0xc</size>
         <input_file_ref idref="fl-f"/>
      </object_component>
      <object_component id="oc-98">
         <name>.data</name>
         <load_address>0x200064e4</load_address>
         <run_address>0x200064e4</run_address>
         <size>0xc</size>
         <input_file_ref idref="fl-10"/>
      </object_component>
      <object_component id="oc-2c1">
         <name>.data</name>
         <load_address>0x20006460</load_address>
         <run_address>0x20006460</run_address>
         <size>0x14</size>
         <input_file_ref idref="fl-12"/>
      </object_component>
      <object_component id="oc-4ea">
         <name>.data:g_pui8CDCSerDeviceDescriptor</name>
         <load_address>0x20006488</load_address>
         <run_address>0x20006488</run_address>
         <size>0x12</size>
         <input_file_ref idref="fl-38"/>
      </object_component>
      <object_component id="oc-4f9">
         <name>.data:g_pui8CDCSerDescriptor</name>
         <load_address>0x20006514</load_address>
         <run_address>0x20006514</run_address>
         <size>0x9</size>
         <input_file_ref idref="fl-38"/>
      </object_component>
      <object_component id="oc-74a">
         <name>.data:g_pui8IADSerDescriptor</name>
         <load_address>0x20006534</load_address>
         <run_address>0x20006534</run_address>
         <size>0x8</size>
         <input_file_ref idref="fl-38"/>
      </object_component>
      <object_component id="oc-6db">
         <name>.data:g_psCDCSerSections</name>
         <load_address>0x200064cc</load_address>
         <run_address>0x200064cc</run_address>
         <size>0xc</size>
         <input_file_ref idref="fl-38"/>
      </object_component>
      <object_component id="oc-6e0">
         <name>.data:g_psCDCSerSectionsHS</name>
         <load_address>0x200064d8</load_address>
         <run_address>0x200064d8</run_address>
         <size>0xc</size>
         <input_file_ref idref="fl-38"/>
      </object_component>
      <object_component id="oc-6e5">
         <name>.data:g_psCDCCompSerSections</name>
         <load_address>0x2000649c</load_address>
         <run_address>0x2000649c</run_address>
         <size>0x10</size>
         <input_file_ref idref="fl-38"/>
      </object_component>
      <object_component id="oc-6ea">
         <name>.data:g_psCDCCompSerSectionsHS</name>
         <load_address>0x200064ac</load_address>
         <run_address>0x200064ac</run_address>
         <size>0x10</size>
         <input_file_ref idref="fl-38"/>
      </object_component>
      <object_component id="oc-4e4">
         <name>.data</name>
         <load_address>0x2000649a</load_address>
         <run_address>0x2000649a</run_address>
         <size>0x2</size>
         <input_file_ref idref="fl-38"/>
      </object_component>
      <object_component id="oc-23c">
         <name>.data</name>
         <load_address>0x20006554</load_address>
         <run_address>0x20006554</run_address>
         <size>0x8</size>
         <input_file_ref idref="fl-3d"/>
      </object_component>
      <object_component id="oc-615">
         <name>.data</name>
         <load_address>0x20006474</load_address>
         <run_address>0x20006474</run_address>
         <size>0x14</size>
         <input_file_ref idref="fl-4a"/>
      </object_component>
      <object_component id="oc-627">
         <name>.data:g_sUSBHEP0State</name>
         <load_address>0x20006448</load_address>
         <run_address>0x20006448</run_address>
         <size>0x18</size>
         <input_file_ref idref="fl-4a"/>
      </object_component>
      <object_component id="oc-239">
         <name>.data</name>
         <load_address>0x20006520</load_address>
         <run_address>0x20006520</run_address>
         <size>0x9</size>
         <input_file_ref idref="fl-50"/>
      </object_component>
      <object_component id="oc-254">
         <name>.data</name>
         <load_address>0x20006508</load_address>
         <run_address>0x20006508</run_address>
         <size>0xc</size>
         <input_file_ref idref="fl-52"/>
      </object_component>
      <object_component id="oc-31c">
         <name>.data:g_pui32CPUUsageTimerPeriph</name>
         <load_address>0x20006430</load_address>
         <run_address>0x20006430</run_address>
         <size>0x18</size>
         <input_file_ref idref="fl-56"/>
      </object_component>
      <object_component id="oc-316">
         <name>.data:g_pui32CPUUsageTimerBase</name>
         <load_address>0x20006418</load_address>
         <run_address>0x20006418</run_address>
         <size>0x18</size>
         <input_file_ref idref="fl-56"/>
      </object_component>
      <object_component id="oc-c4">
         <name>.data</name>
         <load_address>0x200064fc</load_address>
         <run_address>0x200064fc</run_address>
         <size>0xc</size>
         <input_file_ref idref="fl-57"/>
      </object_component>
      <object_component id="oc-33f">
         <name>.data</name>
         <load_address>0x20006568</load_address>
         <run_address>0x20006568</run_address>
         <size>0x4</size>
         <input_file_ref idref="fl-119"/>
      </object_component>
      <object_component id="oc-33c">
         <name>.data:$O1$$</name>
         <load_address>0x2000652c</load_address>
         <run_address>0x2000652c</run_address>
         <size>0x8</size>
         <input_file_ref idref="fl-12b"/>
      </object_component>
      <object_component id="oc-5e6">
         <name>.data</name>
         <load_address>0x20006564</load_address>
         <run_address>0x20006564</run_address>
         <size>0x4</size>
         <input_file_ref idref="fl-132"/>
      </object_component>
      <object_component id="oc-37b">
         <name>.bss</name>
         <uninitialized>true</uninitialized>
         <run_address>0x2000626c</run_address>
         <size>0x8</size>
         <input_file_ref idref="fl-7"/>
      </object_component>
      <object_component id="oc-132">
         <name>.bss:pxReadyTasksLists</name>
         <uninitialized>true</uninitialized>
         <run_address>0x20005b38</run_address>
         <size>0x140</size>
         <input_file_ref idref="fl-e"/>
      </object_component>
      <object_component id="oc-157">
         <name>.bss:xDelayedTaskList1</name>
         <uninitialized>true</uninitialized>
         <run_address>0x200061e4</run_address>
         <size>0x14</size>
         <input_file_ref idref="fl-e"/>
      </object_component>
      <object_component id="oc-15a">
         <name>.bss:xDelayedTaskList2</name>
         <uninitialized>true</uninitialized>
         <run_address>0x200061f8</run_address>
         <size>0x14</size>
         <input_file_ref idref="fl-e"/>
      </object_component>
      <object_component id="oc-138">
         <name>.bss</name>
         <uninitialized>true</uninitialized>
         <run_address>0x2000625c</run_address>
         <size>0x8</size>
         <input_file_ref idref="fl-e"/>
      </object_component>
      <object_component id="oc-14a">
         <name>.bss:xPendingReadyList</name>
         <uninitialized>true</uninitialized>
         <run_address>0x2000620c</run_address>
         <size>0x14</size>
         <input_file_ref idref="fl-e"/>
      </object_component>
      <object_component id="oc-135">
         <name>.bss:xTasksWaitingTermination</name>
         <uninitialized>true</uninitialized>
         <run_address>0x20006234</run_address>
         <size>0x14</size>
         <input_file_ref idref="fl-e"/>
      </object_component>
      <object_component id="oc-13b">
         <name>.bss:xSuspendedTaskList</name>
         <uninitialized>true</uninitialized>
         <run_address>0x20006220</run_address>
         <size>0x14</size>
         <input_file_ref idref="fl-e"/>
      </object_component>
      <object_component id="oc-2dc">
         <name>.bss:xActiveTimerList1</name>
         <uninitialized>true</uninitialized>
         <run_address>0x200061bc</run_address>
         <size>0x14</size>
         <input_file_ref idref="fl-f"/>
      </object_component>
      <object_component id="oc-2df">
         <name>.bss:xActiveTimerList2</name>
         <uninitialized>true</uninitialized>
         <run_address>0x200061d0</run_address>
         <size>0x14</size>
         <input_file_ref idref="fl-f"/>
      </object_component>
      <object_component id="oc-2d9">
         <name>.bss</name>
         <uninitialized>true</uninitialized>
         <run_address>0x20006264</run_address>
         <size>0x8</size>
         <input_file_ref idref="fl-f"/>
      </object_component>
      <object_component id="oc-2c7">
         <name>.bss:ucHeap</name>
         <uninitialized>true</uninitialized>
         <run_address>0x2000026c</run_address>
         <size>0x5000</size>
         <input_file_ref idref="fl-12"/>
      </object_component>
      <object_component id="oc-2c4">
         <name>.bss:xStart</name>
         <uninitialized>true</uninitialized>
         <run_address>0x2000627c</run_address>
         <size>0x8</size>
         <input_file_ref idref="fl-12"/>
      </object_component>
      <object_component id="oc-242">
         <name>.bss:g_pui8DataBufferIn</name>
         <uninitialized>true</uninitialized>
         <run_address>0x200060c4</run_address>
         <size>0x40</size>
         <input_file_ref idref="fl-3d"/>
      </object_component>
      <object_component id="oc-23f">
         <name>.bss</name>
         <uninitialized>true</uninitialized>
         <run_address>0x20006284</run_address>
         <size>0x4</size>
         <input_file_ref idref="fl-3d"/>
      </object_component>
      <object_component id="oc-6ba">
         <name>.bss:g_sRootHub</name>
         <uninitialized>true</uninitialized>
         <run_address>0x20005f88</run_address>
         <size>0x9c</size>
         <input_file_ref idref="fl-48"/>
      </object_component>
      <object_component id="oc-6bd">
         <name>.bss</name>
         <uninitialized>true</uninitialized>
         <run_address>0x20006274</run_address>
         <size>0x8</size>
         <input_file_ref idref="fl-48"/>
      </object_component>
      <object_component id="oc-621">
         <name>.bss</name>
         <uninitialized>true</uninitialized>
         <run_address>0x20006288</run_address>
         <size>0x4</size>
         <input_file_ref idref="fl-4a"/>
      </object_component>
      <object_component id="oc-61e">
         <name>.bss:g_pi32USBHActiveDriver</name>
         <uninitialized>true</uninitialized>
         <run_address>0x20006148</run_address>
         <size>0x18</size>
         <input_file_ref idref="fl-4a"/>
      </object_component>
      <object_component id="oc-624">
         <name>.bss:g_ppvDriverInstance</name>
         <uninitialized>true</uninitialized>
         <run_address>0x20006160</run_address>
         <size>0x18</size>
         <input_file_ref idref="fl-4a"/>
      </object_component>
      <object_component id="oc-60f">
         <name>.bss:g_sUSBHCD</name>
         <uninitialized>true</uninitialized>
         <run_address>0x2000526c</run_address>
         <size>0x6cc</size>
         <input_file_ref idref="fl-4a"/>
      </object_component>
      <object_component id="oc-612">
         <name>.bss:g_pui32Alloc</name>
         <uninitialized>true</uninitialized>
         <run_address>0x20006254</run_address>
         <size>0x8</size>
         <input_file_ref idref="fl-4a"/>
      </object_component>
      <object_component id="oc-3c9">
         <name>.bss:g_psUSBDMAInst</name>
         <uninitialized>true</uninitialized>
         <run_address>0x20005c78</run_address>
         <size>0x110</size>
         <input_file_ref idref="fl-4e"/>
      </object_component>
      <object_component id="oc-4df">
         <name>.bss</name>
         <uninitialized>true</uninitialized>
         <run_address>0x2000628c</run_address>
         <size>0x4</size>
         <input_file_ref idref="fl-50"/>
      </object_component>
      <object_component id="oc-4c8">
         <name>.bss:g_ppcArgv</name>
         <uninitialized>true</uninitialized>
         <run_address>0x20006104</run_address>
         <size>0x24</size>
         <input_file_ref idref="fl-55"/>
      </object_component>
      <object_component id="oc-319">
         <name>.bss</name>
         <uninitialized>true</uninitialized>
         <run_address>0x20006248</run_address>
         <size>0xc</size>
         <input_file_ref idref="fl-56"/>
      </object_component>
      <object_component id="oc-b8">
         <name>.bss</name>
         <uninitialized>true</uninitialized>
         <run_address>0x200061a8</run_address>
         <size>0x14</size>
         <input_file_ref idref="fl-57"/>
      </object_component>
      <object_component id="oc-ca">
         <name>.bss:g_pcUARTRxHistoryBuffer</name>
         <uninitialized>true</uninitialized>
         <run_address>0x20005938</run_address>
         <size>0x200</size>
         <input_file_ref idref="fl-57"/>
      </object_component>
      <object_component id="oc-c7">
         <name>.bss:g_usUARTRxHistoryOffset</name>
         <uninitialized>true</uninitialized>
         <run_address>0x20006128</run_address>
         <size>0x20</size>
         <input_file_ref idref="fl-57"/>
[...]
      </symbol>
      <symbol id="sm-1a8e">
         <name>USBDescGet</name>
         <value>0x167b1</value>
         <object_component_ref idref="oc-3eb"/>
      </symbol>
      <symbol id="sm-1a8f">
         <name>USBDescGetNum</name>
         <value>0x16755</value>
         <object_component_ref idref="oc-3eb"/>
      </symbol>
      <symbol id="sm-1a90">
         <name>USBDescGetNumAlternateInterfaces</name>
         <value>0x1681b</value>
         <object_component_ref idref="oc-3eb"/>
      </symbol>
      <symbol id="sm-1b77">
         <name>USBLibDMASizeGet</name>
         <value>0xebc1</value>
         <object_component_ref idref="oc-229"/>
      </symbol>
      <symbol id="sm-1b78">
         <name>USBLibDMAAddrGet</name>
         <value>0xeba9</value>
         <object_component_ref idref="oc-229"/>
      </symbol>
      <symbol id="sm-1b79">
         <name>USBLibDMAInit</name>
         <value>0xebd9</value>
         <object_component_ref idref="oc-229"/>
      </symbol>
      <symbol id="sm-1bf4">
         <name>g_ui32PollRate</name>
         <value>0x200062a0</value>
      </symbol>
      <symbol id="sm-1bf5">
         <name>g_eOTGModeState</name>
         <value>0x200062b4</value>
      </symbol>
      <symbol id="sm-1bf6">
         <name>USBOTGModeTerm</name>
         <value>0x1340b</value>
         <object_component_ref idref="oc-36c"/>
      </symbol>
      <symbol id="sm-1bf7">
         <name>USB0DualModeIntHandler</name>
         <value>0x132ff</value>
         <object_component_ref idref="oc-36c"/>
      </symbol>
      <symbol id="sm-1bf8">
         <name>USBOTGMain</name>
         <value>0x136ab</value>
         <object_component_ref idref="oc-36c"/>
      </symbol>
      <symbol id="sm-1bf9">
         <name>USB0OTGModeIntHandler</name>
         <value>0x135a9</value>
         <object_component_ref idref="oc-36c"/>
      </symbol>
      <symbol id="sm-1bfa">
         <name>USBDualModeInit</name>
         <value>0x1334b</value>
         <object_component_ref idref="oc-36c"/>
      </symbol>
      <symbol id="sm-1bfb">
         <name>USBDualModeTerm</name>
         <value>0x133c9</value>
         <object_component_ref idref="oc-36c"/>
      </symbol>
      <symbol id="sm-1bfc">
         <name>g_iUSBMode</name>
         <value>0x20006520</value>
         <object_component_ref idref="oc-239"/>
      </symbol>
      <symbol id="sm-1bfd">
         <name>USBOTGModeInit</name>
         <value>0x13453</value>
         <object_component_ref idref="oc-36c"/>
      </symbol>
      <symbol id="sm-1bfe">
         <name>USBStackModeSet</name>
         <value>0x132b5</value>
         <object_component_ref idref="oc-36c"/>
      </symbol>
      <symbol id="sm-1bff">
         <name>g_ui32WaitTicks</name>
         <value>0x20006524</value>
         <object_component_ref idref="oc-239"/>
      </symbol>
      <symbol id="sm-1c00">
         <name>USBOTGPollRate</name>
         <value>0x13579</value>
         <object_component_ref idref="oc-36c"/>
      </symbol>
      <symbol id="sm-1c01">
         <name>OTGDeviceDisconnect</name>
         <value>0x13691</value>
         <object_component_ref idref="oc-36c"/>
      </symbol>
      <symbol id="sm-1c02">
         <name>USBOTGFeatureSet</name>
         <value>0x13749</value>
         <object_component_ref idref="oc-36c"/>
      </symbol>
      <symbol id="sm-1c59">
         <name>USBRingBufWrite</name>
         <value>0x14a7f</value>
         <object_component_ref idref="oc-4d0"/>
      </symbol>
      <symbol id="sm-1c5a">
         <name>USBRingBufContigUsed</name>
         <value>0x14801</value>
         <object_component_ref idref="oc-4d0"/>
      </symbol>
      <symbol id="sm-1c5b">
         <name>USBRingBufFlush</name>
         <value>0x14777</value>
         <object_component_ref idref="oc-4d0"/>
      </symbol>
      <symbol id="sm-1c5c">
         <name>USBRingBufAdvanceWrite</name>
         <value>0x149a9</value>
         <object_component_ref idref="oc-4d0"/>
      </symbol>
      <symbol id="sm-1c5d">
         <name>USBRingBufWriteOne</name>
         <value>0x14a39</value>
         <object_component_ref idref="oc-4d0"/>
      </symbol>
      <symbol id="sm-1c5e">
         <name>USBRingBufUsed</name>
         <value>0x147a3</value>
         <object_component_ref idref="oc-4d0"/>
      </symbol>
      <symbol id="sm-1c5f">
         <name>USBRingBufFree</name>
         <value>0x147dd</value>
         <object_component_ref idref="oc-4d0"/>
      </symbol>
      <symbol id="sm-1c60">
         <name>USBRingBufAdvanceRead</name>
         <value>0x14953</value>
         <object_component_ref idref="oc-4d0"/>
      </symbol>
      <symbol id="sm-1c61">
         <name>USBRingBufFull</name>
         <value>0x14703</value>
         <object_component_ref idref="oc-4d0"/>
      </symbol>
      <symbol id="sm-1c62">
         <name>USBRingBufReadOne</name>
         <value>0x14897</value>
         <object_component_ref idref="oc-4d0"/>
      </symbol>
      <symbol id="sm-1c63">
         <name>USBRingBufEmpty</name>
         <value>0x14745</value>
         <object_component_ref idref="oc-4d0"/>
      </symbol>
      <symbol id="sm-1c64">
         <name>USBRingBufSize</name>
         <value>0x1487f</value>
         <object_component_ref idref="oc-4d0"/>
      </symbol>
      <symbol id="sm-1c65">
         <name>USBRingBufInit</name>
         <value>0x14af5</value>
         <object_component_ref idref="oc-4d0"/>
      </symbol>
      <symbol id="sm-1c66">
         <name>USBRingBufRead</name>
         <value>0x148dd</value>
         <object_component_ref idref="oc-4d0"/>
      </symbol>
      <symbol id="sm-1c67">
         <name>USBRingBufContigFree</name>
         <value>0x14839</value>
         <object_component_ref idref="oc-4d0"/>
      </symbol>
      <symbol id="sm-1c90">
         <name>g_pfnTickHandlers</name>
         <value>0x20006178</value>
      </symbol>
      <symbol id="sm-1c91">
         <name>g_pvTickInstance</name>
         <value>0x20006190</value>
      </symbol>
      <symbol id="sm-1c92">
         <name>g_ui32USBSOFCount</name>
         <value>0x20006510</value>
         <object_component_ref idref="oc-254"/>
      </symbol>
      <symbol id="sm-1c93">
         <name>InternalUSBTickReset</name>
         <value>0x174df</value>
         <object_component_ref idref="oc-22f"/>
      </symbol>
      <symbol id="sm-1c94">
         <name>g_bUSBTimerInitialized</name>
         <value>0x20006508</value>
         <object_component_ref idref="oc-254"/>
      </symbol>
      <symbol id="sm-1c95">
         <name>g_ui32CurrentUSBTick</name>
         <value>0x2000650c</value>
         <object_component_ref idref="oc-254"/>
      </symbol>
      <symbol id="sm-1c96">
         <name>InternalUSBStartOfFrameTick</name>
         <value>0x17537</value>
         <object_component_ref idref="oc-22f"/>
      </symbol>
      <symbol id="sm-1c97">
         <name>InternalUSBRegisterTickHandler</name>
         <value>0x174e7</value>
         <object_component_ref idref="oc-22f"/>
      </symbol>
      <symbol id="sm-1c98">
         <name>InternalUSBTickInit</name>
         <value>0x174a1</value>
         <object_component_ref idref="oc-22f"/>
      </symbol>
      <symbol id="sm-1ca5">
         <name>ULPIPowerTransceiver</name>
         <value>0x17709</value>
         <object_component_ref idref="oc-223"/>
      </symbol>
      <symbol id="sm-1ca6">
         <name>ULPIConfigSet</name>
         <value>0x17667</value>
         <object_component_ref idref="oc-223"/>
      </symbol>
      <symbol id="sm-1cc0">
         <name>GetOverflowCounts</name>
         <value>0x180bd</value>
         <object_component_ref idref="oc-150"/>
      </symbol>
      <symbol id="sm-1cc1">
         <name>vConfigureTimerForRunTimeStats</name>
         <value>0x17c21</value>
         <object_component_ref idref="oc-144"/>
      </symbol>
      <symbol id="sm-1ce1">
         <name>CmdLineProcess</name>
         <value>0x177e5</value>
         <object_component_ref idref="oc-35c"/>
      </symbol>
      <symbol id="sm-1d11">
         <name>CPUUsageInit</name>
         <value>0x1708b</value>
         <object_component_ref idref="oc-175"/>
      </symbol>
      <symbol id="sm-1d12">
         <name>CPUUsageTick</name>
         <value>0x1704d</value>
         <object_component_ref idref="oc-175"/>
      </symbol>
      <symbol id="sm-1e1c">
         <name>UARTTxBytesFree</name>
         <value>0x104fb</value>
         <object_component_ref idref="oc-38"/>
      </symbol>
      <symbol id="sm-1e1d">
         <name>UARTFlushRx</name>
         <value>0x10507</value>
         <object_component_ref idref="oc-38"/>
      </symbol>
      <symbol id="sm-1e1e">
         <name>UARTgetc</name>
         <value>0x10191</value>
         <object_component_ref idref="oc-38"/>
      </symbol>
      <symbol id="sm-1e1f">
         <name>UARTgets</name>
         <value>0xfd31</value>
         <object_component_ref idref="oc-38"/>
      </symbol>
      <symbol id="sm-1e20">
         <name>UARTFlushTx</name>
         <value>0x10515</value>
         <object_component_ref idref="oc-38"/>
      </symbol>
      <symbol id="sm-1e21">
         <name>UARTStdioConfig</name>
         <value>0xfb3b</value>
         <object_component_ref idref="oc-38"/>
      </symbol>
      <symbol id="sm-1e22">
         <name>UARTStdioIntHandler</name>
         <value>0x10563</value>
         <object_component_ref idref="oc-38"/>
      </symbol>
      <symbol id="sm-1e23">
         <name>UARTRxBytesAvail</name>
         <value>0x104ef</value>
         <object_component_ref idref="oc-38"/>
      </symbol>
      <symbol id="sm-1e24">
         <name>UARTwrite</name>
         <value>0xfc67</value>
         <object_component_ref idref="oc-38"/>
      </symbol>
      <symbol id="sm-1e25">
         <name>UARTEchoSet</name>
         <value>0x1053b</value>
         <object_component_ref idref="oc-38"/>
      </symbol>
      <symbol id="sm-1e26">
         <name>UARTprintf</name>
         <value>0x104cb</value>
         <object_component_ref idref="oc-38"/>
      </symbol>
      <symbol id="sm-1e27">
         <name>UARTvprintf</name>
         <value>0x101b9</value>
         <object_component_ref idref="oc-38"/>
      </symbol>
      <symbol id="sm-1e4e">
         <name>sprintf</name>
         <value>0x17f69</value>
         <object_component_ref idref="oc-169"/>
      </symbol>
      <symbol id="sm-1e6a">
         <name>memcpy</name>
         <value>0x17891</value>
         <object_component_ref idref="oc-52"/>
      </symbol>
      <symbol id="sm-1e6b">
         <name>__aeabi_memcpy</name>
         <value>0x17891</value>
         <object_component_ref idref="oc-52"/>
      </symbol>
      <symbol id="sm-1e6c">
         <name>__aeabi_memcpy8</name>
         <value>0x17891</value>
         <object_component_ref idref="oc-52"/>
      </symbol>
      <symbol id="sm-1e6d">
         <name>__aeabi_memcpy4</name>
         <value>0x17891</value>
         <object_component_ref idref="oc-52"/>
      </symbol>
      <symbol id="sm-1e7c">
         <name>__aeabi_memset</name>
         <value>0x17ad1</value>
         <object_component_ref idref="oc-104"/>
      </symbol>
      <symbol id="sm-1e7d">
         <name>memset</name>
         <value>0x17ad7</value>
         <object_component_ref idref="oc-104"/>
      </symbol>
      <symbol id="sm-1e7e">
         <name>__aeabi_memset8</name>
         <value>0x17ad1</value>
         <object_component_ref idref="oc-104"/>
      </symbol>
      <symbol id="sm-1e7f">
         <name>__aeabi_memset4</name>
         <value>0x17ad1</value>
         <object_component_ref idref="oc-104"/>
      </symbol>
      <symbol id="sm-1e80">
         <name>__aeabi_memclr8</name>
         <value>0x17acf</value>
         <object_component_ref idref="oc-104"/>
      </symbol>
      <symbol id="sm-1e81">
         <name>__aeabi_memclr4</name>
         <value>0x17acf</value>
         <object_component_ref idref="oc-104"/>
      </symbol>
      <symbol id="sm-1e82">
         <name>__aeabi_memclr</name>
         <value>0x17acf</value>
         <object_component_ref idref="oc-104"/>
      </symbol>
      <symbol id="sm-1e91">
         <name>__aeabi_uidivmod</name>
         <value>0x17f29</value>
         <object_component_ref idref="oc-cd"/>
      </symbol>
      <symbol id="sm-1e92">
         <name>__aeabi_uidiv</name>
         <value>0x17f29</value>
         <object_component_ref idref="oc-cd"/>
      </symbol>
      <symbol id="sm-1ea4">
         <name>__TI_zero_init</name>
         <value>0x181c9</value>
         <object_component_ref idref="oc-64"/>
      </symbol>
      <symbol id="sm-1ebb">
         <name>__TI_decompress_none</name>
         <value>0x181bb</value>
         <object_component_ref idref="oc-1b"/>
      </symbol>
      <symbol id="sm-1ede">
         <name>__TI_decompress_lzss</name>
         <value>0x17c89</value>
         <object_component_ref idref="oc-15"/>
      </symbol>
      <symbol id="sm-1ef4">
         <name>rand</name>
         <value>0x18059</value>
         <object_component_ref idref="oc-187"/>
      </symbol>
      <symbol id="sm-1f03">
         <name>strcmp</name>
         <value>0x18153</value>
         <object_component_ref idref="oc-4c2"/>
      </symbol>
      <symbol id="sm-1f11">
         <name>strcpy</name>
         <value>0x18181</value>
         <object_component_ref idref="oc-15d"/>
      </symbol>
      <symbol id="sm-1f1f">
         <name>strlen</name>
         <value>0x18195</value>
         <object_component_ref idref="oc-163"/>
      </symbol>
      <symbol id="sm-1f32">
         <name>__stack</name>
         <value>0x20006570</value>
         <object_component_ref idref="oc-24"/>
      </symbol>
      <symbol id="sm-1f33">
         <name>_c_int00_noargs</name>
         <value>0x18025</value>
         <object_component_ref idref="oc-70"/>
      </symbol>
      <symbol id="sm-2098">
         <name>__TI_printfi</name>
         <value>0x11175</value>
         <object_component_ref idref="oc-301"/>
      </symbol>
      <symbol id="sm-20a2">
         <name>__aeabi_idiv0</name>
         <value>0x16213</value>
         <object_component_ref idref="oc-212"/>
      </symbol>
      <symbol id="sm-20a3">
         <name>__aeabi_ldiv0</name>
         <value>0x16213</value>
         <object_component_ref idref="oc-212"/>
      </symbol>
      <symbol id="sm-20ba">
         <name>__aeabi_dsub</name>
         <value>0x16af9</value>
         <object_component_ref idref="oc-5aa"/>
      </symbol>
      <symbol id="sm-20bb">
         <name>__aeabi_dadd</name>
         <value>0x16b03</value>
         <object_component_ref idref="oc-5aa"/>
      </symbol>
      <symbol id="sm-20dd">
         <name>__aeabi_cdcmpeq</name>
         <value>0x179c3</value>
         <object_component_ref idref="oc-44b"/>
      </symbol>
      <symbol id="sm-20de">
         <name>__aeabi_cdcmple</name>
         <value>0x179c3</value>
         <object_component_ref idref="oc-44b"/>
      </symbol>
      <symbol id="sm-20df">
         <name>__aeabi_cdrcmple</name>
         <value>0x17a49</value>
         <object_component_ref idref="oc-595"/>
      </symbol>
      <symbol id="sm-20f3">
         <name>__aeabi_ddiv</name>
         <value>0x16ded</value>
         <object_component_ref idref="oc-590"/>
      </symbol>
      <symbol id="sm-20fe">
         <name>__aeabi_dmul</name>
         <value>0x173a5</value>
         <object_component_ref idref="oc-58b"/>
      </symbol>
      <symbol id="sm-2108">
         <name>__aeabi_d2iz</name>
         <value>0x17e9d</value>
         <object_component_ref idref="oc-59a"/>
      </symbol>
      <symbol id="sm-2112">
         <name>__aeabi_i2d</name>
         <value>0x1808d</value>
         <object_component_ref idref="oc-5a5"/>
      </symbol>
      <symbol id="sm-211f">
         <name>__aeabi_uldivmod</name>
         <value>0x1792d</value>
         <object_component_ref idref="oc-584"/>
      </symbol>
      <symbol id="sm-2147">
         <name>__TI_auto_init_nobinit_nopinit</name>
         <value>0x17ee5</value>
         <object_component_ref idref="oc-279"/>
      </symbol>
      <symbol id="sm-2151">
         <name>_system_pre_init</name>
         <value>0x181fb</value>
         <object_component_ref idref="oc-10a"/>
      </symbol>
      <symbol id="sm-215d">
         <name>C$$EXIT</name>
         <value>0x181ff</value>
         <object_component_ref idref="oc-26d"/>
      </symbol>
      <symbol id="sm-215e">
         <name>abort</name>
         <value>0x181ff</value>
         <object_component_ref idref="oc-26d"/>
      </symbol>
      <symbol id="sm-2173">
         <name>_nop</name>
         <value>0x11bc3</value>
         <object_component_ref idref="oc-4a9"/>
      </symbol>
      <symbol id="sm-2174">
         <name>_lock</name>
         <value>0x2000652c</value>
         <object_component_ref idref="oc-33c"/>
      </symbol>
      <symbol id="sm-2175">
         <name>_unlock</name>
         <value>0x20006530</value>
         <object_component_ref idref="oc-33c"/>
      </symbol>
      <symbol id="sm-2184">
         <name>__TI_ltoa</name>
         <value>0x17dab</value>
         <object_component_ref idref="oc-59f"/>
      </symbol>
      <symbol id="sm-219b">
         <name>atoi</name>
         <value>0x17e51</value>
         <object_component_ref idref="oc-43f"/>
      </symbol>
      <symbol id="sm-21a6">
         <name>_ctypes_</name>
         <value>0x185b4</value>
         <object_component_ref idref="oc-57f"/>
      </symbol>
      <symbol id="sm-21b6">
         <name>memccpy</name>
         <value>0x18105</value>
         <object_component_ref idref="oc-468"/>
      </symbol>
      <symbol id="sm-21c6">
         <name>strchr</name>
         <value>0x1816b</value>
         <object_component_ref idref="oc-5d6"/>
      </symbol>
      <symbol id="sm-21dc">
         <name>__aeabi_errno_addr</name>
         <value>0x181ed</value>
         <object_component_ref idref="oc-474"/>
      </symbol>
      <symbol id="sm-21dd">
         <name>errno</name>
         <value>0x20006564</value>
         <object_component_ref idref="oc-5e6"/>
      </symbol>
      <symbol id="sm-21f6">
         <name>wcslen</name>
         <value>0x181a9</value>
         <object_component_ref idref="oc-46e"/>
      </symbol>
      <symbol id="sm-2216">
         <name>frexpl</name>
         <value>0x17cf1</value>
         <object_component_ref idref="oc-5ca"/>
      </symbol>
      <symbol id="sm-2217">
         <name>frexp</name>
         <value>0x17cf1</value>
         <object_component_ref idref="oc-5ca"/>
      </symbol>
      <symbol id="sm-2234">
         <name>scalbn</name>
         <value>0x17295</value>
         <object_component_ref idref="oc-5d0"/>
      </symbol>
      <symbol id="sm-2235">
         <name>scalbnl</name>
         <value>0x17295</value>
         <object_component_ref idref="oc-5d0"/>
      </symbol>
      <symbol id="sm-2236">
         <name>ldexpl</name>
         <value>0x17295</value>
         <object_component_ref idref="oc-5d0"/>
      </symbol>
      <symbol id="sm-2237">
         <name>ldexp</name>
         <value>0x17295</value>
         <object_component_ref idref="oc-5d0"/>
      </symbol>
      <symbol id="sm-2241">
         <name>copysign</name>
         <value>0x18121</value>
         <object_component_ref idref="oc-694"/>
      </symbol>
      <symbol id="sm-2242">
         <name>copysignl</name>
         <value>0x18121</value>
         <object_component_ref idref="oc-694"/>
      </symbol>
      <symbol id="sm-2243">
         <name>__TI_static_base__</name>
         <value>0x0</value>
      </symbol>
      <symbol id="sm-2246">
         <name>__mpu_init</name>
         <value>0x0</value>
      </symbol>
      <symbol id="sm-2247">
         <name>_system_post_cinit</name>
         <value>0x0</value>
      </symbol>
   </symbol_table>
   <title>Link successful</title>
</link_info>
