******************************************************************************
                  TI ARM Linker Unix v20.2.7                   
******************************************************************************
>> Linked Wed May 20 10:47:47 2026

OUTPUT FILE NAME:   <practica-TIVA-2026.out>
ENTRY POINT SYMBOL: "_c_int00_noargs"  address: 00018025


MEMORY CONFIGURATION

         name            origin    length      used     unused   attr    fill
----------------------  --------  ---------  --------  --------  ----  --------
  FLASH                 00000000   00040000  0001904e  00026fb2  R  X
  SRAM                  20000000   00008000  00006769  00001897  RW X


SEGMENT ALLOCATION MAP

run origin  load origin   length   init length attrs members
----------  ----------- ---------- ----------- ----- -------
00000000    00000000    00019050   00019050    r-x
  00000000    00000000    0000026c   0000026c    r-- .intvecs
  0000026c    0000026c    00017f96   00017f96    r-x .text
  00018204    00018204    00000cd4   00000cd4    r-- .const
  00018ed8    00018ed8    00000178   00000178    r-- .cinit
20000000    20000000    00006770   00000000    rw-
  20000000    20000000    0000026c   00000000    rw- .vtable
  2000026c    2000026c    00006049   00000000    rw- .bss
  200062b8    200062b8    000002b4   00000000    rw- .data
  20006570    20006570    00000200   00000000    rw- .stack


SECTION ALLOCATION MAP

 output                                  attributes/
section   page    origin      length       input sections
--------  ----  ----------  ----------   ----------------
.intvecs   0    00000000    0000026c     
                  00000000    0000026c     startup_ccs.obj (.intvecs)

.text      0    0000026c    00017f96     
                  0000026c    00003084     usbhostenum.obj (.text)
                  000032f0    00002870     tasks.obj (.text)
                  00005b60    00002398     usb.obj (.text)
                  00007ef8    00001688     sysctl.obj (.text)
                  00009580    00001570     usbdenum.obj (.text)
                  0000aaf0    00001288     gpio.obj (.text)
                  0000bd78    000010c4     queue.obj (.text)
                  0000ce3c    00000fdc     usbdcdc.obj (.text)
                  0000de18    00000fa8     usbdma.obj (.text)
                  0000edc0    00000d20     timer.obj (.text)
                  0000fae0    00000b8c     uartstdioMod.obj (.text)
                  0001066c    00000b08     uart.obj (.text)
                  00011174    00000a4e     rtsv7M4_T_le_v4SPD16_eabi.lib : _printfi.c.obj (.text:__TI_printfi)
                  00011bc2    00000002                                   : _lock.c.obj (.text:_nop)
                  00011bc4    00000924     usbhhub.obj (.text)
                  000124e8    000007b4     timers.obj (.text)
                  00012c9c    00000598     usbbuffer.obj (.text)
                  00013234    00000570     usbmode.obj (.text)
                  000137a4    00000544     event_groups.obj (.text)
                  00013ce8    00000540     main.obj (.text)
                  00014228    00000490     interrupt.obj (.text)
                  000146b8    0000048c     usbringbuf.obj (.text)
                  00014b44    00000478     heap_4.obj (.text)
                  00014fbc    00000460     commands.obj (.text)
                  0001541c    000003bc     usbdconfig.obj (.text)
                  000157d8    000003b4     usb_dev_serial.obj (.text)
                  00015b8c    000003a8     serial2USBprotocol.obj (.text)
                  00015f34    000002de     usbdcdesc.obj (.text)
                  00016212    00000002     rtsv7M4_T_le_v4SPD16_eabi.lib : div0.asm.obj (.text)
                  00016214    000002d0     port.obj (.text)
                  000164e4    00000270     rtsv7M4_T_le_v4SPD16_eabi.lib : _printfi.c.obj (.text:_pconv_a)
                  00016754    000001d2     usbdesc.obj (.text)
                  00016926    00000002     --HOLE-- [fill = 0]
                  00016928    000001d0     rtsv7M4_T_le_v4SPD16_eabi.lib : _printfi.c.obj (.text:_pconv_g)
                  00016af8    000001b6                                   : fd_add_t2.asm.obj (.text)
                  00016cae    00000002     --HOLE-- [fill = 0]
                  00016cb0    0000013c                                   : _printfi.c.obj (.text:_pconv_e)
                  00016dec    00000136                                   : fd_div_t2.asm.obj (.text)
                  00016f22    0000012a     list.obj (.text)
                  0001704c    00000124     cpu_usage.obj (.text)
                  00017170    00000124     rtsv7M4_T_le_v4SPD16_eabi.lib : _printfi.c.obj (.text:fcvt)
                  00017294    00000110                                   : s_scalbn.c.obj (.text:scalbn)
                  000173a4    000000fc                                   : fd_mul_t2.asm.obj (.text)
                  000174a0    000000ec     usbtick.obj (.text)
                  0001758c    000000da     portasm.obj (.text)
                  00017666    000000c8     usbulpi.obj (.text)
                  0001772e    00000002     --HOLE-- [fill = 0]
                  00017730    000000b1     rtsv7M4_T_le_v4SPD16_eabi.lib : _printfi.c.obj (.text:_ltostr)
                  000177e1    00000003     --HOLE-- [fill = 0]
                  000177e4    000000ac     cmdline.obj (.text)
                  00017890    0000009c     rtsv7M4_T_le_v4SPD16_eabi.lib : memcpy_t2.asm.obj (.text)
                  0001792c    00000096                                   : ull_div_t2.asm.obj (.text)
                  000179c2    00000086                                   : fd_cmp_t2.asm.obj (.text:__aeabi_cdcmple)
                  00017a48    00000086                                   : fd_cmp_t2.asm.obj (.text:__aeabi_cdrcmple)
                  00017ace    0000007a                                   : memset_t2.asm.obj (.text)
                  00017b48    0000006e                                   : _printfi.c.obj (.text:_mcpy)
                  00017bb6    00000002     --HOLE-- [fill = 0]
                  00017bb8    00000068     crc.obj (.text)
                  00017c20    00000068     RunTimeStatsConfig.obj (.text)
                  00017c88    00000068     rtsv7M4_T_le_v4SPD16_eabi.lib : copy_decompress_lzss.c.obj (.text:decompress:lzss:__TI_decompress_lzss)
                  00017cf0    00000064                                   : s_frexp.c.obj (.text:frexp)
                  00017d54    00000056                                   : _printfi.c.obj (.text:_pconv_f)
                  00017daa    00000054                                   : _ltoa.c.obj (.text:__TI_ltoa)
                  00017dfe    00000052                                   : _printfi.c.obj (.text:_ecpy)
                  00017e50    0000004c                                   : atoi.c.obj (.text:atoi)
                  00017e9c    00000048                                   : fd_toi_t2.asm.obj (.text)
                  00017ee4    00000044                                   : autoinit.c.obj (.text:__TI_auto_init_nobinit_nopinit:__TI_auto_init_nobinit_nopinit)
                  00017f28    00000040                                   : u_divt2.asm.obj (.text)
                  00017f68    00000040                                   : sprintf.c.obj (.text:sprintf)
                  00017fa8    0000003e                                   : _printfi.c.obj (.text:_fcpy)
                  00017fe6    0000003e     cpu.obj (.text)
                  00018024    00000034     rtsv7M4_T_le_v4SPD16_eabi.lib : boot_cortex_m.c.obj (.text:_c_int00_noargs:_c_int00_noargs)
                  00018058    00000034                                   : rand.c.obj (.text:rand)
                  0001808c    0000002e                                   : i_tofd_t2.asm.obj (.text)
                  000180ba    00000002     --HOLE-- [fill = 0]
                  000180bc    00000024     RunTimeStatsConfig.obj (.text:GetOverflowCounts)
                  000180e0    00000024     usbdhandler.obj (.text)
                  00018104    0000001c     rtsv7M4_T_le_v4SPD16_eabi.lib : memccpy.c.obj (.text:memccpy)
                  00018120    0000001a                                   : s_copysign.c.obj (.text:copysign)
                  0001813a    00000018                                   : sprintf.c.obj (.text:_outs)
                  00018152    00000018                                   : strcmp.c.obj (.text:strcmp)
                  0001816a    00000016                                   : strchr.c.obj (.text:strchr)
                  00018180    00000014                                   : strcpy.c.obj (.text:strcpy)
                  00018194    00000014                                   : strlen.c.obj (.text:strlen)
                  000181a8    00000012                                   : wcslen.c.obj (.text:wcslen)
                  000181ba    0000000e                                   : copy_decompress_none.c.obj (.text:decompress:none:__TI_decompress_none)
                  000181c8    0000000c                                   : copy_zero_init.c.obj (.text:decompress:ZI:__TI_zero_init)
                  000181d4    0000000c     startup_ccs.obj (.text)
                  000181e0    0000000a     rtsv7M4_T_le_v4SPD16_eabi.lib : sprintf.c.obj (.text:_outc)
                  000181ea    00000002     --HOLE-- [fill = 0]
                  000181ec    00000008                                   : errno.c.obj (.text:__aeabi_errno_addr)
                  000181f4    00000006     sysctl.obj (.text:SysCtlDelay)
                  000181fa    00000004     rtsv7M4_T_le_v4SPD16_eabi.lib : pre_init.c.obj (.text:_system_pre_init)
                  000181fe    00000004                                   : exit.c.obj (.text:abort:abort)

.const     0    00018204    00000cd4     
                  00018204    00000200     crc.obj (.const:crctttab)
                  00018404    000001b0     sysctl.obj (.const:g_pppui32XTALtoVCO)
                  000185b4    00000101     rtsv7M4_T_le_v4SPD16_eabi.lib : ctype.c.obj (.const:.string:_ctypes_)
                  000186b5    00000003     --HOLE-- [fill = 0]
                  000186b8    000000f2     commands.obj (.const:.string)
                  000187aa    00000002     --HOLE-- [fill = 0]
                  000187ac    000000d8     gpio.obj (.const:g_ppui32GPIOIntMapSnowflake)
                  00018884    000000c0     gpio.obj (.const:g_ppui32GPIOIntMapBlizzard)
                  00018944    0000009c     interrupt.obj (.const:g_pui32Regs)
                  000189e0    00000090     gpio.obj (.const:g_pui32GPIOBaseAddrs)
                  00018a70    0000006c     sysctl.obj (.const:g_pui32Xtals)
                  00018adc    00000060     timer.obj (.const:g_ppui32TimerIntMap)
                  00018b3c    00000040     timer.obj (.const:g_ppui32TimerIntMapSnowflake)
                  00018b7c    00000040     uart.obj (.const:g_ppui32UARTIntMap)
                  00018bbc    00000040     uart.obj (.const:g_ppui32UARTIntMapSnowflake)
                  00018bfc    00000036     usb_serial_structs.obj (.const:.string:g_pui8ConfigString)
                  00018c32    00000002     --HOLE-- [fill = 0]
                  00018c34    00000034     usbdenum.obj (.const:g_psUSBDStdRequests)
                  00018c68    00000030     usbdcdc.obj (.const:g_sCDCHandlers)
                  00018c98    00000030     sysctl.obj (.const:g_sXTALtoMEMTIM)
                  00018cc8    0000002c     usb_serial_structs.obj (.const:.string:g_pui8ControlInterfaceString)
                  00018cf4    00000024     usb_serial_structs.obj (.const:.string:g_pui8ManufacturerString)
                  00018d18    00000023     usbdcdc.obj (.const:.string:g_pui8CDCSerCommInterface)
                  00018d3b    00000022     usb_serial_structs.obj (.const:.string:g_pui8ProductString)
                  00018d5d    00000003     --HOLE-- [fill = 0]
                  00018d60    00000020     interrupt.obj (.const:g_pui32Priority)
                  00018d80    00000018     usb_serial_structs.obj (.const:g_ppui8StringDescriptors)
                  00018d98    00000017     usbdcdc.obj (.const:.string:g_pui8CDCSerDataInterface)
                  00018daf    00000017     usbdcdc.obj (.const:.string:g_pui8CDCSerDataInterfaceHS)
                  00018dc6    00000002     --HOLE-- [fill = 0]
                  00018dc8    00000014     interrupt.obj (.const:g_pui32Dii16Regs)
                  00018ddc    00000014     interrupt.obj (.const:g_pui32EnRegs)
                  00018df0    00000014     interrupt.obj (.const:g_pui32PendRegs)
                  00018e04    00000014     interrupt.obj (.const:g_pui32UnpendRegs)
                  00018e18    00000012     usb_serial_structs.obj (.const:.string:g_pui8SerialNumberString)
                  00018e2a    00000002     --HOLE-- [fill = 0]
                  00018e2c    00000012     uartstdioMod.obj (.const:.string)
                  00018e3e    00000002     --HOLE-- [fill = 0]
                  00018e40    0000000c     uartstdioMod.obj (.const:g_ui32UARTBase)
                  00018e4c    0000000c     uartstdioMod.obj (.const:g_ui32UARTInt)
                  00018e58    0000000c     uartstdioMod.obj (.const:g_ui32UARTPeriph)
                  00018e64    00000008     sysctl.obj (.const:g_pui32VCOFrequencies)
                  00018e6c    00000008     usbdcdc.obj (.const:g_sCDCCompSerConfigHeader)
                  00018e74    00000008     usbdcdc.obj (.const:g_sCDCCompSerConfigHeaderHS)
                  00018e7c    00000008     usbdcdc.obj (.const:g_sCDCSerCommInterfaceSection)
                  00018e84    00000008     usbdcdc.obj (.const:g_sCDCSerConfigHeader)
                  00018e8c    00000008     usbdcdc.obj (.const:g_sCDCSerConfigHeaderHS)
                  00018e94    00000008     usbdcdc.obj (.const:g_sCDCSerConfigSection)
                  00018e9c    00000008     usbdcdc.obj (.const:g_sCDCSerDataInterfaceSection)
                  00018ea4    00000008     usbdcdc.obj (.const:g_sCDCSerDataInterfaceSectionHS)
                  00018eac    00000008     usbdcdc.obj (.const:g_sIADSerConfigSection)
                  00018eb4    00000008     port.obj (.const)
                  00018ebc    00000004     usb_serial_structs.obj (.const:.string:g_pui8LangDescriptor)
                  00018ec0    00000004     usbdcdc.obj (.const:g_pCDCCompSerConfigDescriptors)
                  00018ec4    00000004     usbdcdc.obj (.const:g_pCDCCompSerConfigDescriptorsHS)
                  00018ec8    00000004     usbdcdc.obj (.const:g_ppCDCSerConfigDescriptors)
                  00018ecc    00000004     usbdcdc.obj (.const:g_ppCDCSerConfigDescriptorsHS)
                  00018ed0    00000004     tasks.obj (.const)
                  00018ed4    00000004     uartstdioMod.obj (.const)

.cinit     0    00018ed8    00000178     
                  00018ed8    00000142     (.cinit..data.load) [load image, compression = lzss]
                  0001901a    00000002     --HOLE-- [fill = 0]
                  0001901c    0000000c     (__TI_handler_table)
                  00019028    00000008     (.cinit..bss.load) [load image, compression = zero_init]
                  00019030    00000008     (.cinit..vtable.load) [load image, compression = zero_init]
                  00019038    00000018     (__TI_cinit_table)

.init_array 
*          0    00000000    00000000     UNINITIALIZED

.vtable    0    20000000    0000026c     UNINITIALIZED
                  20000000    0000026c     interrupt.obj (.vtable)

.bss       0    2000026c    00006049     UNINITIALIZED
                  2000026c    00005000     heap_4.obj (.bss:ucHeap)
                  2000526c    000006cc     usbhostenum.obj (.bss:g_sUSBHCD)
                  20005938    00000200     uartstdioMod.obj (.bss:g_pcUARTRxHistoryBuffer)
                  20005b38    00000140     tasks.obj (.bss:pxReadyTasksLists)
                  20005c78    00000110     usbdma.obj (.bss:g_psUSBDMAInst)
                  20005d88    00000100     (.common:g_pui8USBRxBuffer)
                  20005e88    00000100     (.common:g_pui8USBTxBuffer)
                  20005f88    0000009c     usbhhub.obj (.bss:g_sRootHub)
                  20006024    00000050     (.common:g_psDCDInst)
                  20006074    00000050     (.common:xQueueRegistry)
                  200060c4    00000040     usbdenum.obj (.bss:g_pui8DataBufferIn)
                  20006104    00000024     cmdline.obj (.bss:g_ppcArgv)
                  20006128    00000020     uartstdioMod.obj (.bss:g_usUARTRxHistoryOffset)
                  20006148    00000018     usbhostenum.obj (.bss:g_pi32USBHActiveDriver)
                  20006160    00000018     usbhostenum.obj (.bss:g_ppvDriverInstance)
                  20006178    00000018     (.common:g_pfnTickHandlers)
                  20006190    00000018     (.common:g_pvTickInstance)
                  200061a8    00000014     uartstdioMod.obj (.bss)
                  200061bc    00000014     timers.obj (.bss:xActiveTimerList1)
                  200061d0    00000014     timers.obj (.bss:xActiveTimerList2)
                  200061e4    00000014     tasks.obj (.bss:xDelayedTaskList1)
                  200061f8    00000014     tasks.obj (.bss:xDelayedTaskList2)
                  2000620c    00000014     tasks.obj (.bss:xPendingReadyList)
                  20006220    00000014     tasks.obj (.bss:xSuspendedTaskList)
                  20006234    00000014     tasks.obj (.bss:xTasksWaitingTermination)
                  20006248    0000000c     cpu_usage.obj (.bss)
                  20006254    00000008     usbhostenum.obj (.bss:g_pui32Alloc)
                  2000625c    00000008     tasks.obj (.bss)
                  20006264    00000008     timers.obj (.bss)
                  2000626c    00000008     usb_dev_serial.obj (.bss)
                  20006274    00000008     usbhhub.obj (.bss)
                  2000627c    00000008     heap_4.obj (.bss:xStart)
                  20006284    00000004     usbdenum.obj (.bss)
                  20006288    00000004     usbhostenum.obj (.bss)
                  2000628c    00000004     usbmode.obj (.bss)
                  20006290    00000004     (.common:cola_freertos)
                  20006294    00000004     (.common:flagseventos)
                  20006298    00000004     (.common:g_ppsDevInfo)
                  2000629c    00000004     (.common:g_ui32CPUUsage)
                  200062a0    00000004     (.common:g_ui32PollRate)
                  200062a4    00000004     (.common:g_ui32SystemClock)
                  200062a8    00000004     (.common:mutexUART)
                  200062ac    00000004     (.common:mutexUSB)
                  200062b0    00000004     (.common:semaforo_freertos1)
                  200062b4    00000001     (.common:g_eOTGModeState)

.data      0    200062b8    000002b4     UNINITIALIZED
                  200062b8    00000060     usb_serial_structs.obj (.data:g_sCDCDevice)
                  20006318    00000054     commands.obj (.data:g_psCmdTable)
                  2000636c    0000003c     tasks.obj (.data)
                  200063a8    00000038     usb_serial_structs.obj (.data:g_sRxBuffer)
                  200063e0    00000038     usb_serial_structs.obj (.data:g_sTxBuffer)
                  20006418    00000018     cpu_usage.obj (.data:g_pui32CPUUsageTimerBase)
                  20006430    00000018     cpu_usage.obj (.data:g_pui32CPUUsageTimerPeriph)
                  20006448    00000018     usbhostenum.obj (.data:g_sUSBHEP0State)
                  20006460    00000014     heap_4.obj (.data)
                  20006474    00000014     usbhostenum.obj (.data)
                  20006488    00000012     usbdcdc.obj (.data:g_pui8CDCSerDeviceDescriptor)
                  2000649a    00000002     usbdcdc.obj (.data)
                  2000649c    00000010     usbdcdc.obj (.data:g_psCDCCompSerSections)
                  200064ac    00000010     usbdcdc.obj (.data:g_psCDCCompSerSectionsHS)
                  200064bc    0000000d     usb_dev_serial.obj (.data)
                  200064c9    00000003     --HOLE--
                  200064cc    0000000c     usbdcdc.obj (.data:g_psCDCSerSections)
                  200064d8    0000000c     usbdcdc.obj (.data:g_psCDCSerSectionsHS)
                  200064e4    0000000c     port.obj (.data)
                  200064f0    0000000c     timers.obj (.data)
                  200064fc    0000000c     uartstdioMod.obj (.data)
                  20006508    0000000c     usbtick.obj (.data)
                  20006514    00000009     usbdcdc.obj (.data:g_pui8CDCSerDescriptor)
                  2000651d    00000003     --HOLE--
                  20006520    00000009     usbmode.obj (.data)
                  20006529    00000003     --HOLE--
                  2000652c    00000008     rtsv7M4_T_le_v4SPD16_eabi.lib : _lock.c.obj (.data:$O1$$)
                  20006534    00000008     usbdcdc.obj (.data:g_pui8IADSerDescriptor)
                  2000653c    00000008     main.obj (.data)
                  20006544    00000008     main.obj (.data:params1)
                  2000654c    00000008     main.obj (.data:params2)
                  20006554    00000008     usbdenum.obj (.data)
                  2000655c    00000007     usb_dev_serial.obj (.data:ConfigLinea)
                  20006563    00000001     --HOLE--
                  20006564    00000004     rtsv7M4_T_le_v4SPD16_eabi.lib : errno.c.obj (.data)
                  20006568    00000004                                   : rand.c.obj (.data)

.stack     0    20006570    00000200     UNINITIALIZED
                  20006570    00000004     rtsv7M4_T_le_v4SPD16_eabi.lib : boot_cortex_m.c.obj (.stack)
                  20006574    000001fc     --HOLE--

__llvm_prf_cnts 
*          0    20000000    00000000     UNINITIALIZED

MODULE SUMMARY

       Module                       code    ro data   rw data
       ------                       ----    -------   -------
    ./
       commands.obj                 1120    242       84     
       main.obj                     1344    0         52     
       usb_dev_serial.obj           948     0         28     
       serial2USBprotocol.obj       936     0         0      
       usb_serial_structs.obj       0       214       720    
       startup_ccs.obj              12      620       0      
       crc.obj                      104     512       0      
    +--+----------------------------+-------+---------+---------+
       Total:                       4464    1588      884    
                                                             
    ./FreeRTOS/Source/
       tasks.obj                    10352   4         488    
       queue.obj                    4292    0         80     
       timers.obj                   1972    0         60     
       event_groups.obj             1348    0         0      
       list.obj                     298     0         0      
    +--+----------------------------+-------+---------+---------+
       Total:                       18262   4         628    
                                                             
    ./FreeRTOS/Source/portable/CCS/ARM_CM4F/
       port.obj                     720     8         12     
       portasm.obj                  218     0         0      
    +--+----------------------------+-------+---------+---------+
       Total:                       938     8         12     
                                                             
    ./FreeRTOS/Source/portable/MemMang/
       heap_4.obj                   1144    0         20508  
    +--+----------------------------+-------+---------+---------+
       Total:                       1144    0         20508  
                                                             
    ./driverlib/
       usb.obj                      9112    0         0      
       sysctl.obj                   5774    596       0      
       gpio.obj                     4744    552       0      
       timer.obj                    3360    160       0      
       uart.obj                     2824    128       0      
       interrupt.obj                1168    268       620    
       cpu.obj                      62      0         0      
    +--+----------------------------+-------+---------+---------+
       Total:                       27044   1704      620    
                                                             
    ./usblib/
       usbdma.obj                   4008    0         272    
       usbbuffer.obj                1432    0         0      
       usbmode.obj                  1392    0         18     
       usbringbuf.obj               1164    0         0      
       usbdesc.obj                  466     0         0      
       usbtick.obj                  236     0         60     
       usbulpi.obj                  200     0         0      
    +--+----------------------------+-------+---------+---------+
       Total:                       8898    0         350    
                                                             
    ./usblib/device/
       usbdenum.obj                 5488    52        160    
       usbdcdc.obj                  4060    217       93     
       usbdconfig.obj               956     0         0      
       usbdcdesc.obj                734     0         0      
       usbdhandler.obj              36      0         0      
    +--+----------------------------+-------+---------+---------+
       Total:                       11274   269       253    
                                                             
    ./usblib/host/
       usbhostenum.obj              12420   0         1844   
       usbhhub.obj                  2340    0         164    
    +--+----------------------------+-------+---------+---------+
       Total:                       14760   0         2008   
                                                             
    ./utils/
       uartstdioMod.obj             2956    58        576    
       cpu_usage.obj                292     0         60     
       cmdline.obj                  172     0         36     
       RunTimeStatsConfig.obj       140     0         0      
    +--+----------------------------+-------+---------+---------+
       Total:                       3560    58        672    
                                                             
    /opt/ti/ccs1240/ccs/tools/compiler/ti-cgt-arm_20.2.7.LTS/lib/rtsv7M4_T_le_v4SPD16_eabi.lib
       _printfi.c.obj               4851    0         0      
       fd_add_t2.asm.obj            438     0         0      
       fd_div_t2.asm.obj            310     0         0      
       s_scalbn.c.obj               272     0         0      
       fd_cmp_t2.asm.obj            268     0         0      
       ctype.c.obj                  0       257       0      
       fd_mul_t2.asm.obj            252     0         0      
       memcpy_t2.asm.obj            156     0         0      
       ull_div_t2.asm.obj           150     0         0      
       memset_t2.asm.obj            122     0         0      
       copy_decompress_lzss.c.obj   104     0         0      
       s_frexp.c.obj                100     0         0      
       sprintf.c.obj                98      0         0      
       _ltoa.c.obj                  84      0         0      
       atoi.c.obj                   76      0         0      
       fd_toi_t2.asm.obj            72      0         0      
       autoinit.c.obj               68      0         0      
       u_divt2.asm.obj              64      0         0      
       rand.c.obj                   52      0         4      
       boot_cortex_m.c.obj          52      0         0      
       i_tofd_t2.asm.obj            46      0         0      
       memccpy.c.obj                28      0         0      
       s_copysign.c.obj             26      0         0      
       strcmp.c.obj                 24      0         0      
       strchr.c.obj                 22      0         0      
       strcpy.c.obj                 20      0         0      
       strlen.c.obj                 20      0         0      
       wcslen.c.obj                 18      0         0      
       copy_decompress_none.c.obj   14      0         0      
       copy_zero_init.c.obj         12      0         0      
       errno.c.obj                  8       0         4      
       _lock.c.obj                  2       0         8      
       exit.c.obj                   4       0         0      
       pre_init.c.obj               4       0         0      
       div0.asm.obj                 2       0         0      
    +--+----------------------------+-------+---------+---------+
       Total:                       7839    257       16     
                                                             
       Stack:                       0       0         512    
       Linker Generated:            0       374       0      
    +--+----------------------------+-------+---------+---------+
       Grand Total:                 98183   4262      26463  


LINKER GENERATED COPY TABLES

__TI_cinit_table @ 00019038 records: 3, size/record: 8, table size: 24
	.data: load addr=00018ed8, load size=00000142 bytes, run addr=200062b8, run size=000002b4 bytes, compression=lzss
	.bss: load addr=00019028, load size=00000008 bytes, run addr=2000026c, run size=00006049 bytes, compression=zero_init
	.vtable: load addr=00019030, load size=00000008 bytes, run addr=20000000, run size=0000026c bytes, compression=zero_init


LINKER GENERATED HANDLER TABLE

__TI_handler_table @ 0001901c records: 3, size/record: 4, table size: 12
	index: 0, handler: __TI_zero_init
	index: 1, handler: __TI_decompress_lzss
	index: 2, handler: __TI_decompress_none


GLOBAL SYMBOLS: SORTED ALPHABETICALLY BY Name 

address   name                                 
-------   ----                                 
000181ff  C$$EXIT                              
0001708b  CPUUsageInit                         
0001704d  CPUUsageTick                         
0001801b  CPUbasepriGet                        
0001800d  CPUbasepriSet                        
00017fe7  CPUcpsid                             
00017ffd  CPUcpsie                             
00017ff3  CPUprimask                           
00018009  CPUwfi                               
000177e5  CmdLineProcess                       
0000026d  ConfigDescAlloc                      
00000303  ConfigDescFree                       
0000bd07  GPIOADCTriggerDisable                
0000bcdb  GPIOADCTriggerEnable                 
0000bcaf  GPIODMATriggerDisable                
0000bc83  GPIODMATriggerEnable                 
0000accd  GPIODirModeGet                       
0000ac49  GPIODirModeSet                       
0000b49d  GPIOIntClear                         
0000b445  GPIOIntDisable                       
0000b41d  GPIOIntEnable                        
0000b4bf  GPIOIntRegister                      
0000b53d  GPIOIntRegisterPin                   
0000b46d  GPIOIntStatus                        
0000aef1  GPIOIntTypeGet                       
0000ada1  GPIOIntTypeSet                       
0000b4fd  GPIOIntUnregister                    
0000b5b5  GPIOIntUnregisterPin                 
0000b289  GPIOPadConfigGet                     
0000af95  GPIOPadConfigSet                     
0000bbfd  GPIOPinConfigure                     
0000b607  GPIOPinRead                          
0000b65b  GPIOPinTypeADC                       
0000b691  GPIOPinTypeCAN                       
0000b6c7  GPIOPinTypeComparator                
0000b6fd  GPIOPinTypeComparatorOutput          
0000b733  GPIOPinTypeDIVSCLK                   
0000b769  GPIOPinTypeEPI                       
0000b79f  GPIOPinTypeEthernetLED               
0000b7d5  GPIOPinTypeEthernetMII               
0000b819  GPIOPinTypeGPIOInput                 
0000b84f  GPIOPinTypeGPIOOutput                
0000b885  GPIOPinTypeGPIOOutputOD              
0000b8bb  GPIOPinTypeHibernateRTCCLK           
0000b8f1  GPIOPinTypeI2C                       
0000b927  GPIOPinTypeI2CSCL                    
0000b95d  GPIOPinTypeLCD                       
0000b993  GPIOPinTypeOneWire                   
0000b9c9  GPIOPinTypePWM                       
0000b9ff  GPIOPinTypeQEI                       
0000ba35  GPIOPinTypeSSI                       
0000ba6b  GPIOPinTypeTimer                     
0000baa1  GPIOPinTypeTrace                     
0000bad7  GPIOPinTypeUART                      
0000bb11  GPIOPinTypeUSBAnalog                 
0000bb47  GPIOPinTypeUSBDigital                
0000bb7d  GPIOPinTypeWakeHigh                  
0000bbb5  GPIOPinTypeWakeLow                   
0000bbed  GPIOPinWakeStatus                    
0000b62d  GPIOPinWrite                         
0000bd33  GPIOUnlockPin                        
000180bd  GetOverflowCounts                    
00014455  IntDisable                           
000143d7  IntEnable                            
000144dd  IntIsEnabled                         
0001423b  IntMasterDisable                     
0001422b  IntMasterEnable                      
00014601  IntPendClear                         
00014591  IntPendSet                           
000143a1  IntPriorityGet                       
00014307  IntPriorityGroupingGet               
000142e1  IntPriorityGroupingSet               
00014667  IntPriorityMaskGet                   
0001465b  IntPriorityMaskSet                   
0001433f  IntPrioritySet                       
0001424b  IntRegister                          
0001466f  IntTrigger                           
000142c1  IntUnregister                        
000025c1  InternalUSBHCDSendEvent              
000174e7  InternalUSBRegisterTickHandler       
00017537  InternalUSBStartOfFrameTick          
000174a1  InternalUSBTickInit                  
000174df  InternalUSBTickReset                 
00013691  OTGDeviceDisconnect                  
0000d085  ProcessDataFromHost                  
0000d195  ProcessDataToHost                    
0000d133  ProcessNotificationToHost            
000181d5  ResetISR                             
0000950b  SysCtlAltClkConfig                   
00008ad1  SysCtlClockFreqSet                   
00008fb1  SysCtlClockGet                       
000094d3  SysCtlClockOutConfig                 
00008dd9  SysCtlClockSet                       
000089b9  SysCtlDeepSleep                      
00009189  SysCtlDeepSleepClockConfigSet        
0000916d  SysCtlDeepSleepClockSet              
00008999  SysCtlDeepSleepPowerSet              
000181f5  SysCtlDelay                          
000082bd  SysCtlFlashSectorSizeGet             
00008291  SysCtlFlashSizeGet                   
0000935d  SysCtlGPIOAHBDisable                 
000092d9  SysCtlGPIOAHBEnable                  
000088ad  SysCtlIntClear                       
00008895  SysCtlIntDisable                     
00008881  SysCtlIntEnable                      
0000885d  SysCtlIntRegister                    
000088bd  SysCtlIntStatus                      
00008871  SysCtlIntUnregister                  
0000897f  SysCtlLDODeepSleepGet                
00008931  SysCtlLDODeepSleepSet                
00008927  SysCtlLDOSleepGet                    
000088d9  SysCtlLDOSleepSet                    
000089f5  SysCtlMOSCConfigSet                  
000094bf  SysCtlNMIClear                       
000094b9  SysCtlNMIStatus                      
00008a05  SysCtlPIOSCCalibrate                 
000092a5  SysCtlPWMClockGet                    
00009235  SysCtlPWMClockSet                    
00008809  SysCtlPeripheralClockGating          
000087bb  SysCtlPeripheralDeepSleepDisable     
0000876d  SysCtlPeripheralDeepSleepEnable      
00008679  SysCtlPeripheralDisable              
0000860d  SysCtlPeripheralEnable               
000084c1  SysCtlPeripheralPowerOff             
0000843d  SysCtlPeripheralPowerOn              
00008329  SysCtlPeripheralPresent              
000083b5  SysCtlPeripheralReady                
0000856d  SysCtlPeripheralReset                
00008719  SysCtlPeripheralSleepDisable         
000086c7  SysCtlPeripheralSleepEnable          
000089a9  SysCtlReset                          
00008a65  SysCtlResetBehaviorGet               
00008a55  SysCtlResetBehaviorSet               
000089e1  SysCtlResetCauseClear                
000089d5  SysCtlResetCauseGet                  
00008287  SysCtlSRAMSizeGet                    
000089b1  SysCtlSleep                          
00008989  SysCtlSleepPowerSet                  
000093d3  SysCtlUSBPLLDisable                  
000093c7  SysCtlUSBPLLEnable                   
0000940d  SysCtlVCOGet                         
000093f5  SysCtlVoltageEventClear              
000093df  SysCtlVoltageEventConfig             
000093ef  SysCtlVoltageEventStatus             
0000fa2d  TimerADCEventGet                     
0000fa0d  TimerADCEventSet                     
0000f45d  TimerClockSourceGet                  
0000f421  TimerClockSourceSet                  
0000ef89  TimerConfigure                       
0000f281  TimerControlEvent                    
0000f15d  TimerControlLevel                    
0000f2df  TimerControlStall                    
0000f1dd  TimerControlTrigger                  
0000f349  TimerControlWaitOnTrigger            
0000fa69  TimerDMAEventGet                     
0000fa49  TimerDMAEventSet                     
0000eefd  TimerDisable                         
0000eeb3  TimerEnable                          
0000f9cd  TimerIntClear                        
0000f97b  TimerIntDisable                      
0000f955  TimerIntEnable                       
0000f895  TimerIntRegister                     
0000f9a1  TimerIntStatus                       
0000f8ff  TimerIntUnregister                   
0000f64f  TimerLoadGet                         
0000f6bd  TimerLoadGet64                       
0000f5f5  TimerLoadSet                         
0000f691  TimerLoadSet64                       
0000f7e5  TimerMatchGet                        
0000f84f  TimerMatchGet64                      
0000f78b  TimerMatchSet                        
0000f827  TimerMatchSet64                      
0000f4f3  TimerPrescaleGet                     
0000f5a9  TimerPrescaleMatchGet                
0000f53f  TimerPrescaleMatchSet                
0000f489  TimerPrescaleSet                     
0000f3fd  TimerRTCDisable                      
0000f3d9  TimerRTCEnable                       
0000f9ed  TimerSynchronize                     
0000fa85  TimerUpdateMode                      
0000f703  TimerValueGet                        
0000f745  TimerValueGet64                      
000110f7  UART9BitAddrSend                     
000110c3  UART9BitAddrSet                      
0001109f  UART9BitDisable                      
0001107b  UART9BitEnable                       
00010e23  UARTBreakCtl                         
00010e5b  UARTBusy                             
00010da1  UARTCharGet                          
00010d63  UARTCharGetNonBlocking               
00010df7  UARTCharPut                          
00010dc5  UARTCharPutNonBlocking               
00010d0b  UARTCharsAvail                       
0001105d  UARTClockSourceGet                   
00011027  UARTClockSourceSet                   
00010911  UARTConfigGetExpClk                  
00010833  UARTConfigSetExpClk                  
00010fc3  UARTDMADisable                       
00010f9d  UARTDMAEnable                        
000109b9  UARTDisable                          
00010a75  UARTDisableSIR                       
0001053b  UARTEchoSet                          
00010971  UARTEnable                           
00010a39  UARTEnableSIR                        
00010a15  UARTFIFODisable                      
000109f1  UARTFIFOEnable                       
000107f7  UARTFIFOLevelGet                     
00010785  UARTFIFOLevelSet                     
00010c8d  UARTFlowControlGet                   
00010c47  UARTFlowControlSet                   
00010507  UARTFlushRx                          
00010515  UARTFlushTx                          
00010f7d  UARTIntClear                         
00010f2b  UARTIntDisable                       
00010f05  UARTIntEnable                        
00010e87  UARTIntRegister                      
00010f51  UARTIntStatus                        
00010ec5  UARTIntUnregister                    
0001114d  UARTLoopbackEnable                   
00010b61  UARTModemControlClear                
00010bc5  UARTModemControlGet                  
00010afd  UARTModemControlSet                  
00010c05  UARTModemStatusGet                   
00010767  UARTParityModeGet                    
0001071b  UARTParityModeSet                    
000104ef  UARTRxBytesAvail                     
00011009  UARTRxErrorClear                     
00010fe9  UARTRxErrorGet                       
00010ad9  UARTSmartCardDisable                 
00010a99  UARTSmartCardEnable                  
00010d37  UARTSpaceAvail                       
0000fb3b  UARTStdioConfig                      
00010563  UARTStdioIntHandler                  
000104fb  UARTTxBytesFree                      
00010ceb  UARTTxIntModeGet                     
00010cad  UARTTxIntModeSet                     
00010191  UARTgetc                             
0000fd31  UARTgets                             
000104cb  UARTprintf                           
000101b9  UARTvprintf                          
0000fc67  UARTwrite                            
00017667  ULPIConfigSet                        
00017709  ULPIPowerTransceiver                 
000180e1  USB0DeviceIntHandler                 
000132ff  USB0DualModeIntHandler               
000024b7  USB0HostIntHandler                   
000135a9  USB0OTGModeIntHandler                
0001305f  USBBufferCallbackDataSet             
00013155  USBBufferDataAvailable               
00013037  USBBufferDataRemoved                 
00013009  USBBufferDataWritten                 
00013195  USBBufferEventCallback               
000130e1  USBBufferFlush                       
00012fcf  USBBufferInfoGet                     
00012f4b  USBBufferInit                        
00013101  USBBufferRead                        
00013175  USBBufferSpaceAvailable              
00013079  USBBufferWrite                       
00012f95  USBBufferZeroLengthPacketInsert      
00007887  USBClockDisable                      
0000785d  USBClockEnable                       
0001581d  USBControlHandler                    
00007845  USBControllerVersion                 
0000d89f  USBDCDCCompositeInit                 
0000da1d  USBDCDCInit                          
0000dc0d  USBDCDCPacketRead                    
0000db55  USBDCDCPacketWrite                   
0000ddcf  USBDCDCPowerStatusSet                
0000ddf1  USBDCDCRemoteWakeupRequest           
0000dd1f  USBDCDCRxPacketAvailable             
0000dd89  USBDCDCSerialStateChange             
0000dab1  USBDCDCSetControlCBData              
0000dadf  USBDCDCSetRxCBData                   
0000db11  USBDCDCSetTxCBData                   
0000da8b  USBDCDCTerm                          
0000dcf5  USBDCDCTxPacketAvailable             
0001608d  USBDCDConfigDescGet                  
0001603f  USBDCDConfigDescGetNum               
00016007  USBDCDConfigDescGetSize              
0001616f  USBDCDConfigGetInterface             
000161a5  USBDCDConfigGetInterfaceEndpoint     
0001611b  USBDCDConfigGetNumAlternateInterfaces
00009581  USBDCDDeviceInfoInit                 
00009a8f  USBDCDFeatureGet                     
000099dd  USBDCDFeatureSet                     
000095e5  USBDCDInit                           
0000997d  USBDCDPowerStatusSet                 
00009ac9  USBDCDRemoteWakeLPM                  
00009ae3  USBDCDRemoteWakeupRequest            
00009879  USBDCDRequestDataEP0                 
000098e5  USBDCDSendDataEP0                    
00009921  USBDCDSetDefaultConfiguration        
0000993d  USBDCDStallEP0                       
000097e3  USBDCDTerm                           
00007adf  USBDMAChannelAddressGet              
00007aa5  USBDMAChannelAddressSet              
000079bd  USBDMAChannelConfigSet               
00007b57  USBDMAChannelCountGet                
00007b1d  USBDMAChannelCountSet                
0000797f  USBDMAChannelDisable                 
00007941  USBDMAChannelEnable                  
000078e5  USBDMAChannelIntDisable              
000078a7  USBDMAChannelIntEnable               
00007923  USBDMAChannelIntStatus               
00007a23  USBDMAChannelStatus                  
00007a5d  USBDMAChannelStatusClear             
00007b8d  USBDMANumChannels                    
000167b1  USBDescGet                           
000168d5  USBDescGetInterface                  
00016903  USBDescGetInterfaceEndpoint          
00016755  USBDescGetNum                        
0001681b  USBDescGetNumAlternateInterfaces     
000065ab  USBDevAddrGet                        
00006589  USBDevAddrSet                        
00006541  USBDevConnect                        
00006565  USBDevDisconnect                     
000069ef  USBDevEndpointConfigGet              
000068b5  USBDevEndpointConfigSet              
00006f09  USBDevEndpointDataAck                
000063cd  USBDevEndpointStall                  
00006475  USBDevEndpointStallClear             
00006155  USBDevEndpointStatusClear            
00007d95  USBDevLPMConfig                      
00007ddf  USBDevLPMDisable                     
00007db9  USBDevLPMEnable                      
00007d6f  USBDevLPMRemoteWake                  
00007775  USBDevMode                           
00005d87  USBDevSpeedGet                       
000154e3  USBDeviceConfig                      
0001570f  USBDeviceConfigAlternate             
00009c29  USBDeviceEnumHandler                 
00009d89  USBDeviceEnumResetHandler            
0000a901  USBDeviceIntHandlerInternal          
00009b29  USBDeviceResumeTickHandler           
0001334b  USBDualModeInit                      
000133c9  USBDualModeTerm                      
000076c1  USBEndpointDMAChannel                
00006c9d  USBEndpointDMAConfigSet              
00006d6f  USBEndpointDMADisable                
00006d35  USBEndpointDMAEnable                 
00006da9  USBEndpointDataAvail                 
00006e33  USBEndpointDataGet                   
00007005  USBEndpointDataPut                   
000070bf  USBEndpointDataSend                  
00006301  USBEndpointDataToggleClear           
00007809  USBEndpointPacketCountSet            
00006031  USBEndpointStatus                    
00007689  USBFIFOAddrGet                       
00006bf1  USBFIFOConfigGet                     
00006b45  USBFIFOConfigSet                     
00007163  USBFIFOFlush                         
00007631  USBFrameNumberGet                    
00002b31  USBHCDControlTransfer                
00002ffd  USBHCDDevAddress                     
00003029  USBHCDDevClass                       
00002fd1  USBHCDDevHubPort                     
000030bd  USBHCDDevProtocol                    
00003071  USBHCDDevSubClass                    
00000429  USBHCDEventDisable                   
000003eb  USBHCDEventEnable                    
00003121  USBHCDFeatureSet                     
00002cb1  USBHCDHubDeviceConnected             
00002d75  USBHCDHubDeviceDisconnected          
000015b5  USBHCDInit                           
0000329d  USBHCDLPMResume                      
00003223  USBHCDLPMSleep                       
000031d9  USBHCDLPMStatus                      
00002711  USBHCDMain                           
000008c1  USBHCDPipeAlloc                      
0000060d  USBHCDPipeAllocSize                  
0000090d  USBHCDPipeConfig                     
00000e4f  USBHCDPipeDataAck                    
000010e1  USBHCDPipeFree                       
00000e85  USBHCDPipeRead                       
00000e05  USBHCDPipeReadNonBlocking            
00000ce1  USBHCDPipeSchedule                   
000005e7  USBHCDPipeTransferSizeGet            
00000ab1  USBHCDPipeWrite                      
0000154d  USBHCDPowerAutomatic                 
00001495  USBHCDPowerConfigGet                 
00001471  USBHCDPowerConfigInit                
000014bd  USBHCDPowerConfigSet                 
00001715  USBHCDRegisterDrivers                
00001801  USBHCDReset                          
00001879  USBHCDResume                         
00001abd  USBHCDSetAddress                     
00001bd5  USBHCDSetConfig                      
00001c2b  USBHCDSetInterface                   
00001a41  USBHCDStringDescriptorGet            
00001859  USBHCDSuspend                        
0000173d  USBHCDTerm                           
00012455  USBHHubClose                         
000123f9  USBHHubEnumerationComplete           
0001241b  USBHHubEnumerationError              
00012469  USBHHubInit                          
00012497  USBHHubLPMSleep                      
000124a5  USBHHubLPMStatus                     
000121cd  USBHHubMain                          
0001243d  USBHHubOpen                          
00005ccb  USBHighSpeed                         
000073ad  USBHostAddrGet                       
00007329  USBHostAddrSet                       
00001c85  USBHostCheckPipes                    
000065cd  USBHostEndpointConfig                
00006f8d  USBHostEndpointDataAck               
0000621d  USBHostEndpointDataToggle            
00006381  USBHostEndpointPing                  
000067cd  USBHostEndpointSpeed                 
000060a9  USBHostEndpointStatusClear           
000074d1  USBHostHubAddrGet                    
00007421  USBHostHubAddrSet                    
00001d4d  USBHostIntHandlerInternal            
00007cf3  USBHostLPMConfig                     
00007d49  USBHostLPMResume                     
00007c87  USBHostLPMSend                       
00007755  USBHostMode                          
00007549  USBHostPwrConfig                     
0000760b  USBHostPwrDisable                    
000075e5  USBHostPwrEnable                     
000075bf  USBHostPwrFaultDisable               
00007599  USBHostPwrFaultEnable                
00007219  USBHostRequestIN                     
00007287  USBHostRequestINClear                
00007305  USBHostRequestStatus                 
00005c8f  USBHostReset                         
00005d07  USBHostResume                        
00005d43  USBHostSpeedGet                      
00005c6d  USBHostSuspend                       
00005dad  USBIntDisableControl                 
00005ed9  USBIntDisableEndpoint                
00005e25  USBIntEnableControl                  
00005f15  USBIntEnableEndpoint                 
00005fb5  USBIntRegister                       
00005e7f  USBIntStatusControl                  
00005f51  USBIntStatusEndpoint                 
00005ff3  USBIntUnregister                     
00007e2f  USBLPMEndpointGet                    
00007ec7  USBLPMIntDisable                     
00007e9f  USBLPMIntEnable                      
00007e81  USBLPMIntStatus                      
00007e0d  USBLPMLinkStateGet                   
00007e59  USBLPMRemoteWakeEnabled              
0000eba9  USBLibDMAAddrGet                     
0000ebd9  USBLibDMAInit                        
0000ebc1  USBLibDMASizeGet                     
000077b5  USBModeConfig                        
0000769f  USBModeGet                           
0000782d  USBNumEndpointsGet                   
00013749  USBOTGFeatureSet                     
000136ab  USBOTGMain                           
00007795  USBOTGMode                           
00013453  USBOTGModeInit                       
0001340b  USBOTGModeTerm                       
00013579  USBOTGPollRate                       
0000764d  USBOTGSessionRequest                 
000077d7  USBPHYPowerOff                       
000077ed  USBPHYPowerOn                        
00014953  USBRingBufAdvanceRead                
000149a9  USBRingBufAdvanceWrite               
00014839  USBRingBufContigFree                 
00014801  USBRingBufContigUsed                 
00014745  USBRingBufEmpty                      
00014777  USBRingBufFlush                      
000147dd  USBRingBufFree                       
00014703  USBRingBufFull                       
00014af5  USBRingBufInit                       
000148dd  USBRingBufRead                       
00014897  USBRingBufReadOne                    
0001487f  USBRingBufSize                       
000147a3  USBRingBufUsed                       
00014a7f  USBRingBufWrite                      
00014a39  USBRingBufWriteOne                   
0001591b  USBRxHandler                         
00015a29  USBSerialGetChar                     
0001597d  USBSerialInit                        
00015a41  USBSerialPutChar                     
00015a95  USBSerialRead                        
00015ad9  USBSerialWrite                       
000132b5  USBStackModeSet                      
000158ab  USBTxHandler                         
00007bad  USBULPIConfig                        
00007bdb  USBULPIDisable                       
00007bc3  USBULPIEnable                        
00007bf3  USBULPIRegRead                       
00007c39  USBULPIRegWrite                      
20006770  __STACK_END                          
00000200  __STACK_SIZE                         
20006770  __STACK_TOP                          
00019038  __TI_CINIT_Base                      
00019050  __TI_CINIT_Limit                     
0001901c  __TI_Handler_Table_Base              
00019028  __TI_Handler_Table_Limit             
00017ee5  __TI_auto_init_nobinit_nopinit       
00017c89  __TI_decompress_lzss                 
000181bb  __TI_decompress_none                 
00017dab  __TI_ltoa                            
ffffffff  __TI_pprof_out_hndl                  
00011175  __TI_printfi                         
ffffffff  __TI_prof_data_size                  
ffffffff  __TI_prof_data_start                 
00000000  __TI_static_base__                   
000181c9  __TI_zero_init                       
000179c3  __aeabi_cdcmpeq                      
000179c3  __aeabi_cdcmple                      
00017a49  __aeabi_cdrcmple                     
00017e9d  __aeabi_d2iz                         
00016b03  __aeabi_dadd                         
00016ded  __aeabi_ddiv                         
000173a5  __aeabi_dmul                         
00016af9  __aeabi_dsub                         
000181ed  __aeabi_errno_addr                   
0001808d  __aeabi_i2d                          
00016213  __aeabi_idiv0                        
00016213  __aeabi_ldiv0                        
00017acf  __aeabi_memclr                       
00017acf  __aeabi_memclr4                      
00017acf  __aeabi_memclr8                      
00017891  __aeabi_memcpy                       
00017891  __aeabi_memcpy4                      
00017891  __aeabi_memcpy8                      
00017ad1  __aeabi_memset                       
00017ad1  __aeabi_memset4                      
00017ad1  __aeabi_memset8                      
00017f29  __aeabi_uidiv                        
00017f29  __aeabi_uidivmod                     
0001792d  __aeabi_uldivmod                     
ffffffff  __binit__                            
ffffffff  __c_args__                           
00013ce9  __error__                            
UNDEFED   __mpu_init                           
20006570  __stack                              
20000000  __start___llvm_prf_cnts              
20000000  __stop___llvm_prf_cnts               
00018025  _c_int00_noargs                      
000185b4  _ctypes_                             
2000652c  _lock                                
00011bc3  _nop                                 
UNDEFED   _system_post_cinit                   
000181fb  _system_pre_init                     
20006530  _unlock                              
000181ff  abort                                
00017e51  atoi                                 
ffffffff  binit                                
00015e25  check_and_extract_message_param      
20006290  cola_freertos                        
00018121  copysign                             
00018121  copysignl                            
00017bb9  create_checksum                      
00015d93  create_frame                         
00015e17  decode_message_type                  
00015d3f  destuff_and_check_checksum           
0000376d  eTaskGetState                        
20006564  errno                                
20006294  flagseventos                         
00017cf1  frexp                                
00017cf1  frexpl                               
20006508  g_bUSBTimerInitialized               
200062b4  g_eOTGModeState                      
20006520  g_iUSBMode                           
00018ec0  g_pCDCCompSerConfigDescriptors       
00018ec4  g_pCDCCompSerConfigDescriptorsHS     
20000000  g_pfnRAMVectors                      
20006178  g_pfnTickHandlers                    
00000000  g_pfnVectors                         
00018ec8  g_ppCDCSerConfigDescriptors          
00018ecc  g_ppCDCSerConfigDescriptorsHS        
20006298  g_ppsDevInfo                         
00018d80  g_ppui8StringDescriptors             
2000649c  g_psCDCCompSerSections               
200064ac  g_psCDCCompSerSectionsHS             
200064cc  g_psCDCSerSections                   
200064d8  g_psCDCSerSectionsHS                 
20006318  g_psCmdTable                         
20006024  g_psDCDInst                          
00018d18  g_pui8CDCSerCommInterface            
00018d98  g_pui8CDCSerDataInterface            
00018daf  g_pui8CDCSerDataInterfaceHS          
20006514  g_pui8CDCSerDescriptor               
20006488  g_pui8CDCSerDeviceDescriptor         
00018bfc  g_pui8ConfigString                   
00018cc8  g_pui8ControlInterfaceString         
20006534  g_pui8IADSerDescriptor               
00018ebc  g_pui8LangDescriptor                 
00018cf4  g_pui8ManufacturerString             
00018d3b  g_pui8ProductString                  
00018e18  g_pui8SerialNumberString             
20005d88  g_pui8USBRxBuffer                    
20005e88  g_pui8USBTxBuffer                    
20006190  g_pvTickInstance                     
00018e6c  g_sCDCCompSerConfigHeader            
00018e74  g_sCDCCompSerConfigHeaderHS          
200062b8  g_sCDCDevice                         
00018c68  g_sCDCHandlers                       
00018e7c  g_sCDCSerCommInterfaceSection        
00018e84  g_sCDCSerConfigHeader                
00018e8c  g_sCDCSerConfigHeaderHS              
00018e94  g_sCDCSerConfigSection               
00018e9c  g_sCDCSerDataInterfaceSection        
00018ea4  g_sCDCSerDataInterfaceSectionHS      
00018eac  g_sIADSerConfigSection               
200063a8  g_sRxBuffer                          
200063e0  g_sTxBuffer                          
2000629c  g_ui32CPUUsage                       
2000650c  g_ui32CurrentUSBTick                 
200062a0  g_ui32PollRate                       
200062a4  g_ui32SystemClock                    
20006510  g_ui32USBSOFCount                    
20006524  g_ui32WaitTicks                      
200064c0  g_ulUARTRxCount                      
200064c4  g_ulUARTRxErrors                     
200064bc  g_ulUARTTxCount                      
00015e51  get_message_param_pointer            
0001516b  initCommandLine                      
00017295  ldexp                                
00017295  ldexpl                               
00013fe9  main                                 
00018105  memccpy                              
00017891  memcpy                               
00017ad7  memset                               
200062a8  mutexUART                            
200062ac  mutexUSB                             
20006544  params1                              
2000654c  params2                              
0000cd3d  pcQueueGetName                       
00003fc7  pcTaskGetName                        
00012715  pcTimerGetName                       
00014d31  pvPortCalloc                         
00014b45  pvPortMalloc                         
0000522d  pvTaskIncrementMutexHeldCount        
00012b8b  pvTimerGetTimerID                    
2000636c  pxCurrentTCB                         
00016215  pxPortInitialiseStack                
00018059  rand                                 
00015e7f  receive_frame                        
00017295  scalbn                               
00017295  scalbnl                              
200062b0  semaforo_freertos1                   
00015f05  send_frame                           
00017f69  sprintf                              
0001816b  strchr                               
00018153  strcmp                               
00018181  strcpy                               
00018195  strlen                               
0000ca3f  ucQueueGetQueueType                  
00018eb4  ulMaxSyscallInterruptPriority        
0001759d  ulPortGetIPSR                        
00005249  ulTaskGenericNotifyTake              
00005a21  ulTaskGenericNotifyValueClear        
00013cab  uxEventGroupGetNumber                
00017005  uxListRemove                         
0000ca1f  uxQueueGetQueueNumber                
0000c983  uxQueueMessagesWaiting               
0000c9db  uxQueueMessagesWaitingFromISR        
0000c9ad  uxQueueSpacesAvailable               
00003fc1  uxTaskGetNumberOfTasks               
00004baf  uxTaskGetStackHighWaterMark          
00004015  uxTaskGetSystemState                 
00004915  uxTaskGetTaskNumber                  
00003841  uxTaskPriorityGet                    
00003869  uxTaskPriorityGetFromISR             
00005207  uxTaskResetEventItemValue            
000126e9  uxTimerGetReloadMode                 
00012c5d  uxTimerGetTimerNumber                
00018ed0  uxTopUsedPriority                    
00013d1d  vApplicationIdleHook                 
00013d25  vApplicationMallocFailedHook         
00013cf3  vApplicationStackOverflowHook        
00013cfd  vApplicationTickHook                 
00017c21  vConfigureTimerForRunTimeStats       
00013c45  vEventGroupClearBitsCallback         
00013bd7  vEventGroupDelete                    
00013c35  vEventGroupSetBitsCallback           
00013ccb  vEventGroupSetNumber                 
00016f23  vListInitialise                      
00016f53  vListInitialiseItem                  
00016f9f  vListInsert                          
00016f63  vListInsertEnd                       
00017659  vPortEnableVFP                       
0001634d  vPortEndScheduler                    
0001636d  vPortEnterCritical                   
000163ab  vPortExitCritical                    
00014c93  vPortFree                            
00014ef5  vPortGetHeapStats                    
00014d2f  vPortInitialiseBlocks                
00017615  vPortSVCHandler                      
000163f9  vPortSetupTimerInterrupt             
00017635  vPortStartFirstTask                  
00016425  vPortValidateInterruptPriority       
0000ccbf  vQueueAddToRegistry                  
0000c9fb  vQueueDelete                         
0000ca2d  vQueueSetQueueNumber                 
0000cd87  vQueueUnregisterQueue                
0000cdd5  vQueueWaitForMessageRestricted       
00003715  vTaskDelay                           
0000354d  vTaskDelete                          
00003dc1  vTaskEndScheduler                    
00005819  vTaskGenericNotifyGiveFromISR        
00004a29  vTaskGetInfo                         
0000512f  vTaskGetRunTimeStats                 
00004845  vTaskInternalSetTimeOutState         
0000501d  vTaskList                            
0000490d  vTaskMissedYield                     
00004441  vTaskPlaceOnEventList                
000044fd  vTaskPlaceOnEventListRestricted      
0000446b  vTaskPlaceOnUnorderedEventList       
00004e95  vTaskPriorityDisinheritAfterTimeout  
000038b1  vTaskPrioritySet                     
000046e1  vTaskRemoveFromUnorderedEventList    
00003b79  vTaskResume                          
0000493d  vTaskSetTaskNumber                   
00004819  vTaskSetTimeOutState                 
00003d4d  vTaskStartScheduler                  
00003a29  vTaskSuspend                         
00003ddd  vTaskSuspendAll                      
00004341  vTaskSwitchContext                   
0001266f  vTimerSetReloadMode                  
00012bb3  vTimerSetTimerID                     
00012c6b  vTimerSetTimerNumber                 
000181a9  wcslen                               
00013a4b  xEventGroupClearBits                 
00013a9d  xEventGroupClearBitsFromISR          
000137a5  xEventGroupCreate                    
00013ab5  xEventGroupGetBitsFromISR            
00013ae9  xEventGroupSetBits                   
00013c8b  xEventGroupSetBitsFromISR            
000137c5  xEventGroupSync                      
000138df  xEventGroupWaitBits                  
00014d23  xPortGetFreeHeapSize                 
00014d29  xPortGetMinimumEverFreeHeapSize      
000175b5  xPortPendSVHandler                   
0001629b  xPortStartScheduler                  
000163d3  xPortSysTickHandler                  
0000bf57  xQueueCreateMutex                    
0000be6d  xQueueGenericCreate                  
0000bd79  xQueueGenericReset                   
0000bf83  xQueueGenericSend                    
0000c145  xQueueGenericSendFromISR             
0000c265  xQueueGiveFromISR                    
0000cc3f  xQueueIsQueueEmptyFromISR            
0000cc8f  xQueueIsQueueFullFromISR             
0000c685  xQueuePeek                           
0000c8e9  xQueuePeekFromISR                    
0000c375  xQueueReceive                        
0000c7f5  xQueueReceiveFromISR                 
20006074  xQueueRegistry                       
0000c4db  xQueueSemaphoreTake                  
000040f1  xTaskCatchUpTicks                    
00004869  xTaskCheckForTimeOut                 
000032f1  xTaskCreate                          
00003639  xTaskDelayUntil                      
00005405  xTaskGenericNotify                   
000055d9  xTaskGenericNotifyFromISR            
000059bd  xTaskGenericNotifyStateClear         
0000530d  xTaskGenericNotifyWait               
00004c1d  xTaskGetCurrentTaskHandle            
00004c3d  xTaskGetSchedulerState               
00003f9d  xTaskGetTickCount                    
00003fad  xTaskGetTickCountFromISR             
00004145  xTaskIncrementTick                   
00004d8f  xTaskPriorityDisinherit              
00004c7d  xTaskPriorityInherit                 
00004581  xTaskRemoveFromEventList             
00003df1  xTaskResumeAll                       
00003c55  xTaskResumeFromISR                   
00012523  xTimerCreate                         
000124e9  xTimerCreateTimerTask                
000125bb  xTimerGenericCommand                 
000126f5  xTimerGetExpiryTime                  
00012653  xTimerGetPeriod                      
000126b3  xTimerGetReloadMode                  
00012635  xTimerGetTimerDaemonTaskHandle       
00012b55  xTimerIsTimerActive                  
00012c17  xTimerPendFunctionCall               
00012be1  xTimerPendFunctionCallFromISR        


GLOBAL SYMBOLS: SORTED BY Symbol Address 

address   name                                 
-------   ----                                 
00000000  __TI_static_base__                   
00000000  g_pfnVectors                         
00000200  __STACK_SIZE                         
0000026d  ConfigDescAlloc                      
00000303  ConfigDescFree                       
000003eb  USBHCDEventEnable                    
00000429  USBHCDEventDisable                   
000005e7  USBHCDPipeTransferSizeGet            
0000060d  USBHCDPipeAllocSize                  
000008c1  USBHCDPipeAlloc                      
0000090d  USBHCDPipeConfig                     
00000ab1  USBHCDPipeWrite                      
00000ce1  USBHCDPipeSchedule                   
00000e05  USBHCDPipeReadNonBlocking            
00000e4f  USBHCDPipeDataAck                    
00000e85  USBHCDPipeRead                       
000010e1  USBHCDPipeFree                       
00001471  USBHCDPowerConfigInit                
00001495  USBHCDPowerConfigGet                 
000014bd  USBHCDPowerConfigSet                 
0000154d  USBHCDPowerAutomatic                 
000015b5  USBHCDInit                           
00001715  USBHCDRegisterDrivers                
0000173d  USBHCDTerm                           
00001801  USBHCDReset                          
00001859  USBHCDSuspend                        
00001879  USBHCDResume                         
00001a41  USBHCDStringDescriptorGet            
00001abd  USBHCDSetAddress                     
00001bd5  USBHCDSetConfig                      
00001c2b  USBHCDSetInterface                   
00001c85  USBHostCheckPipes                    
00001d4d  USBHostIntHandlerInternal            
000024b7  USB0HostIntHandler                   
000025c1  InternalUSBHCDSendEvent              
00002711  USBHCDMain                           
00002b31  USBHCDControlTransfer                
00002cb1  USBHCDHubDeviceConnected             
00002d75  USBHCDHubDeviceDisconnected          
00002fd1  USBHCDDevHubPort                     
00002ffd  USBHCDDevAddress                     
00003029  USBHCDDevClass                       
00003071  USBHCDDevSubClass                    
000030bd  USBHCDDevProtocol                    
00003121  USBHCDFeatureSet                     
000031d9  USBHCDLPMStatus                      
00003223  USBHCDLPMSleep                       
0000329d  USBHCDLPMResume                      
000032f1  xTaskCreate                          
0000354d  vTaskDelete                          
00003639  xTaskDelayUntil                      
00003715  vTaskDelay                           
0000376d  eTaskGetState                        
00003841  uxTaskPriorityGet                    
00003869  uxTaskPriorityGetFromISR             
000038b1  vTaskPrioritySet                     
00003a29  vTaskSuspend                         
00003b79  vTaskResume                          
00003c55  xTaskResumeFromISR                   
00003d4d  vTaskStartScheduler                  
00003dc1  vTaskEndScheduler                    
00003ddd  vTaskSuspendAll                      
00003df1  xTaskResumeAll                       
00003f9d  xTaskGetTickCount                    
00003fad  xTaskGetTickCountFromISR             
00003fc1  uxTaskGetNumberOfTasks               
00003fc7  pcTaskGetName                        
00004015  uxTaskGetSystemState                 
000040f1  xTaskCatchUpTicks                    
00004145  xTaskIncrementTick                   
00004341  vTaskSwitchContext                   
00004441  vTaskPlaceOnEventList                
0000446b  vTaskPlaceOnUnorderedEventList       
000044fd  vTaskPlaceOnEventListRestricted      
00004581  xTaskRemoveFromEventList             
000046e1  vTaskRemoveFromUnorderedEventList    
00004819  vTaskSetTimeOutState                 
00004845  vTaskInternalSetTimeOutState         
00004869  xTaskCheckForTimeOut                 
0000490d  vTaskMissedYield                     
00004915  uxTaskGetTaskNumber                  
0000493d  vTaskSetTaskNumber                   
00004a29  vTaskGetInfo                         
00004baf  uxTaskGetStackHighWaterMark          
00004c1d  xTaskGetCurrentTaskHandle            
00004c3d  xTaskGetSchedulerState               
00004c7d  xTaskPriorityInherit                 
00004d8f  xTaskPriorityDisinherit              
00004e95  vTaskPriorityDisinheritAfterTimeout  
0000501d  vTaskList                            
0000512f  vTaskGetRunTimeStats                 
00005207  uxTaskResetEventItemValue            
0000522d  pvTaskIncrementMutexHeldCount        
00005249  ulTaskGenericNotifyTake              
0000530d  xTaskGenericNotifyWait               
00005405  xTaskGenericNotify                   
000055d9  xTaskGenericNotifyFromISR            
00005819  vTaskGenericNotifyGiveFromISR        
000059bd  xTaskGenericNotifyStateClear         
00005a21  ulTaskGenericNotifyValueClear        
00005c6d  USBHostSuspend                       
00005c8f  USBHostReset                         
00005ccb  USBHighSpeed                         
00005d07  USBHostResume                        
00005d43  USBHostSpeedGet                      
00005d87  USBDevSpeedGet                       
00005dad  USBIntDisableControl                 
00005e25  USBIntEnableControl                  
00005e7f  USBIntStatusControl                  
00005ed9  USBIntDisableEndpoint                
00005f15  USBIntEnableEndpoint                 
00005f51  USBIntStatusEndpoint                 
00005fb5  USBIntRegister                       
00005ff3  USBIntUnregister                     
00006031  USBEndpointStatus                    
000060a9  USBHostEndpointStatusClear           
00006155  USBDevEndpointStatusClear            
0000621d  USBHostEndpointDataToggle            
00006301  USBEndpointDataToggleClear           
00006381  USBHostEndpointPing                  
000063cd  USBDevEndpointStall                  
00006475  USBDevEndpointStallClear             
00006541  USBDevConnect                        
00006565  USBDevDisconnect                     
00006589  USBDevAddrSet                        
000065ab  USBDevAddrGet                        
000065cd  USBHostEndpointConfig                
000067cd  USBHostEndpointSpeed                 
000068b5  USBDevEndpointConfigSet              
000069ef  USBDevEndpointConfigGet              
00006b45  USBFIFOConfigSet                     
00006bf1  USBFIFOConfigGet                     
00006c9d  USBEndpointDMAConfigSet              
00006d35  USBEndpointDMAEnable                 
00006d6f  USBEndpointDMADisable                
00006da9  USBEndpointDataAvail                 
00006e33  USBEndpointDataGet                   
00006f09  USBDevEndpointDataAck                
00006f8d  USBHostEndpointDataAck               
00007005  USBEndpointDataPut                   
000070bf  USBEndpointDataSend                  
00007163  USBFIFOFlush                         
00007219  USBHostRequestIN                     
00007287  USBHostRequestINClear                
00007305  USBHostRequestStatus                 
00007329  USBHostAddrSet                       
000073ad  USBHostAddrGet                       
00007421  USBHostHubAddrSet                    
000074d1  USBHostHubAddrGet                    
00007549  USBHostPwrConfig                     
00007599  USBHostPwrFaultEnable                
000075bf  USBHostPwrFaultDisable               
000075e5  USBHostPwrEnable                     
0000760b  USBHostPwrDisable                    
00007631  USBFrameNumberGet                    
0000764d  USBOTGSessionRequest                 
00007689  USBFIFOAddrGet                       
0000769f  USBModeGet                           
000076c1  USBEndpointDMAChannel                
00007755  USBHostMode                          
00007775  USBDevMode                           
00007795  USBOTGMode                           
000077b5  USBModeConfig                        
000077d7  USBPHYPowerOff                       
000077ed  USBPHYPowerOn                        
00007809  USBEndpointPacketCountSet            
0000782d  USBNumEndpointsGet                   
00007845  USBControllerVersion                 
0000785d  USBClockEnable                       
00007887  USBClockDisable                      
000078a7  USBDMAChannelIntEnable               
000078e5  USBDMAChannelIntDisable              
00007923  USBDMAChannelIntStatus               
00007941  USBDMAChannelEnable                  
0000797f  USBDMAChannelDisable                 
000079bd  USBDMAChannelConfigSet               
00007a23  USBDMAChannelStatus                  
00007a5d  USBDMAChannelStatusClear             
00007aa5  USBDMAChannelAddressSet              
00007adf  USBDMAChannelAddressGet              
00007b1d  USBDMAChannelCountSet                
00007b57  USBDMAChannelCountGet                
00007b8d  USBDMANumChannels                    
00007bad  USBULPIConfig                        
00007bc3  USBULPIEnable                        
00007bdb  USBULPIDisable                       
00007bf3  USBULPIRegRead                       
00007c39  USBULPIRegWrite                      
00007c87  USBHostLPMSend                       
00007cf3  USBHostLPMConfig                     
00007d49  USBHostLPMResume                     
00007d6f  USBDevLPMRemoteWake                  
00007d95  USBDevLPMConfig                      
00007db9  USBDevLPMEnable                      
00007ddf  USBDevLPMDisable                     
00007e0d  USBLPMLinkStateGet                   
00007e2f  USBLPMEndpointGet                    
00007e59  USBLPMRemoteWakeEnabled              
00007e81  USBLPMIntStatus                      
00007e9f  USBLPMIntEnable                      
00007ec7  USBLPMIntDisable                     
00008287  SysCtlSRAMSizeGet                    
00008291  SysCtlFlashSizeGet                   
000082bd  SysCtlFlashSectorSizeGet             
00008329  SysCtlPeripheralPresent              
000083b5  SysCtlPeripheralReady                
0000843d  SysCtlPeripheralPowerOn              
000084c1  SysCtlPeripheralPowerOff             
0000856d  SysCtlPeripheralReset                
0000860d  SysCtlPeripheralEnable               
00008679  SysCtlPeripheralDisable              
000086c7  SysCtlPeripheralSleepEnable          
00008719  SysCtlPeripheralSleepDisable         
0000876d  SysCtlPeripheralDeepSleepEnable      
000087bb  SysCtlPeripheralDeepSleepDisable     
00008809  SysCtlPeripheralClockGating          
0000885d  SysCtlIntRegister                    
00008871  SysCtlIntUnregister                  
00008881  SysCtlIntEnable                      
00008895  SysCtlIntDisable                     
000088ad  SysCtlIntClear                       
000088bd  SysCtlIntStatus                      
000088d9  SysCtlLDOSleepSet                    
00008927  SysCtlLDOSleepGet                    
00008931  SysCtlLDODeepSleepSet                
0000897f  SysCtlLDODeepSleepGet                
00008989  SysCtlSleepPowerSet                  
00008999  SysCtlDeepSleepPowerSet              
000089a9  SysCtlReset                          
000089b1  SysCtlSleep                          
000089b9  SysCtlDeepSleep                      
000089d5  SysCtlResetCauseGet                  
000089e1  SysCtlResetCauseClear                
000089f5  SysCtlMOSCConfigSet                  
00008a05  SysCtlPIOSCCalibrate                 
00008a55  SysCtlResetBehaviorSet               
00008a65  SysCtlResetBehaviorGet               
00008ad1  SysCtlClockFreqSet                   
00008dd9  SysCtlClockSet                       
00008fb1  SysCtlClockGet                       
0000916d  SysCtlDeepSleepClockSet              
00009189  SysCtlDeepSleepClockConfigSet        
00009235  SysCtlPWMClockSet                    
000092a5  SysCtlPWMClockGet                    
000092d9  SysCtlGPIOAHBEnable                  
0000935d  SysCtlGPIOAHBDisable                 
000093c7  SysCtlUSBPLLEnable                   
000093d3  SysCtlUSBPLLDisable                  
000093df  SysCtlVoltageEventConfig             
000093ef  SysCtlVoltageEventStatus             
000093f5  SysCtlVoltageEventClear              
0000940d  SysCtlVCOGet                         
000094b9  SysCtlNMIStatus                      
000094bf  SysCtlNMIClear                       
000094d3  SysCtlClockOutConfig                 
0000950b  SysCtlAltClkConfig                   
00009581  USBDCDDeviceInfoInit                 
000095e5  USBDCDInit                           
000097e3  USBDCDTerm                           
00009879  USBDCDRequestDataEP0                 
000098e5  USBDCDSendDataEP0                    
00009921  USBDCDSetDefaultConfiguration        
0000993d  USBDCDStallEP0                       
[...]
0000dd89  USBDCDCSerialStateChange             
0000ddcf  USBDCDCPowerStatusSet                
0000ddf1  USBDCDCRemoteWakeupRequest           
0000eba9  USBLibDMAAddrGet                     
0000ebc1  USBLibDMASizeGet                     
0000ebd9  USBLibDMAInit                        
0000eeb3  TimerEnable                          
0000eefd  TimerDisable                         
0000ef89  TimerConfigure                       
0000f15d  TimerControlLevel                    
0000f1dd  TimerControlTrigger                  
0000f281  TimerControlEvent                    
0000f2df  TimerControlStall                    
0000f349  TimerControlWaitOnTrigger            
0000f3d9  TimerRTCEnable                       
0000f3fd  TimerRTCDisable                      
0000f421  TimerClockSourceSet                  
0000f45d  TimerClockSourceGet                  
0000f489  TimerPrescaleSet                     
0000f4f3  TimerPrescaleGet                     
0000f53f  TimerPrescaleMatchSet                
0000f5a9  TimerPrescaleMatchGet                
0000f5f5  TimerLoadSet                         
0000f64f  TimerLoadGet                         
0000f691  TimerLoadSet64                       
0000f6bd  TimerLoadGet64                       
0000f703  TimerValueGet                        
0000f745  TimerValueGet64                      
0000f78b  TimerMatchSet                        
0000f7e5  TimerMatchGet                        
0000f827  TimerMatchSet64                      
0000f84f  TimerMatchGet64                      
0000f895  TimerIntRegister                     
0000f8ff  TimerIntUnregister                   
0000f955  TimerIntEnable                       
0000f97b  TimerIntDisable                      
0000f9a1  TimerIntStatus                       
0000f9cd  TimerIntClear                        
0000f9ed  TimerSynchronize                     
0000fa0d  TimerADCEventSet                     
0000fa2d  TimerADCEventGet                     
0000fa49  TimerDMAEventSet                     
0000fa69  TimerDMAEventGet                     
0000fa85  TimerUpdateMode                      
0000fb3b  UARTStdioConfig                      
0000fc67  UARTwrite                            
0000fd31  UARTgets                             
00010191  UARTgetc                             
000101b9  UARTvprintf                          
000104cb  UARTprintf                           
000104ef  UARTRxBytesAvail                     
000104fb  UARTTxBytesFree                      
00010507  UARTFlushRx                          
00010515  UARTFlushTx                          
0001053b  UARTEchoSet                          
00010563  UARTStdioIntHandler                  
0001071b  UARTParityModeSet                    
00010767  UARTParityModeGet                    
00010785  UARTFIFOLevelSet                     
000107f7  UARTFIFOLevelGet                     
00010833  UARTConfigSetExpClk                  
00010911  UARTConfigGetExpClk                  
00010971  UARTEnable                           
000109b9  UARTDisable                          
000109f1  UARTFIFOEnable                       
00010a15  UARTFIFODisable                      
00010a39  UARTEnableSIR                        
00010a75  UARTDisableSIR                       
00010a99  UARTSmartCardEnable                  
00010ad9  UARTSmartCardDisable                 
00010afd  UARTModemControlSet                  
00010b61  UARTModemControlClear                
00010bc5  UARTModemControlGet                  
00010c05  UARTModemStatusGet                   
00010c47  UARTFlowControlSet                   
00010c8d  UARTFlowControlGet                   
00010cad  UARTTxIntModeSet                     
00010ceb  UARTTxIntModeGet                     
00010d0b  UARTCharsAvail                       
00010d37  UARTSpaceAvail                       
00010d63  UARTCharGetNonBlocking               
00010da1  UARTCharGet                          
00010dc5  UARTCharPutNonBlocking               
00010df7  UARTCharPut                          
00010e23  UARTBreakCtl                         
00010e5b  UARTBusy                             
00010e87  UARTIntRegister                      
00010ec5  UARTIntUnregister                    
00010f05  UARTIntEnable                        
00010f2b  UARTIntDisable                       
00010f51  UARTIntStatus                        
00010f7d  UARTIntClear                         
00010f9d  UARTDMAEnable                        
00010fc3  UARTDMADisable                       
00010fe9  UARTRxErrorGet                       
00011009  UARTRxErrorClear                     
00011027  UARTClockSourceSet                   
0001105d  UARTClockSourceGet                   
0001107b  UART9BitEnable                       
0001109f  UART9BitDisable                      
000110c3  UART9BitAddrSet                      
000110f7  UART9BitAddrSend                     
0001114d  UARTLoopbackEnable                   
00011175  __TI_printfi                         
00011bc3  _nop                                 
000121cd  USBHHubMain                          
000123f9  USBHHubEnumerationComplete           
0001241b  USBHHubEnumerationError              
0001243d  USBHHubOpen                          
00012455  USBHHubClose                         
00012469  USBHHubInit                          
00012497  USBHHubLPMSleep                      
000124a5  USBHHubLPMStatus                     
000124e9  xTimerCreateTimerTask                
00012523  xTimerCreate                         
000125bb  xTimerGenericCommand                 
00012635  xTimerGetTimerDaemonTaskHandle       
00012653  xTimerGetPeriod                      
0001266f  vTimerSetReloadMode                  
000126b3  xTimerGetReloadMode                  
000126e9  uxTimerGetReloadMode                 
000126f5  xTimerGetExpiryTime                  
00012715  pcTimerGetName                       
00012b55  xTimerIsTimerActive                  
00012b8b  pvTimerGetTimerID                    
00012bb3  vTimerSetTimerID                     
00012be1  xTimerPendFunctionCallFromISR        
00012c17  xTimerPendFunctionCall               
00012c5d  uxTimerGetTimerNumber                
00012c6b  vTimerSetTimerNumber                 
00012f4b  USBBufferInit                        
00012f95  USBBufferZeroLengthPacketInsert      
00012fcf  USBBufferInfoGet                     
00013009  USBBufferDataWritten                 
00013037  USBBufferDataRemoved                 
0001305f  USBBufferCallbackDataSet             
00013079  USBBufferWrite                       
000130e1  USBBufferFlush                       
00013101  USBBufferRead                        
00013155  USBBufferDataAvailable               
00013175  USBBufferSpaceAvailable              
00013195  USBBufferEventCallback               
000132b5  USBStackModeSet                      
000132ff  USB0DualModeIntHandler               
0001334b  USBDualModeInit                      
000133c9  USBDualModeTerm                      
0001340b  USBOTGModeTerm                       
00013453  USBOTGModeInit                       
00013579  USBOTGPollRate                       
000135a9  USB0OTGModeIntHandler                
00013691  OTGDeviceDisconnect                  
000136ab  USBOTGMain                           
00013749  USBOTGFeatureSet                     
000137a5  xEventGroupCreate                    
000137c5  xEventGroupSync                      
000138df  xEventGroupWaitBits                  
00013a4b  xEventGroupClearBits                 
00013a9d  xEventGroupClearBitsFromISR          
00013ab5  xEventGroupGetBitsFromISR            
00013ae9  xEventGroupSetBits                   
00013bd7  vEventGroupDelete                    
00013c35  vEventGroupSetBitsCallback           
00013c45  vEventGroupClearBitsCallback         
00013c8b  xEventGroupSetBitsFromISR            
00013cab  uxEventGroupGetNumber                
00013ccb  vEventGroupSetNumber                 
00013ce9  __error__                            
00013cf3  vApplicationStackOverflowHook        
00013cfd  vApplicationTickHook                 
00013d1d  vApplicationIdleHook                 
00013d25  vApplicationMallocFailedHook         
00013fe9  main                                 
0001422b  IntMasterEnable                      
0001423b  IntMasterDisable                     
0001424b  IntRegister                          
000142c1  IntUnregister                        
000142e1  IntPriorityGroupingSet               
00014307  IntPriorityGroupingGet               
0001433f  IntPrioritySet                       
000143a1  IntPriorityGet                       
000143d7  IntEnable                            
00014455  IntDisable                           
000144dd  IntIsEnabled                         
00014591  IntPendSet                           
00014601  IntPendClear                         
0001465b  IntPriorityMaskSet                   
00014667  IntPriorityMaskGet                   
0001466f  IntTrigger                           
00014703  USBRingBufFull                       
00014745  USBRingBufEmpty                      
00014777  USBRingBufFlush                      
000147a3  USBRingBufUsed                       
000147dd  USBRingBufFree                       
00014801  USBRingBufContigUsed                 
00014839  USBRingBufContigFree                 
0001487f  USBRingBufSize                       
00014897  USBRingBufReadOne                    
000148dd  USBRingBufRead                       
00014953  USBRingBufAdvanceRead                
000149a9  USBRingBufAdvanceWrite               
00014a39  USBRingBufWriteOne                   
00014a7f  USBRingBufWrite                      
00014af5  USBRingBufInit                       
00014b45  pvPortMalloc                         
00014c93  vPortFree                            
00014d23  xPortGetFreeHeapSize                 
00014d29  xPortGetMinimumEverFreeHeapSize      
00014d2f  vPortInitialiseBlocks                
00014d31  pvPortCalloc                         
00014ef5  vPortGetHeapStats                    
0001516b  initCommandLine                      
000154e3  USBDeviceConfig                      
0001570f  USBDeviceConfigAlternate             
0001581d  USBControlHandler                    
000158ab  USBTxHandler                         
0001591b  USBRxHandler                         
0001597d  USBSerialInit                        
00015a29  USBSerialGetChar                     
00015a41  USBSerialPutChar                     
00015a95  USBSerialRead                        
00015ad9  USBSerialWrite                       
00015d3f  destuff_and_check_checksum           
00015d93  create_frame                         
00015e17  decode_message_type                  
00015e25  check_and_extract_message_param      
00015e51  get_message_param_pointer            
00015e7f  receive_frame                        
00015f05  send_frame                           
00016007  USBDCDConfigDescGetSize              
0001603f  USBDCDConfigDescGetNum               
0001608d  USBDCDConfigDescGet                  
0001611b  USBDCDConfigGetNumAlternateInterfaces
0001616f  USBDCDConfigGetInterface             
000161a5  USBDCDConfigGetInterfaceEndpoint     
00016213  __aeabi_idiv0                        
00016213  __aeabi_ldiv0                        
00016215  pxPortInitialiseStack                
0001629b  xPortStartScheduler                  
0001634d  vPortEndScheduler                    
0001636d  vPortEnterCritical                   
000163ab  vPortExitCritical                    
000163d3  xPortSysTickHandler                  
000163f9  vPortSetupTimerInterrupt             
00016425  vPortValidateInterruptPriority       
00016755  USBDescGetNum                        
000167b1  USBDescGet                           
0001681b  USBDescGetNumAlternateInterfaces     
000168d5  USBDescGetInterface                  
00016903  USBDescGetInterfaceEndpoint          
00016af9  __aeabi_dsub                         
00016b03  __aeabi_dadd                         
00016ded  __aeabi_ddiv                         
00016f23  vListInitialise                      
00016f53  vListInitialiseItem                  
00016f63  vListInsertEnd                       
00016f9f  vListInsert                          
00017005  uxListRemove                         
0001704d  CPUUsageTick                         
0001708b  CPUUsageInit                         
00017295  ldexp                                
00017295  ldexpl                               
00017295  scalbn                               
00017295  scalbnl                              
000173a5  __aeabi_dmul                         
000174a1  InternalUSBTickInit                  
000174df  InternalUSBTickReset                 
000174e7  InternalUSBRegisterTickHandler       
00017537  InternalUSBStartOfFrameTick          
0001759d  ulPortGetIPSR                        
000175b5  xPortPendSVHandler                   
00017615  vPortSVCHandler                      
00017635  vPortStartFirstTask                  
00017659  vPortEnableVFP                       
00017667  ULPIConfigSet                        
00017709  ULPIPowerTransceiver                 
000177e5  CmdLineProcess                       
00017891  __aeabi_memcpy                       
00017891  __aeabi_memcpy4                      
00017891  __aeabi_memcpy8                      
00017891  memcpy                               
0001792d  __aeabi_uldivmod                     
000179c3  __aeabi_cdcmpeq                      
000179c3  __aeabi_cdcmple                      
00017a49  __aeabi_cdrcmple                     
00017acf  __aeabi_memclr                       
00017acf  __aeabi_memclr4                      
00017acf  __aeabi_memclr8                      
00017ad1  __aeabi_memset                       
00017ad1  __aeabi_memset4                      
00017ad1  __aeabi_memset8                      
00017ad7  memset                               
00017bb9  create_checksum                      
00017c21  vConfigureTimerForRunTimeStats       
00017c89  __TI_decompress_lzss                 
00017cf1  frexp                                
00017cf1  frexpl                               
00017dab  __TI_ltoa                            
00017e51  atoi                                 
00017e9d  __aeabi_d2iz                         
00017ee5  __TI_auto_init_nobinit_nopinit       
00017f29  __aeabi_uidiv                        
00017f29  __aeabi_uidivmod                     
00017f69  sprintf                              
00017fe7  CPUcpsid                             
00017ff3  CPUprimask                           
00017ffd  CPUcpsie                             
00018009  CPUwfi                               
0001800d  CPUbasepriSet                        
0001801b  CPUbasepriGet                        
00018025  _c_int00_noargs                      
00018059  rand                                 
0001808d  __aeabi_i2d                          
000180bd  GetOverflowCounts                    
000180e1  USB0DeviceIntHandler                 
00018105  memccpy                              
00018121  copysign                             
00018121  copysignl                            
00018153  strcmp                               
0001816b  strchr                               
00018181  strcpy                               
00018195  strlen                               
000181a9  wcslen                               
000181bb  __TI_decompress_none                 
000181c9  __TI_zero_init                       
000181d5  ResetISR                             
000181ed  __aeabi_errno_addr                   
000181f5  SysCtlDelay                          
000181fb  _system_pre_init                     
000181ff  C$$EXIT                              
000181ff  abort                                
000185b4  _ctypes_                             
00018bfc  g_pui8ConfigString                   
00018c68  g_sCDCHandlers                       
00018cc8  g_pui8ControlInterfaceString         
00018cf4  g_pui8ManufacturerString             
00018d18  g_pui8CDCSerCommInterface            
00018d3b  g_pui8ProductString                  
00018d80  g_ppui8StringDescriptors             
00018d98  g_pui8CDCSerDataInterface            
00018daf  g_pui8CDCSerDataInterfaceHS          
00018e18  g_pui8SerialNumberString             
00018e6c  g_sCDCCompSerConfigHeader            
00018e74  g_sCDCCompSerConfigHeaderHS          
00018e7c  g_sCDCSerCommInterfaceSection        
00018e84  g_sCDCSerConfigHeader                
00018e8c  g_sCDCSerConfigHeaderHS              
00018e94  g_sCDCSerConfigSection               
00018e9c  g_sCDCSerDataInterfaceSection        
00018ea4  g_sCDCSerDataInterfaceSectionHS      
00018eac  g_sIADSerConfigSection               
00018eb4  ulMaxSyscallInterruptPriority        
00018ebc  g_pui8LangDescriptor                 
00018ec0  g_pCDCCompSerConfigDescriptors       
00018ec4  g_pCDCCompSerConfigDescriptorsHS     
00018ec8  g_ppCDCSerConfigDescriptors          
00018ecc  g_ppCDCSerConfigDescriptorsHS        
00018ed0  uxTopUsedPriority                    
0001901c  __TI_Handler_Table_Base              
00019028  __TI_Handler_Table_Limit             
00019038  __TI_CINIT_Base                      
00019050  __TI_CINIT_Limit                     
20000000  __start___llvm_prf_cnts              
20000000  __stop___llvm_prf_cnts               
20000000  g_pfnRAMVectors                      
20005d88  g_pui8USBRxBuffer                    
20005e88  g_pui8USBTxBuffer                    
20006024  g_psDCDInst                          
20006074  xQueueRegistry                       
20006178  g_pfnTickHandlers                    
20006190  g_pvTickInstance                     
20006290  cola_freertos                        
20006294  flagseventos                         
20006298  g_ppsDevInfo                         
2000629c  g_ui32CPUUsage                       
200062a0  g_ui32PollRate                       
200062a4  g_ui32SystemClock                    
200062a8  mutexUART                            
200062ac  mutexUSB                             
200062b0  semaforo_freertos1                   
200062b4  g_eOTGModeState                      
200062b8  g_sCDCDevice                         
20006318  g_psCmdTable                         
2000636c  pxCurrentTCB                         
200063a8  g_sRxBuffer                          
200063e0  g_sTxBuffer                          
20006488  g_pui8CDCSerDeviceDescriptor         
2000649c  g_psCDCCompSerSections               
200064ac  g_psCDCCompSerSectionsHS             
200064bc  g_ulUARTTxCount                      
200064c0  g_ulUARTRxCount                      
200064c4  g_ulUARTRxErrors                     
200064cc  g_psCDCSerSections                   
200064d8  g_psCDCSerSectionsHS                 
20006508  g_bUSBTimerInitialized               
2000650c  g_ui32CurrentUSBTick                 
20006510  g_ui32USBSOFCount                    
20006514  g_pui8CDCSerDescriptor               
20006520  g_iUSBMode                           
20006524  g_ui32WaitTicks                      
2000652c  _lock                                
20006530  _unlock                              
20006534  g_pui8IADSerDescriptor               
20006544  params1                              
2000654c  params2                              
20006564  errno                                
20006570  __stack                              
20006770  __STACK_END                          
20006770  __STACK_TOP                          
ffffffff  __TI_pprof_out_hndl                  
ffffffff  __TI_prof_data_size                  
ffffffff  __TI_prof_data_start                 
ffffffff  __binit__                            
ffffffff  __c_args__                           
ffffffff  binit                                
UNDEFED   __mpu_init                           
UNDEFED   _system_post_cinit                   

[774 symbols]
